
> Task :compileJava FAILED
.\gradlew : C:\Users\Tidec\Desktop\Tequila-v4-2026-rebuilt\src\main\java\frc\robot\commands\auto\AutoRoutines.java:10: 
error: unmappable character (0x90) for encoding windows-1252
En línea: 1 Carácter: 1
+ .\gradlew build > build_errors.txt 2>&1
+ ~~~~~~~~~~~~~~~~~~~~~~~~~~~~~~~~~~~~~~~
    + CategoryInfo          : NotSpecified: (C:\Users\Tidec\...ng windows-1252:String) [], RemoteException
    + FullyQualifiedErrorId : NativeCommandError
 
// Ôò?Ôò?Ôò?Ôò?Ôò?Ôò?Ôò?Ôò?Ôò?Ôò?Ôò?Ôò?Ôò?Ôò?Ôò?Ôò?Ôò?Ôò?Ôò?Ôò?Ôò?Ôò?Ôò?Ôò?Ôò?Ôò?Ôò?Ôò?Ôò?Ôò?Ôò?Ôò?Ôò?Ôò?Ôò?Ôò?Ôò?Ôò?Ôò
?Ôò?Ôò?Ôò?Ôò?Ôò?Ôò?Ôò?Ôò?Ôò?Ôò?Ôò?Ôò?Ôò?Ôò?Ôò?Ôò?Ôò?Ôò?Ôò?Ôò?Ôò?Ôò?Ôò?Ôò?Ôò?Ôò?Ôò?Ôò?Ôò?Ôò?Ôò?Ôò?Ôò?Ôò?Ôò?Ôò?
     ^
C:\Users\Tidec\Desktop\Tequila-v4-2026-rebuilt\src\main\java\frc\robot\commands\auto\AutoRoutines.java:10: error: 
unmappable character (0x90) for encoding windows-1252
// Ôò?Ôò?Ôò?Ôò?Ôò?Ôò?Ôò?Ôò?Ôò?Ôò?Ôò?Ôò?Ôò?Ôò?Ôò?Ôò?Ôò?Ôò?Ôò?Ôò?Ôò?Ôò?Ôò?Ôò?Ôò?Ôò?Ôò?Ôò?Ôò?Ôò?Ôò?Ôò?Ôò?Ôò?Ôò?Ôò?Ôò?Ôò?Ôò
?Ôò?Ôò?Ôò?Ôò?Ôò?Ôò?Ôò?Ôò?Ôò?Ôò?Ôò?Ôò?Ôò?Ôò?Ôò?Ôò?Ôò?Ôò?Ôò?Ôò?Ôò?Ôò?Ôò?Ôò?Ôò?Ôò?Ôò?Ôò?Ôò?Ôò?Ôò?Ôò?Ôò?Ôò?Ôò?Ôò?
        ^
C:\Users\Tidec\Desktop\Tequila-v4-2026-rebuilt\src\main\java\frc\robot\commands\auto\AutoRoutines.java:10: error: 
unmappable character (0x90) for encoding windows-1252
// Ôò?Ôò?Ôò?Ôò?Ôò?Ôò?Ôò?Ôò?Ôò?Ôò?Ôò?Ôò?Ôò?Ôò?Ôò?Ôò?Ôò?Ôò?Ôò?Ôò?Ôò?Ôò?Ôò?Ôò?Ôò?Ôò?Ôò?Ôò?Ôò?Ôò?Ôò?Ôò?Ôò?Ôò?Ôò?Ôò?Ôò?Ôò?Ôò
?Ôò?Ôò?Ôò?Ôò?Ôò?Ôò?Ôò?Ôò?Ôò?Ôò?Ôò?Ôò?Ôò?Ôò?Ôò?Ôò?Ôò?Ôò?Ôò?Ôò?Ôò?Ôò?Ôò?Ôò?Ôò?Ôò?Ôò?Ôò?Ôò?Ôò?Ôò?Ôò?Ôò?Ôò?Ôò?Ôò?
           ^
C:\Users\Tidec\Desktop\Tequila-v4-2026-rebuilt\src\main\java\frc\robot\commands\auto\AutoRoutines.java:10: error: 
unmappable character (0x90) for encoding windows-1252
// Ôò?Ôò?Ôò?Ôò?Ôò?Ôò?Ôò?Ôò?Ôò?Ôò?Ôò?Ôò?Ôò?Ôò?Ôò?Ôò?Ôò?Ôò?Ôò?Ôò?Ôò?Ôò?Ôò?Ôò?Ôò?Ôò?Ôò?Ôò?Ôò?Ôò?Ôò?Ôò?Ôò?Ôò?Ôò?Ôò?Ôò?Ôò?Ôò
?Ôò?Ôò?Ôò?Ôò?Ôò?Ôò?Ôò?Ôò?Ôò?Ôò?Ôò?Ôò?Ôò?Ôò?Ôò?Ôò?Ôò?Ôò?Ôò?Ôò?Ôò?Ôò?Ôò?Ôò?Ôò?Ôò?Ôò?Ôò?Ôò?Ôò?Ôò?Ôò?Ôò?Ôò?Ôò?Ôò?
              ^
C:\Users\Tidec\Desktop\Tequila-v4-2026-rebuilt\src\main\java\frc\robot\commands\auto\AutoRoutines.java:10: error: 
unmappable character (0x90) for encoding windows-1252
// Ôò?Ôò?Ôò?Ôò?Ôò?Ôò?Ôò?Ôò?Ôò?Ôò?Ôò?Ôò?Ôò?Ôò?Ôò?Ôò?Ôò?Ôò?Ôò?Ôò?Ôò?Ôò?Ôò?Ôò?Ôò?Ôò?Ôò?Ôò?Ôò?Ôò?Ôò?Ôò?Ôò?Ôò?Ôò?Ôò?Ôò?Ôò?Ôò
?Ôò?Ôò?Ôò?Ôò?Ôò?Ôò?Ôò?Ôò?Ôò?Ôò?Ôò?Ôò?Ôò?Ôò?Ôò?Ôò?Ôò?Ôò?Ôò?Ôò?Ôò?Ôò?Ôò?Ôò?Ôò?Ôò?Ôò?Ôò?Ôò?Ôò?Ôò?Ôò?Ôò?Ôò?Ôò?Ôò?
                 ^
C:\Users\Tidec\Desktop\Tequila-v4-2026-rebuilt\src\main\java\frc\robot\commands\auto\AutoRoutines.java:10: error: 
unmappable character (0x90) for encoding windows-1252
// Ôò?Ôò?Ôò?Ôò?Ôò?Ôò?Ôò?Ôò?Ôò?Ôò?Ôò?Ôò?Ôò?Ôò?Ôò?Ôò?Ôò?Ôò?Ôò?Ôò?Ôò?Ôò?Ôò?Ôò?Ôò?Ôò?Ôò?Ôò?Ôò?Ôò?Ôò?Ôò?Ôò?Ôò?Ôò?Ôò?Ôò?Ôò?Ôò
?Ôò?Ôò?Ôò?Ôò?Ôò?Ôò?Ôò?Ôò?Ôò?Ôò?Ôò?Ôò?Ôò?Ôò?Ôò?Ôò?Ôò?Ôò?Ôò?Ôò?Ôò?Ôò?Ôò?Ôò?Ôò?Ôò?Ôò?Ôò?Ôò?Ôò?Ôò?Ôò?Ôò?Ôò?Ôò?Ôò?
                    ^
C:\Users\Tidec\Desktop\Tequila-v4-2026-rebuilt\src\main\java\frc\robot\commands\auto\AutoRoutines.java:10: error: 
unmappable character (0x90) for encoding windows-1252
// Ôò?Ôò?Ôò?Ôò?Ôò?Ôò?Ôò?Ôò?Ôò?Ôò?Ôò?Ôò?Ôò?Ôò?Ôò?Ôò?Ôò?Ôò?Ôò?Ôò?Ôò?Ôò?Ôò?Ôò?Ôò?Ôò?Ôò?Ôò?Ôò?Ôò?Ôò?Ôò?Ôò?Ôò?Ôò?Ôò?Ôò?Ôò?Ôò
?Ôò?Ôò?Ôò?Ôò?Ôò?Ôò?Ôò?Ôò?Ôò?Ôò?Ôò?Ôò?Ôò?Ôò?Ôò?Ôò?Ôò?Ôò?Ôò?Ôò?Ôò?Ôò?Ôò?Ôò?Ôò?Ôò?Ôò?Ôò?Ôò?Ôò?Ôò?Ôò?Ôò?Ôò?Ôò?Ôò?
                       ^
C:\Users\Tidec\Desktop\Tequila-v4-2026-rebuilt\src\main\java\frc\robot\commands\auto\AutoRoutines.java:10: error: 
unmappable character (0x90) for encoding windows-1252
// Ôò?Ôò?Ôò?Ôò?Ôò?Ôò?Ôò?Ôò?Ôò?Ôò?Ôò?Ôò?Ôò?Ôò?Ôò?Ôò?Ôò?Ôò?Ôò?Ôò?Ôò?Ôò?Ôò?Ôò?Ôò?Ôò?Ôò?Ôò?Ôò?Ôò?Ôò?Ôò?Ôò?Ôò?Ôò?Ôò?Ôò?Ôò?Ôò
?Ôò?Ôò?Ôò?Ôò?Ôò?Ôò?Ôò?Ôò?Ôò?Ôò?Ôò?Ôò?Ôò?Ôò?Ôò?Ôò?Ôò?Ôò?Ôò?Ôò?Ôò?Ôò?Ôò?Ôò?Ôò?Ôò?Ôò?Ôò?Ôò?Ôò?Ôò?Ôò?Ôò?Ôò?Ôò?Ôò?
                          ^
C:\Users\Tidec\Desktop\Tequila-v4-2026-rebuilt\src\main\java\frc\robot\commands\auto\AutoRoutines.java:10: error: 
unmappable character (0x90) for encoding windows-1252
// Ôò?Ôò?Ôò?Ôò?Ôò?Ôò?Ôò?Ôò?Ôò?Ôò?Ôò?Ôò?Ôò?Ôò?Ôò?Ôò?Ôò?Ôò?Ôò?Ôò?Ôò?Ôò?Ôò?Ôò?Ôò?Ôò?Ôò?Ôò?Ôò?Ôò?Ôò?Ôò?Ôò?Ôò?Ôò?Ôò?Ôò?Ôò?Ôò
?Ôò?Ôò?Ôò?Ôò?Ôò?Ôò?Ôò?Ôò?Ôò?Ôò?Ôò?Ôò?Ôò?Ôò?Ôò?Ôò?Ôò?Ôò?Ôò?Ôò?Ôò?Ôò?Ôò?Ôò?Ôò?Ôò?Ôò?Ôò?Ôò?Ôò?Ôò?Ôò?Ôò?Ôò?Ôò?Ôò?
                             ^
C:\Users\Tidec\Desktop\Tequila-v4-2026-rebuilt\src\main\java\frc\robot\commands\auto\AutoRoutines.java:10: error: 
unmappable character (0x90) for encoding windows-1252
// Ôò?Ôò?Ôò?Ôò?Ôò?Ôò?Ôò?Ôò?Ôò?Ôò?Ôò?Ôò?Ôò?Ôò?Ôò?Ôò?Ôò?Ôò?Ôò?Ôò?Ôò?Ôò?Ôò?Ôò?Ôò?Ôò?Ôò?Ôò?Ôò?Ôò?Ôò?Ôò?Ôò?Ôò?Ôò?Ôò?Ôò?Ôò?Ôò
?Ôò?Ôò?Ôò?Ôò?Ôò?Ôò?Ôò?Ôò?Ôò?Ôò?Ôò?Ôò?Ôò?Ôò?Ôò?Ôò?Ôò?Ôò?Ôò?Ôò?Ôò?Ôò?Ôò?Ôò?Ôò?Ôò?Ôò?Ôò?Ôò?Ôò?Ôò?Ôò?Ôò?Ôò?Ôò?Ôò?
                                ^
C:\Users\Tidec\Desktop\Tequila-v4-2026-rebuilt\src\main\java\frc\robot\commands\auto\AutoRoutines.java:10: error: 
unmappable character (0x90) for encoding windows-1252
// Ôò?Ôò?Ôò?Ôò?Ôò?Ôò?Ôò?Ôò?Ôò?Ôò?Ôò?Ôò?Ôò?Ôò?Ôò?Ôò?Ôò?Ôò?Ôò?Ôò?Ôò?Ôò?Ôò?Ôò?Ôò?Ôò?Ôò?Ôò?Ôò?Ôò?Ôò?Ôò?Ôò?Ôò?Ôò?Ôò?Ôò?Ôò?Ôò
?Ôò?Ôò?Ôò?Ôò?Ôò?Ôò?Ôò?Ôò?Ôò?Ôò?Ôò?Ôò?Ôò?Ôò?Ôò?Ôò?Ôò?Ôò?Ôò?Ôò?Ôò?Ôò?Ôò?Ôò?Ôò?Ôò?Ôò?Ôò?Ôò?Ôò?Ôò?Ôò?Ôò?Ôò?Ôò?Ôò?
                                   ^
C:\Users\Tidec\Desktop\Tequila-v4-2026-rebuilt\src\main\java\frc\robot\commands\auto\AutoRoutines.java:10: error: 
unmappable character (0x90) for encoding windows-1252
// Ôò?Ôò?Ôò?Ôò?Ôò?Ôò?Ôò?Ôò?Ôò?Ôò?Ôò?Ôò?Ôò?Ôò?Ôò?Ôò?Ôò?Ôò?Ôò?Ôò?Ôò?Ôò?Ôò?Ôò?Ôò?Ôò?Ôò?Ôò?Ôò?Ôò?Ôò?Ôò?Ôò?Ôò?Ôò?Ôò?Ôò?Ôò?Ôò
?Ôò?Ôò?Ôò?Ôò?Ôò?Ôò?Ôò?Ôò?Ôò?Ôò?Ôò?Ôò?Ôò?Ôò?Ôò?Ôò?Ôò?Ôò?Ôò?Ôò?Ôò?Ôò?Ôò?Ôò?Ôò?Ôò?Ôò?Ôò?Ôò?Ôò?Ôò?Ôò?Ôò?Ôò?Ôò?Ôò?
                                      ^
C:\Users\Tidec\Desktop\Tequila-v4-2026-rebuilt\src\main\java\frc\robot\commands\auto\AutoRoutines.java:10: error: 
unmappable character (0x90) for encoding windows-1252
// Ôò?Ôò?Ôò?Ôò?Ôò?Ôò?Ôò?Ôò?Ôò?Ôò?Ôò?Ôò?Ôò?Ôò?Ôò?Ôò?Ôò?Ôò?Ôò?Ôò?Ôò?Ôò?Ôò?Ôò?Ôò?Ôò?Ôò?Ôò?Ôò?Ôò?Ôò?Ôò?Ôò?Ôò?Ôò?Ôò?Ôò?Ôò?Ôò
?Ôò?Ôò?Ôò?Ôò?Ôò?Ôò?Ôò?Ôò?Ôò?Ôò?Ôò?Ôò?Ôò?Ôò?Ôò?Ôò?Ôò?Ôò?Ôò?Ôò?Ôò?Ôò?Ôò?Ôò?Ôò?Ôò?Ôò?Ôò?Ôò?Ôò?Ôò?Ôò?Ôò?Ôò?Ôò?Ôò?
                                         ^
C:\Users\Tidec\Desktop\Tequila-v4-2026-rebuilt\src\main\java\frc\robot\commands\auto\AutoRoutines.java:10: error: 
unmappable character (0x90) for encoding windows-1252
// Ôò?Ôò?Ôò?Ôò?Ôò?Ôò?Ôò?Ôò?Ôò?Ôò?Ôò?Ôò?Ôò?Ôò?Ôò?Ôò?Ôò?Ôò?Ôò?Ôò?Ôò?Ôò?Ôò?Ôò?Ôò?Ôò?Ôò?Ôò?Ôò?Ôò?Ôò?Ôò?Ôò?Ôò?Ôò?Ôò?Ôò?Ôò?Ôò
?Ôò?Ôò?Ôò?Ôò?Ôò?Ôò?Ôò?Ôò?Ôò?Ôò?Ôò?Ôò?Ôò?Ôò?Ôò?Ôò?Ôò?Ôò?Ôò?Ôò?Ôò?Ôò?Ôò?Ôò?Ôò?Ôò?Ôò?Ôò?Ôò?Ôò?Ôò?Ôò?Ôò?Ôò?Ôò?Ôò?
                                            ^
C:\Users\Tidec\Desktop\Tequila-v4-2026-rebuilt\src\main\java\frc\robot\commands\auto\AutoRoutines.java:10: error: 
unmappable character (0x90) for encoding windows-1252
// Ôò?Ôò?Ôò?Ôò?Ôò?Ôò?Ôò?Ôò?Ôò?Ôò?Ôò?Ôò?Ôò?Ôò?Ôò?Ôò?Ôò?Ôò?Ôò?Ôò?Ôò?Ôò?Ôò?Ôò?Ôò?Ôò?Ôò?Ôò?Ôò?Ôò?Ôò?Ôò?Ôò?Ôò?Ôò?Ôò?Ôò?Ôò?Ôò
?Ôò?Ôò?Ôò?Ôò?Ôò?Ôò?Ôò?Ôò?Ôò?Ôò?Ôò?Ôò?Ôò?Ôò?Ôò?Ôò?Ôò?Ôò?Ôò?Ôò?Ôò?Ôò?Ôò?Ôò?Ôò?Ôò?Ôò?Ôò?Ôò?Ôò?Ôò?Ôò?Ôò?Ôò?Ôò?Ôò?
                                               ^
C:\Users\Tidec\Desktop\Tequila-v4-2026-rebuilt\src\main\java\frc\robot\commands\auto\AutoRoutines.java:10: error: 
unmappable character (0x90) for encoding windows-1252
// Ôò?Ôò?Ôò?Ôò?Ôò?Ôò?Ôò?Ôò?Ôò?Ôò?Ôò?Ôò?Ôò?Ôò?Ôò?Ôò?Ôò?Ôò?Ôò?Ôò?Ôò?Ôò?Ôò?Ôò?Ôò?Ôò?Ôò?Ôò?Ôò?Ôò?Ôò?Ôò?Ôò?Ôò?Ôò?Ôò?Ôò?Ôò?Ôò
?Ôò?Ôò?Ôò?Ôò?Ôò?Ôò?Ôò?Ôò?Ôò?Ôò?Ôò?Ôò?Ôò?Ôò?Ôò?Ôò?Ôò?Ôò?Ôò?Ôò?Ôò?Ôò?Ôò?Ôò?Ôò?Ôò?Ôò?Ôò?Ôò?Ôò?Ôò?Ôò?Ôò?Ôò?Ôò?Ôò?
                                                  ^
C:\Users\Tidec\Desktop\Tequila-v4-2026-rebuilt\src\main\java\frc\robot\commands\auto\AutoRoutines.java:10: error: 
unmappable character (0x90) for encoding windows-1252
// Ôò?Ôò?Ôò?Ôò?Ôò?Ôò?Ôò?Ôò?Ôò?Ôò?Ôò?Ôò?Ôò?Ôò?Ôò?Ôò?Ôò?Ôò?Ôò?Ôò?Ôò?Ôò?Ôò?Ôò?Ôò?Ôò?Ôò?Ôò?Ôò?Ôò?Ôò?Ôò?Ôò?Ôò?Ôò?Ôò?Ôò?Ôò?Ôò
?Ôò?Ôò?Ôò?Ôò?Ôò?Ôò?Ôò?Ôò?Ôò?Ôò?Ôò?Ôò?Ôò?Ôò?Ôò?Ôò?Ôò?Ôò?Ôò?Ôò?Ôò?Ôò?Ôò?Ôò?Ôò?Ôò?Ôò?Ôò?Ôò?Ôò?Ôò?Ôò?Ôò?Ôò?Ôò?Ôò?
                                                     ^
C:\Users\Tidec\Desktop\Tequila-v4-2026-rebuilt\src\main\java\frc\robot\commands\auto\AutoRoutines.java:10: error: 
unmappable character (0x90) for encoding windows-1252
// Ôò?Ôò?Ôò?Ôò?Ôò?Ôò?Ôò?Ôò?Ôò?Ôò?Ôò?Ôò?Ôò?Ôò?Ôò?Ôò?Ôò?Ôò?Ôò?Ôò?Ôò?Ôò?Ôò?Ôò?Ôò?Ôò?Ôò?Ôò?Ôò?Ôò?Ôò?Ôò?Ôò?Ôò?Ôò?Ôò?Ôò?Ôò?Ôò
?Ôò?Ôò?Ôò?Ôò?Ôò?Ôò?Ôò?Ôò?Ôò?Ôò?Ôò?Ôò?Ôò?Ôò?Ôò?Ôò?Ôò?Ôò?Ôò?Ôò?Ôò?Ôò?Ôò?Ôò?Ôò?Ôò?Ôò?Ôò?Ôò?Ôò?Ôò?Ôò?Ôò?Ôò?Ôò?Ôò?
                                                        ^
C:\Users\Tidec\Desktop\Tequila-v4-2026-rebuilt\src\main\java\frc\robot\commands\auto\AutoRoutines.java:10: error: 
unmappable character (0x90) for encoding windows-1252
// Ôò?Ôò?Ôò?Ôò?Ôò?Ôò?Ôò?Ôò?Ôò?Ôò?Ôò?Ôò?Ôò?Ôò?Ôò?Ôò?Ôò?Ôò?Ôò?Ôò?Ôò?Ôò?Ôò?Ôò?Ôò?Ôò?Ôò?Ôò?Ôò?Ôò?Ôò?Ôò?Ôò?Ôò?Ôò?Ôò?Ôò?Ôò?Ôò
?Ôò?Ôò?Ôò?Ôò?Ôò?Ôò?Ôò?Ôò?Ôò?Ôò?Ôò?Ôò?Ôò?Ôò?Ôò?Ôò?Ôò?Ôò?Ôò?Ôò?Ôò?Ôò?Ôò?Ôò?Ôò?Ôò?Ôò?Ôò?Ôò?Ôò?Ôò?Ôò?Ôò?Ôò?Ôò?Ôò?
                                                           ^
C:\Users\Tidec\Desktop\Tequila-v4-2026-rebuilt\src\main\java\frc\robot\commands\auto\AutoRoutines.java:10: error: 
unmappable character (0x90) for encoding windows-1252
// Ôò?Ôò?Ôò?Ôò?Ôò?Ôò?Ôò?Ôò?Ôò?Ôò?Ôò?Ôò?Ôò?Ôò?Ôò?Ôò?Ôò?Ôò?Ôò?Ôò?Ôò?Ôò?Ôò?Ôò?Ôò?Ôò?Ôò?Ôò?Ôò?Ôò?Ôò?Ôò?Ôò?Ôò?Ôò?Ôò?Ôò?Ôò?Ôò
?Ôò?Ôò?Ôò?Ôò?Ôò?Ôò?Ôò?Ôò?Ôò?Ôò?Ôò?Ôò?Ôò?Ôò?Ôò?Ôò?Ôò?Ôò?Ôò?Ôò?Ôò?Ôò?Ôò?Ôò?Ôò?Ôò?Ôò?Ôò?Ôò?Ôò?Ôò?Ôò?Ôò?Ôò?Ôò?Ôò?
                                                              ^
C:\Users\Tidec\Desktop\Tequila-v4-2026-rebuilt\src\main\java\frc\robot\commands\auto\AutoRoutines.java:10: error: 
unmappable character (0x90) for encoding windows-1252
// Ôò?Ôò?Ôò?Ôò?Ôò?Ôò?Ôò?Ôò?Ôò?Ôò?Ôò?Ôò?Ôò?Ôò?Ôò?Ôò?Ôò?Ôò?Ôò?Ôò?Ôò?Ôò?Ôò?Ôò?Ôò?Ôò?Ôò?Ôò?Ôò?Ôò?Ôò?Ôò?Ôò?Ôò?Ôò?Ôò?Ôò?Ôò?Ôò
?Ôò?Ôò?Ôò?Ôò?Ôò?Ôò?Ôò?Ôò?Ôò?Ôò?Ôò?Ôò?Ôò?Ôò?Ôò?Ôò?Ôò?Ôò?Ôò?Ôò?Ôò?Ôò?Ôò?Ôò?Ôò?Ôò?Ôò?Ôò?Ôò?Ôò?Ôò?Ôò?Ôò?Ôò?Ôò?Ôò?
                                                                 ^
C:\Users\Tidec\Desktop\Tequila-v4-2026-rebuilt\src\main\java\frc\robot\commands\auto\AutoRoutines.java:10: error: 
unmappable character (0x90) for encoding windows-1252
// Ôò?Ôò?Ôò?Ôò?Ôò?Ôò?Ôò?Ôò?Ôò?Ôò?Ôò?Ôò?Ôò?Ôò?Ôò?Ôò?Ôò?Ôò?Ôò?Ôò?Ôò?Ôò?Ôò?Ôò?Ôò?Ôò?Ôò?Ôò?Ôò?Ôò?Ôò?Ôò?Ôò?Ôò?Ôò?Ôò?Ôò?Ôò?Ôò
?Ôò?Ôò?Ôò?Ôò?Ôò?Ôò?Ôò?Ôò?Ôò?Ôò?Ôò?Ôò?Ôò?Ôò?Ôò?Ôò?Ôò?Ôò?Ôò?Ôò?Ôò?Ôò?Ôò?Ôò?Ôò?Ôò?Ôò?Ôò?Ôò?Ôò?Ôò?Ôò?Ôò?Ôò?Ôò?Ôò?
                                                                    ^
C:\Users\Tidec\Desktop\Tequila-v4-2026-rebuilt\src\main\java\frc\robot\commands\auto\AutoRoutines.java:10: error: 
unmappable character (0x90) for encoding windows-1252
// Ôò?Ôò?Ôò?Ôò?Ôò?Ôò?Ôò?Ôò?Ôò?Ôò?Ôò?Ôò?Ôò?Ôò?Ôò?Ôò?Ôò?Ôò?Ôò?Ôò?Ôò?Ôò?Ôò?Ôò?Ôò?Ôò?Ôò?Ôò?Ôò?Ôò?Ôò?Ôò?Ôò?Ôò?Ôò?Ôò?Ôò?Ôò?Ôò
?Ôò?Ôò?Ôò?Ôò?Ôò?Ôò?Ôò?Ôò?Ôò?Ôò?Ôò?Ôò?Ôò?Ôò?Ôò?Ôò?Ôò?Ôò?Ôò?Ôò?Ôò?Ôò?Ôò?Ôò?Ôò?Ôò?Ôò?Ôò?Ôò?Ôò?Ôò?Ôò?Ôò?Ôò?Ôò?Ôò?
                                                                       ^
C:\Users\Tidec\Desktop\Tequila-v4-2026-rebuilt\src\main\java\frc\robot\commands\auto\AutoRoutines.java:10: error: 
unmappable character (0x90) for encoding windows-1252
// Ôò?Ôò?Ôò?Ôò?Ôò?Ôò?Ôò?Ôò?Ôò?Ôò?Ôò?Ôò?Ôò?Ôò?Ôò?Ôò?Ôò?Ôò?Ôò?Ôò?Ôò?Ôò?Ôò?Ôò?Ôò?Ôò?Ôò?Ôò?Ôò?Ôò?Ôò?Ôò?Ôò?Ôò?Ôò?Ôò?Ôò?Ôò?Ôò
?Ôò?Ôò?Ôò?Ôò?Ôò?Ôò?Ôò?Ôò?Ôò?Ôò?Ôò?Ôò?Ôò?Ôò?Ôò?Ôò?Ôò?Ôò?Ôò?Ôò?Ôò?Ôò?Ôò?Ôò?Ôò?Ôò?Ôò?Ôò?Ôò?Ôò?Ôò?Ôò?Ôò?Ôò?Ôò?Ôò?
                                                                          ^
C:\Users\Tidec\Desktop\Tequila-v4-2026-rebuilt\src\main\java\frc\robot\commands\auto\AutoRoutines.java:10: error: 
unmappable character (0x90) for encoding windows-1252
// Ôò?Ôò?Ôò?Ôò?Ôò?Ôò?Ôò?Ôò?Ôò?Ôò?Ôò?Ôò?Ôò?Ôò?Ôò?Ôò?Ôò?Ôò?Ôò?Ôò?Ôò?Ôò?Ôò?Ôò?Ôò?Ôò?Ôò?Ôò?Ôò?Ôò?Ôò?Ôò?Ôò?Ôò?Ôò?Ôò?Ôò?Ôò?Ôò
?Ôò?Ôò?Ôò?Ôò?Ôò?Ôò?Ôò?Ôò?Ôò?Ôò?Ôò?Ôò?Ôò?Ôò?Ôò?Ôò?Ôò?Ôò?Ôò?Ôò?Ôò?Ôò?Ôò?Ôò?Ôò?Ôò?Ôò?Ôò?Ôò?Ôò?Ôò?Ôò?Ôò?Ôò?Ôò?Ôò?
                                                                             ^
C:\Users\Tidec\Desktop\Tequila-v4-2026-rebuilt\src\main\java\frc\robot\commands\auto\AutoRoutines.java:10: error: 
unmappable character (0x90) for encoding windows-1252
// Ôò?Ôò?Ôò?Ôò?Ôò?Ôò?Ôò?Ôò?Ôò?Ôò?Ôò?Ôò?Ôò?Ôò?Ôò?Ôò?Ôò?Ôò?Ôò?Ôò?Ôò?Ôò?Ôò?Ôò?Ôò?Ôò?Ôò?Ôò?Ôò?Ôò?Ôò?Ôò?Ôò?Ôò?Ôò?Ôò?Ôò?Ôò?Ôò
?Ôò?Ôò?Ôò?Ôò?Ôò?Ôò?Ôò?Ôò?Ôò?Ôò?Ôò?Ôò?Ôò?Ôò?Ôò?Ôò?Ôò?Ôò?Ôò?Ôò?Ôò?Ôò?Ôò?Ôò?Ôò?Ôò?Ôò?Ôò?Ôò?Ôò?Ôò?Ôò?Ôò?Ôò?Ôò?Ôò?
                                                                                ^
C:\Users\Tidec\Desktop\Tequila-v4-2026-rebuilt\src\main\java\frc\robot\commands\auto\AutoRoutines.java:10: error: 
unmappable character (0x90) for encoding windows-1252
// Ôò?Ôò?Ôò?Ôò?Ôò?Ôò?Ôò?Ôò?Ôò?Ôò?Ôò?Ôò?Ôò?Ôò?Ôò?Ôò?Ôò?Ôò?Ôò?Ôò?Ôò?Ôò?Ôò?Ôò?Ôò?Ôò?Ôò?Ôò?Ôò?Ôò?Ôò?Ôò?Ôò?Ôò?Ôò?Ôò?Ôò?Ôò?Ôò
?Ôò?Ôò?Ôò?Ôò?Ôò?Ôò?Ôò?Ôò?Ôò?Ôò?Ôò?Ôò?Ôò?Ôò?Ôò?Ôò?Ôò?Ôò?Ôò?Ôò?Ôò?Ôò?Ôò?Ôò?Ôò?Ôò?Ôò?Ôò?Ôò?Ôò?Ôò?Ôò?Ôò?Ôò?Ôò?Ôò?
                                                                                   ^
C:\Users\Tidec\Desktop\Tequila-v4-2026-rebuilt\src\main\java\frc\robot\commands\auto\AutoRoutines.java:10: error: 
unmappable character (0x90) for encoding windows-1252
// Ôò?Ôò?Ôò?Ôò?Ôò?Ôò?Ôò?Ôò?Ôò?Ôò?Ôò?Ôò?Ôò?Ôò?Ôò?Ôò?Ôò?Ôò?Ôò?Ôò?Ôò?Ôò?Ôò?Ôò?Ôò?Ôò?Ôò?Ôò?Ôò?Ôò?Ôò?Ôò?Ôò?Ôò?Ôò?Ôò?Ôò?Ôò?Ôò
?Ôò?Ôò?Ôò?Ôò?Ôò?Ôò?Ôò?Ôò?Ôò?Ôò?Ôò?Ôò?Ôò?Ôò?Ôò?Ôò?Ôò?Ôò?Ôò?Ôò?Ôò?Ôò?Ôò?Ôò?Ôò?Ôò?Ôò?Ôò?Ôò?Ôò?Ôò?Ôò?Ôò?Ôò?Ôò?Ôò?
                                                                                      ^
C:\Users\Tidec\Desktop\Tequila-v4-2026-rebuilt\src\main\java\frc\robot\commands\auto\AutoRoutines.java:10: error: 
unmappable character (0x90) for encoding windows-1252
// Ôò?Ôò?Ôò?Ôò?Ôò?Ôò?Ôò?Ôò?Ôò?Ôò?Ôò?Ôò?Ôò?Ôò?Ôò?Ôò?Ôò?Ôò?Ôò?Ôò?Ôò?Ôò?Ôò?Ôò?Ôò?Ôò?Ôò?Ôò?Ôò?Ôò?Ôò?Ôò?Ôò?Ôò?Ôò?Ôò?Ôò?Ôò?Ôò
?Ôò?Ôò?Ôò?Ôò?Ôò?Ôò?Ôò?Ôò?Ôò?Ôò?Ôò?Ôò?Ôò?Ôò?Ôò?Ôò?Ôò?Ôò?Ôò?Ôò?Ôò?Ôò?Ôò?Ôò?Ôò?Ôò?Ôò?Ôò?Ôò?Ôò?Ôò?Ôò?Ôò?Ôò?Ôò?Ôò?
                                                                                         ^
C:\Users\Tidec\Desktop\Tequila-v4-2026-rebuilt\src\main\java\frc\robot\commands\auto\AutoRoutines.java:10: error: 
unmappable character (0x90) for encoding windows-1252
// Ôò?Ôò?Ôò?Ôò?Ôò?Ôò?Ôò?Ôò?Ôò?Ôò?Ôò?Ôò?Ôò?Ôò?Ôò?Ôò?Ôò?Ôò?Ôò?Ôò?Ôò?Ôò?Ôò?Ôò?Ôò?Ôò?Ôò?Ôò?Ôò?Ôò?Ôò?Ôò?Ôò?Ôò?Ôò?Ôò?Ôò?Ôò?Ôò
?Ôò?Ôò?Ôò?Ôò?Ôò?Ôò?Ôò?Ôò?Ôò?Ôò?Ôò?Ôò?Ôò?Ôò?Ôò?Ôò?Ôò?Ôò?Ôò?Ôò?Ôò?Ôò?Ôò?Ôò?Ôò?Ôò?Ôò?Ôò?Ôò?Ôò?Ôò?Ôò?Ôò?Ôò?Ôò?Ôò?
                                                                                            ^
C:\Users\Tidec\Desktop\Tequila-v4-2026-rebuilt\src\main\java\frc\robot\commands\auto\AutoRoutines.java:10: error: 
unmappable character (0x90) for encoding windows-1252
// Ôò?Ôò?Ôò?Ôò?Ôò?Ôò?Ôò?Ôò?Ôò?Ôò?Ôò?Ôò?Ôò?Ôò?Ôò?Ôò?Ôò?Ôò?Ôò?Ôò?Ôò?Ôò?Ôò?Ôò?Ôò?Ôò?Ôò?Ôò?Ôò?Ôò?Ôò?Ôò?Ôò?Ôò?Ôò?Ôò?Ôò?Ôò?Ôò
?Ôò?Ôò?Ôò?Ôò?Ôò?Ôò?Ôò?Ôò?Ôò?Ôò?Ôò?Ôò?Ôò?Ôò?Ôò?Ôò?Ôò?Ôò?Ôò?Ôò?Ôò?Ôò?Ôò?Ôò?Ôò?Ôò?Ôò?Ôò?Ôò?Ôò?Ôò?Ôò?Ôò?Ôò?Ôò?Ôò?
                                                                                               ^
C:\Users\Tidec\Desktop\Tequila-v4-2026-rebuilt\src\main\java\frc\robot\commands\auto\AutoRoutines.java:10: error: 
unmappable character (0x90) for encoding windows-1252
// Ôò?Ôò?Ôò?Ôò?Ôò?Ôò?Ôò?Ôò?Ôò?Ôò?Ôò?Ôò?Ôò?Ôò?Ôò?Ôò?Ôò?Ôò?Ôò?Ôò?Ôò?Ôò?Ôò?Ôò?Ôò?Ôò?Ôò?Ôò?Ôò?Ôò?Ôò?Ôò?Ôò?Ôò?Ôò?Ôò?Ôò?Ôò?Ôò
?Ôò?Ôò?Ôò?Ôò?Ôò?Ôò?Ôò?Ôò?Ôò?Ôò?Ôò?Ôò?Ôò?Ôò?Ôò?Ôò?Ôò?Ôò?Ôò?Ôò?Ôò?Ôò?Ôò?Ôò?Ôò?Ôò?Ôò?Ôò?Ôò?Ôò?Ôò?Ôò?Ôò?Ôò?Ôò?Ôò?
                                                                                                  ^
C:\Users\Tidec\Desktop\Tequila-v4-2026-rebuilt\src\main\java\frc\robot\commands\auto\AutoRoutines.java:10: error: 
unmappable character (0x90) for encoding windows-1252
// Ôò?Ôò?Ôò?Ôò?Ôò?Ôò?Ôò?Ôò?Ôò?Ôò?Ôò?Ôò?Ôò?Ôò?Ôò?Ôò?Ôò?Ôò?Ôò?Ôò?Ôò?Ôò?Ôò?Ôò?Ôò?Ôò?Ôò?Ôò?Ôò?Ôò?Ôò?Ôò?Ôò?Ôò?Ôò?Ôò?Ôò?Ôò?Ôò
?Ôò?Ôò?Ôò?Ôò?Ôò?Ôò?Ôò?Ôò?Ôò?Ôò?Ôò?Ôò?Ôò?Ôò?Ôò?Ôò?Ôò?Ôò?Ôò?Ôò?Ôò?Ôò?Ôò?Ôò?Ôò?Ôò?Ôò?Ôò?Ôò?Ôò?Ôò?Ôò?Ôò?Ôò?Ôò?Ôò?
                                                                                                     ^
C:\Users\Tidec\Desktop\Tequila-v4-2026-rebuilt\src\main\java\frc\robot\commands\auto\AutoRoutines.java:10: error: 
unmappable character (0x90) for encoding windows-1252
// Ôò?Ôò?Ôò?Ôò?Ôò?Ôò?Ôò?Ôò?Ôò?Ôò?Ôò?Ôò?Ôò?Ôò?Ôò?Ôò?Ôò?Ôò?Ôò?Ôò?Ôò?Ôò?Ôò?Ôò?Ôò?Ôò?Ôò?Ôò?Ôò?Ôò?Ôò?Ôò?Ôò?Ôò?Ôò?Ôò?Ôò?Ôò?Ôò
?Ôò?Ôò?Ôò?Ôò?Ôò?Ôò?Ôò?Ôò?Ôò?Ôò?Ôò?Ôò?Ôò?Ôò?Ôò?Ôò?Ôò?Ôò?Ôò?Ôò?Ôò?Ôò?Ôò?Ôò?Ôò?Ôò?Ôò?Ôò?Ôò?Ôò?Ôò?Ôò?Ôò?Ôò?Ôò?Ôò?
                                                                                                        ^
C:\Users\Tidec\Desktop\Tequila-v4-2026-rebuilt\src\main\java\frc\robot\commands\auto\AutoRoutines.java:10: error: 
unmappable character (0x90) for encoding windows-1252
// Ôò?Ôò?Ôò?Ôò?Ôò?Ôò?Ôò?Ôò?Ôò?Ôò?Ôò?Ôò?Ôò?Ôò?Ôò?Ôò?Ôò?Ôò?Ôò?Ôò?Ôò?Ôò?Ôò?Ôò?Ôò?Ôò?Ôò?Ôò?Ôò?Ôò?Ôò?Ôò?Ôò?Ôò?Ôò?Ôò?Ôò?Ôò?Ôò
?Ôò?Ôò?Ôò?Ôò?Ôò?Ôò?Ôò?Ôò?Ôò?Ôò?Ôò?Ôò?Ôò?Ôò?Ôò?Ôò?Ôò?Ôò?Ôò?Ôò?Ôò?Ôò?Ôò?Ôò?Ôò?Ôò?Ôò?Ôò?Ôò?Ôò?Ôò?Ôò?Ôò?Ôò?Ôò?Ôò?
                                                                                                           ^
C:\Users\Tidec\Desktop\Tequila-v4-2026-rebuilt\src\main\java\frc\robot\commands\auto\AutoRoutines.java:10: error: 
unmappable character (0x90) for encoding windows-1252
// Ôò?Ôò?Ôò?Ôò?Ôò?Ôò?Ôò?Ôò?Ôò?Ôò?Ôò?Ôò?Ôò?Ôò?Ôò?Ôò?Ôò?Ôò?Ôò?Ôò?Ôò?Ôò?Ôò?Ôò?Ôò?Ôò?Ôò?Ôò?Ôò?Ôò?Ôò?Ôò?Ôò?Ôò?Ôò?Ôò?Ôò?Ôò?Ôò
?Ôò?Ôò?Ôò?Ôò?Ôò?Ôò?Ôò?Ôò?Ôò?Ôò?Ôò?Ôò?Ôò?Ôò?Ôò?Ôò?Ôò?Ôò?Ôò?Ôò?Ôò?Ôò?Ôò?Ôò?Ôò?Ôò?Ôò?Ôò?Ôò?Ôò?Ôò?Ôò?Ôò?Ôò?Ôò?Ôò?
                                                                                                              ^
C:\Users\Tidec\Desktop\Tequila-v4-2026-rebuilt\src\main\java\frc\robot\commands\auto\AutoRoutines.java:10: error: 
unmappable character (0x90) for encoding windows-1252
// Ôò?Ôò?Ôò?Ôò?Ôò?Ôò?Ôò?Ôò?Ôò?Ôò?Ôò?Ôò?Ôò?Ôò?Ôò?Ôò?Ôò?Ôò?Ôò?Ôò?Ôò?Ôò?Ôò?Ôò?Ôò?Ôò?Ôò?Ôò?Ôò?Ôò?Ôò?Ôò?Ôò?Ôò?Ôò?Ôò?Ôò?Ôò?Ôò
?Ôò?Ôò?Ôò?Ôò?Ôò?Ôò?Ôò?Ôò?Ôò?Ôò?Ôò?Ôò?Ôò?Ôò?Ôò?Ôò?Ôò?Ôò?Ôò?Ôò?Ôò?Ôò?Ôò?Ôò?Ôò?Ôò?Ôò?Ôò?Ôò?Ôò?Ôò?Ôò?Ôò?Ôò?Ôò?Ôò?
                                                                                                                 ^
C:\Users\Tidec\Desktop\Tequila-v4-2026-rebuilt\src\main\java\frc\robot\commands\auto\AutoRoutines.java:10: error: 
unmappable character (0x90) for encoding windows-1252
// Ôò?Ôò?Ôò?Ôò?Ôò?Ôò?Ôò?Ôò?Ôò?Ôò?Ôò?Ôò?Ôò?Ôò?Ôò?Ôò?Ôò?Ôò?Ôò?Ôò?Ôò?Ôò?Ôò?Ôò?Ôò?Ôò?Ôò?Ôò?Ôò?Ôò?Ôò?Ôò?Ôò?Ôò?Ôò?Ôò?Ôò?Ôò?Ôò
?Ôò?Ôò?Ôò?Ôò?Ôò?Ôò?Ôò?Ôò?Ôò?Ôò?Ôò?Ôò?Ôò?Ôò?Ôò?Ôò?Ôò?Ôò?Ôò?Ôò?Ôò?Ôò?Ôò?Ôò?Ôò?Ôò?Ôò?Ôò?Ôò?Ôò?Ôò?Ôò?Ôò?Ôò?Ôò?Ôò?
                                                                                                                    ^
C:\Users\Tidec\Desktop\Tequila-v4-2026-rebuilt\src\main\java\frc\robot\commands\auto\AutoRoutines.java:10: error: 
unmappable character (0x90) for encoding windows-1252
// Ôò?Ôò?Ôò?Ôò?Ôò?Ôò?Ôò?Ôò?Ôò?Ôò?Ôò?Ôò?Ôò?Ôò?Ôò?Ôò?Ôò?Ôò?Ôò?Ôò?Ôò?Ôò?Ôò?Ôò?Ôò?Ôò?Ôò?Ôò?Ôò?Ôò?Ôò?Ôò?Ôò?Ôò?Ôò?Ôò?Ôò?Ôò?Ôò
?Ôò?Ôò?Ôò?Ôò?Ôò?Ôò?Ôò?Ôò?Ôò?Ôò?Ôò?Ôò?Ôò?Ôò?Ôò?Ôò?Ôò?Ôò?Ôò?Ôò?Ôò?Ôò?Ôò?Ôò?Ôò?Ôò?Ôò?Ôò?Ôò?Ôò?Ôò?Ôò?Ôò?Ôò?Ôò?Ôò?
                                                                                                                       
^
C:\Users\Tidec\Desktop\Tequila-v4-2026-rebuilt\src\main\java\frc\robot\commands\auto\AutoRoutines.java:10: error: 
unmappable character (0x90) for encoding windows-1252
// Ôò?Ôò?Ôò?Ôò?Ôò?Ôò?Ôò?Ôò?Ôò?Ôò?Ôò?Ôò?Ôò?Ôò?Ôò?Ôò?Ôò?Ôò?Ôò?Ôò?Ôò?Ôò?Ôò?Ôò?Ôò?Ôò?Ôò?Ôò?Ôò?Ôò?Ôò?Ôò?Ôò?Ôò?Ôò?Ôò?Ôò?Ôò?Ôò
?Ôò?Ôò?Ôò?Ôò?Ôò?Ôò?Ôò?Ôò?Ôò?Ôò?Ôò?Ôò?Ôò?Ôò?Ôò?Ôò?Ôò?Ôò?Ôò?Ôò?Ôò?Ôò?Ôò?Ôò?Ôò?Ôò?Ôò?Ôò?Ôò?Ôò?Ôò?Ôò?Ôò?Ôò?Ôò?Ôò?
                                                                                                                       
   ^
C:\Users\Tidec\Desktop\Tequila-v4-2026-rebuilt\src\main\java\frc\robot\commands\auto\AutoRoutines.java:10: error: 
unmappable character (0x90) for encoding windows-1252
// Ôò?Ôò?Ôò?Ôò?Ôò?Ôò?Ôò?Ôò?Ôò?Ôò?Ôò?Ôò?Ôò?Ôò?Ôò?Ôò?Ôò?Ôò?Ôò?Ôò?Ôò?Ôò?Ôò?Ôò?Ôò?Ôò?Ôò?Ôò?Ôò?Ôò?Ôò?Ôò?Ôò?Ôò?Ôò?Ôò?Ôò?Ôò?Ôò
?Ôò?Ôò?Ôò?Ôò?Ôò?Ôò?Ôò?Ôò?Ôò?Ôò?Ôò?Ôò?Ôò?Ôò?Ôò?Ôò?Ôò?Ôò?Ôò?Ôò?Ôò?Ôò?Ôò?Ôò?Ôò?Ôò?Ôò?Ôò?Ôò?Ôò?Ôò?Ôò?Ôò?Ôò?Ôò?Ôò?
                                                                                                                       
      ^
C:\Users\Tidec\Desktop\Tequila-v4-2026-rebuilt\src\main\java\frc\robot\commands\auto\AutoRoutines.java:10: error: 
unmappable character (0x90) for encoding windows-1252
// Ôò?Ôò?Ôò?Ôò?Ôò?Ôò?Ôò?Ôò?Ôò?Ôò?Ôò?Ôò?Ôò?Ôò?Ôò?Ôò?Ôò?Ôò?Ôò?Ôò?Ôò?Ôò?Ôò?Ôò?Ôò?Ôò?Ôò?Ôò?Ôò?Ôò?Ôò?Ôò?Ôò?Ôò?Ôò?Ôò?Ôò?Ôò?Ôò
?Ôò?Ôò?Ôò?Ôò?Ôò?Ôò?Ôò?Ôò?Ôò?Ôò?Ôò?Ôò?Ôò?Ôò?Ôò?Ôò?Ôò?Ôò?Ôò?Ôò?Ôò?Ôò?Ôò?Ôò?Ôò?Ôò?Ôò?Ôò?Ôò?Ôò?Ôò?Ôò?Ôò?Ôò?Ôò?Ôò?
                                                                                                                       
         ^
C:\Users\Tidec\Desktop\Tequila-v4-2026-rebuilt\src\main\java\frc\robot\commands\auto\AutoRoutines.java:10: error: 
unmappable character (0x90) for encoding windows-1252
// Ôò?Ôò?Ôò?Ôò?Ôò?Ôò?Ôò?Ôò?Ôò?Ôò?Ôò?Ôò?Ôò?Ôò?Ôò?Ôò?Ôò?Ôò?Ôò?Ôò?Ôò?Ôò?Ôò?Ôò?Ôò?Ôò?Ôò?Ôò?Ôò?Ôò?Ôò?Ôò?Ôò?Ôò?Ôò?Ôò?Ôò?Ôò?Ôò
?Ôò?Ôò?Ôò?Ôò?Ôò?Ôò?Ôò?Ôò?Ôò?Ôò?Ôò?Ôò?Ôò?Ôò?Ôò?Ôò?Ôò?Ôò?Ôò?Ôò?Ôò?Ôò?Ôò?Ôò?Ôò?Ôò?Ôò?Ôò?Ôò?Ôò?Ôò?Ôò?Ôò?Ôò?Ôò?Ôò?
                                                                                                                       
            ^
C:\Users\Tidec\Desktop\Tequila-v4-2026-rebuilt\src\main\java\frc\robot\commands\auto\AutoRoutines.java:10: error: 
unmappable character (0x90) for encoding windows-1252
// Ôò?Ôò?Ôò?Ôò?Ôò?Ôò?Ôò?Ôò?Ôò?Ôò?Ôò?Ôò?Ôò?Ôò?Ôò?Ôò?Ôò?Ôò?Ôò?Ôò?Ôò?Ôò?Ôò?Ôò?Ôò?Ôò?Ôò?Ôò?Ôò?Ôò?Ôò?Ôò?Ôò?Ôò?Ôò?Ôò?Ôò?Ôò?Ôò
?Ôò?Ôò?Ôò?Ôò?Ôò?Ôò?Ôò?Ôò?Ôò?Ôò?Ôò?Ôò?Ôò?Ôò?Ôò?Ôò?Ôò?Ôò?Ôò?Ôò?Ôò?Ôò?Ôò?Ôò?Ôò?Ôò?Ôò?Ôò?Ôò?Ôò?Ôò?Ôò?Ôò?Ôò?Ôò?Ôò?
                                                                                                                       
               ^
C:\Users\Tidec\Desktop\Tequila-v4-2026-rebuilt\src\main\java\frc\robot\commands\auto\AutoRoutines.java:10: error: 
unmappable character (0x90) for encoding windows-1252
// Ôò?Ôò?Ôò?Ôò?Ôò?Ôò?Ôò?Ôò?Ôò?Ôò?Ôò?Ôò?Ôò?Ôò?Ôò?Ôò?Ôò?Ôò?Ôò?Ôò?Ôò?Ôò?Ôò?Ôò?Ôò?Ôò?Ôò?Ôò?Ôò?Ôò?Ôò?Ôò?Ôò?Ôò?Ôò?Ôò?Ôò?Ôò?Ôò
?Ôò?Ôò?Ôò?Ôò?Ôò?Ôò?Ôò?Ôò?Ôò?Ôò?Ôò?Ôò?Ôò?Ôò?Ôò?Ôò?Ôò?Ôò?Ôò?Ôò?Ôò?Ôò?Ôò?Ôò?Ôò?Ôò?Ôò?Ôò?Ôò?Ôò?Ôò?Ôò?Ôò?Ôò?Ôò?Ôò?
                                                                                                                       
                  ^
C:\Users\Tidec\Desktop\Tequila-v4-2026-rebuilt\src\main\java\frc\robot\commands\auto\AutoRoutines.java:10: error: 
unmappable character (0x90) for encoding windows-1252
// Ôò?Ôò?Ôò?Ôò?Ôò?Ôò?Ôò?Ôò?Ôò?Ôò?Ôò?Ôò?Ôò?Ôò?Ôò?Ôò?Ôò?Ôò?Ôò?Ôò?Ôò?Ôò?Ôò?Ôò?Ôò?Ôò?Ôò?Ôò?Ôò?Ôò?Ôò?Ôò?Ôò?Ôò?Ôò?Ôò?Ôò?Ôò?Ôò
?Ôò?Ôò?Ôò?Ôò?Ôò?Ôò?Ôò?Ôò?Ôò?Ôò?Ôò?Ôò?Ôò?Ôò?Ôò?Ôò?Ôò?Ôò?Ôò?Ôò?Ôò?Ôò?Ôò?Ôò?Ôò?Ôò?Ôò?Ôò?Ôò?Ôò?Ôò?Ôò?Ôò?Ôò?Ôò?Ôò?
                                                                                                                       
                     ^
C:\Users\Tidec\Desktop\Tequila-v4-2026-rebuilt\src\main\java\frc\robot\commands\auto\AutoRoutines.java:10: error: 
unmappable character (0x90) for encoding windows-1252
// Ôò?Ôò?Ôò?Ôò?Ôò?Ôò?Ôò?Ôò?Ôò?Ôò?Ôò?Ôò?Ôò?Ôò?Ôò?Ôò?Ôò?Ôò?Ôò?Ôò?Ôò?Ôò?Ôò?Ôò?Ôò?Ôò?Ôò?Ôò?Ôò?Ôò?Ôò?Ôò?Ôò?Ôò?Ôò?Ôò?Ôò?Ôò?Ôò
?Ôò?Ôò?Ôò?Ôò?Ôò?Ôò?Ôò?Ôò?Ôò?Ôò?Ôò?Ôò?Ôò?Ôò?Ôò?Ôò?Ôò?Ôò?Ôò?Ôò?Ôò?Ôò?Ôò?Ôò?Ôò?Ôò?Ôò?Ôò?Ôò?Ôò?Ôò?Ôò?Ôò?Ôò?Ôò?Ôò?
                                                                                                                       
                        ^
C:\Users\Tidec\Desktop\Tequila-v4-2026-rebuilt\src\main\java\frc\robot\commands\auto\AutoRoutines.java:10: error: 
unmappable character (0x90) for encoding windows-1252
// Ôò?Ôò?Ôò?Ôò?Ôò?Ôò?Ôò?Ôò?Ôò?Ôò?Ôò?Ôò?Ôò?Ôò?Ôò?Ôò?Ôò?Ôò?Ôò?Ôò?Ôò?Ôò?Ôò?Ôò?Ôò?Ôò?Ôò?Ôò?Ôò?Ôò?Ôò?Ôò?Ôò?Ôò?Ôò?Ôò?Ôò?Ôò?Ôò
?Ôò?Ôò?Ôò?Ôò?Ôò?Ôò?Ôò?Ôò?Ôò?Ôò?Ôò?Ôò?Ôò?Ôò?Ôò?Ôò?Ôò?Ôò?Ôò?Ôò?Ôò?Ôò?Ôò?Ôò?Ôò?Ôò?Ôò?Ôò?Ôò?Ôò?Ôò?Ôò?Ôò?Ôò?Ôò?Ôò?
                                                                                                                       
                           ^
C:\Users\Tidec\Desktop\Tequila-v4-2026-rebuilt\src\main\java\frc\robot\commands\auto\AutoRoutines.java:10: error: 
unmappable character (0x90) for encoding windows-1252
// Ôò?Ôò?Ôò?Ôò?Ôò?Ôò?Ôò?Ôò?Ôò?Ôò?Ôò?Ôò?Ôò?Ôò?Ôò?Ôò?Ôò?Ôò?Ôò?Ôò?Ôò?Ôò?Ôò?Ôò?Ôò?Ôò?Ôò?Ôò?Ôò?Ôò?Ôò?Ôò?Ôò?Ôò?Ôò?Ôò?Ôò?Ôò?Ôò
?Ôò?Ôò?Ôò?Ôò?Ôò?Ôò?Ôò?Ôò?Ôò?Ôò?Ôò?Ôò?Ôò?Ôò?Ôò?Ôò?Ôò?Ôò?Ôò?Ôò?Ôò?Ôò?Ôò?Ôò?Ôò?Ôò?Ôò?Ôò?Ôò?Ôò?Ôò?Ôò?Ôò?Ôò?Ôò?Ôò?
                                                                                                                       
                              ^
C:\Users\Tidec\Desktop\Tequila-v4-2026-rebuilt\src\main\java\frc\robot\commands\auto\AutoRoutines.java:10: error: 
unmappable character (0x90) for encoding windows-1252
// Ôò?Ôò?Ôò?Ôò?Ôò?Ôò?Ôò?Ôò?Ôò?Ôò?Ôò?Ôò?Ôò?Ôò?Ôò?Ôò?Ôò?Ôò?Ôò?Ôò?Ôò?Ôò?Ôò?Ôò?Ôò?Ôò?Ôò?Ôò?Ôò?Ôò?Ôò?Ôò?Ôò?Ôò?Ôò?Ôò?Ôò?Ôò?Ôò
?Ôò?Ôò?Ôò?Ôò?Ôò?Ôò?Ôò?Ôò?Ôò?Ôò?Ôò?Ôò?Ôò?Ôò?Ôò?Ôò?Ôò?Ôò?Ôò?Ôò?Ôò?Ôò?Ôò?Ôò?Ôò?Ôò?Ôò?Ôò?Ôò?Ôò?Ôò?Ôò?Ôò?Ôò?Ôò?Ôò?
                                                                                                                       
                                 ^
C:\Users\Tidec\Desktop\Tequila-v4-2026-rebuilt\src\main\java\frc\robot\commands\auto\AutoRoutines.java:10: error: 
unmappable character (0x90) for encoding windows-1252
// Ôò?Ôò?Ôò?Ôò?Ôò?Ôò?Ôò?Ôò?Ôò?Ôò?Ôò?Ôò?Ôò?Ôò?Ôò?Ôò?Ôò?Ôò?Ôò?Ôò?Ôò?Ôò?Ôò?Ôò?Ôò?Ôò?Ôò?Ôò?Ôò?Ôò?Ôò?Ôò?Ôò?Ôò?Ôò?Ôò?Ôò?Ôò?Ôò
?Ôò?Ôò?Ôò?Ôò?Ôò?Ôò?Ôò?Ôò?Ôò?Ôò?Ôò?Ôò?Ôò?Ôò?Ôò?Ôò?Ôò?Ôò?Ôò?Ôò?Ôò?Ôò?Ôò?Ôò?Ôò?Ôò?Ôò?Ôò?Ôò?Ôò?Ôò?Ôò?Ôò?Ôò?Ôò?Ôò?
                                                                                                                       
                                    ^
C:\Users\Tidec\Desktop\Tequila-v4-2026-rebuilt\src\main\java\frc\robot\commands\auto\AutoRoutines.java:10: error: 
unmappable character (0x90) for encoding windows-1252
// Ôò?Ôò?Ôò?Ôò?Ôò?Ôò?Ôò?Ôò?Ôò?Ôò?Ôò?Ôò?Ôò?Ôò?Ôò?Ôò?Ôò?Ôò?Ôò?Ôò?Ôò?Ôò?Ôò?Ôò?Ôò?Ôò?Ôò?Ôò?Ôò?Ôò?Ôò?Ôò?Ôò?Ôò?Ôò?Ôò?Ôò?Ôò?Ôò
?Ôò?Ôò?Ôò?Ôò?Ôò?Ôò?Ôò?Ôò?Ôò?Ôò?Ôò?Ôò?Ôò?Ôò?Ôò?Ôò?Ôò?Ôò?Ôò?Ôò?Ôò?Ôò?Ôò?Ôò?Ôò?Ôò?Ôò?Ôò?Ôò?Ôò?Ôò?Ôò?Ôò?Ôò?Ôò?Ôò?
                                                                                                                       
                                       ^
C:\Users\Tidec\Desktop\Tequila-v4-2026-rebuilt\src\main\java\frc\robot\commands\auto\AutoRoutines.java:10: error: 
unmappable character (0x90) for encoding windows-1252
// Ôò?Ôò?Ôò?Ôò?Ôò?Ôò?Ôò?Ôò?Ôò?Ôò?Ôò?Ôò?Ôò?Ôò?Ôò?Ôò?Ôò?Ôò?Ôò?Ôò?Ôò?Ôò?Ôò?Ôò?Ôò?Ôò?Ôò?Ôò?Ôò?Ôò?Ôò?Ôò?Ôò?Ôò?Ôò?Ôò?Ôò?Ôò?Ôò
?Ôò?Ôò?Ôò?Ôò?Ôò?Ôò?Ôò?Ôò?Ôò?Ôò?Ôò?Ôò?Ôò?Ôò?Ôò?Ôò?Ôò?Ôò?Ôò?Ôò?Ôò?Ôò?Ôò?Ôò?Ôò?Ôò?Ôò?Ôò?Ôò?Ôò?Ôò?Ôò?Ôò?Ôò?Ôò?Ôò?
                                                                                                                       
                                          ^
C:\Users\Tidec\Desktop\Tequila-v4-2026-rebuilt\src\main\java\frc\robot\commands\auto\AutoRoutines.java:10: error: 
unmappable character (0x90) for encoding windows-1252
// Ôò?Ôò?Ôò?Ôò?Ôò?Ôò?Ôò?Ôò?Ôò?Ôò?Ôò?Ôò?Ôò?Ôò?Ôò?Ôò?Ôò?Ôò?Ôò?Ôò?Ôò?Ôò?Ôò?Ôò?Ôò?Ôò?Ôò?Ôò?Ôò?Ôò?Ôò?Ôò?Ôò?Ôò?Ôò?Ôò?Ôò?Ôò?Ôò
?Ôò?Ôò?Ôò?Ôò?Ôò?Ôò?Ôò?Ôò?Ôò?Ôò?Ôò?Ôò?Ôò?Ôò?Ôò?Ôò?Ôò?Ôò?Ôò?Ôò?Ôò?Ôò?Ôò?Ôò?Ôò?Ôò?Ôò?Ôò?Ôò?Ôò?Ôò?Ôò?Ôò?Ôò?Ôò?Ôò?
                                                                                                                       
                                             ^
C:\Users\Tidec\Desktop\Tequila-v4-2026-rebuilt\src\main\java\frc\robot\commands\auto\AutoRoutines.java:10: error: 
unmappable character (0x90) for encoding windows-1252
// Ôò?Ôò?Ôò?Ôò?Ôò?Ôò?Ôò?Ôò?Ôò?Ôò?Ôò?Ôò?Ôò?Ôò?Ôò?Ôò?Ôò?Ôò?Ôò?Ôò?Ôò?Ôò?Ôò?Ôò?Ôò?Ôò?Ôò?Ôò?Ôò?Ôò?Ôò?Ôò?Ôò?Ôò?Ôò?Ôò?Ôò?Ôò?Ôò
?Ôò?Ôò?Ôò?Ôò?Ôò?Ôò?Ôò?Ôò?Ôò?Ôò?Ôò?Ôò?Ôò?Ôò?Ôò?Ôò?Ôò?Ôò?Ôò?Ôò?Ôò?Ôò?Ôò?Ôò?Ôò?Ôò?Ôò?Ôò?Ôò?Ôò?Ôò?Ôò?Ôò?Ôò?Ôò?Ôò?
                                                                                                                       
                                                ^
C:\Users\Tidec\Desktop\Tequila-v4-2026-rebuilt\src\main\java\frc\robot\commands\auto\AutoRoutines.java:10: error: 
unmappable character (0x90) for encoding windows-1252
// Ôò?Ôò?Ôò?Ôò?Ôò?Ôò?Ôò?Ôò?Ôò?Ôò?Ôò?Ôò?Ôò?Ôò?Ôò?Ôò?Ôò?Ôò?Ôò?Ôò?Ôò?Ôò?Ôò?Ôò?Ôò?Ôò?Ôò?Ôò?Ôò?Ôò?Ôò?Ôò?Ôò?Ôò?Ôò?Ôò?Ôò?Ôò?Ôò
?Ôò?Ôò?Ôò?Ôò?Ôò?Ôò?Ôò?Ôò?Ôò?Ôò?Ôò?Ôò?Ôò?Ôò?Ôò?Ôò?Ôò?Ôò?Ôò?Ôò?Ôò?Ôò?Ôò?Ôò?Ôò?Ôò?Ôò?Ôò?Ôò?Ôò?Ôò?Ôò?Ôò?Ôò?Ôò?Ôò?
                                                                                                                       
                                                   ^
C:\Users\Tidec\Desktop\Tequila-v4-2026-rebuilt\src\main\java\frc\robot\commands\auto\AutoRoutines.java:10: error: 
unmappable character (0x90) for encoding windows-1252
// Ôò?Ôò?Ôò?Ôò?Ôò?Ôò?Ôò?Ôò?Ôò?Ôò?Ôò?Ôò?Ôò?Ôò?Ôò?Ôò?Ôò?Ôò?Ôò?Ôò?Ôò?Ôò?Ôò?Ôò?Ôò?Ôò?Ôò?Ôò?Ôò?Ôò?Ôò?Ôò?Ôò?Ôò?Ôò?Ôò?Ôò?Ôò?Ôò
?Ôò?Ôò?Ôò?Ôò?Ôò?Ôò?Ôò?Ôò?Ôò?Ôò?Ôò?Ôò?Ôò?Ôò?Ôò?Ôò?Ôò?Ôò?Ôò?Ôò?Ôò?Ôò?Ôò?Ôò?Ôò?Ôò?Ôò?Ôò?Ôò?Ôò?Ôò?Ôò?Ôò?Ôò?Ôò?Ôò?
                                                                                                                       
                                                      ^
C:\Users\Tidec\Desktop\Tequila-v4-2026-rebuilt\src\main\java\frc\robot\commands\auto\AutoRoutines.java:10: error: 
unmappable character (0x90) for encoding windows-1252
// Ôò?Ôò?Ôò?Ôò?Ôò?Ôò?Ôò?Ôò?Ôò?Ôò?Ôò?Ôò?Ôò?Ôò?Ôò?Ôò?Ôò?Ôò?Ôò?Ôò?Ôò?Ôò?Ôò?Ôò?Ôò?Ôò?Ôò?Ôò?Ôò?Ôò?Ôò?Ôò?Ôò?Ôò?Ôò?Ôò?Ôò?Ôò?Ôò
?Ôò?Ôò?Ôò?Ôò?Ôò?Ôò?Ôò?Ôò?Ôò?Ôò?Ôò?Ôò?Ôò?Ôò?Ôò?Ôò?Ôò?Ôò?Ôò?Ôò?Ôò?Ôò?Ôò?Ôò?Ôò?Ôò?Ôò?Ôò?Ôò?Ôò?Ôò?Ôò?Ôò?Ôò?Ôò?Ôò?
                                                                                                                       
                                                         ^
C:\Users\Tidec\Desktop\Tequila-v4-2026-rebuilt\src\main\java\frc\robot\commands\auto\AutoRoutines.java:10: error: 
unmappable character (0x90) for encoding windows-1252
// Ôò?Ôò?Ôò?Ôò?Ôò?Ôò?Ôò?Ôò?Ôò?Ôò?Ôò?Ôò?Ôò?Ôò?Ôò?Ôò?Ôò?Ôò?Ôò?Ôò?Ôò?Ôò?Ôò?Ôò?Ôò?Ôò?Ôò?Ôò?Ôò?Ôò?Ôò?Ôò?Ôò?Ôò?Ôò?Ôò?Ôò?Ôò?Ôò
?Ôò?Ôò?Ôò?Ôò?Ôò?Ôò?Ôò?Ôò?Ôò?Ôò?Ôò?Ôò?Ôò?Ôò?Ôò?Ôò?Ôò?Ôò?Ôò?Ôò?Ôò?Ôò?Ôò?Ôò?Ôò?Ôò?Ôò?Ôò?Ôò?Ôò?Ôò?Ôò?Ôò?Ôò?Ôò?Ôò?
                                                                                                                       
                                                            ^
C:\Users\Tidec\Desktop\Tequila-v4-2026-rebuilt\src\main\java\frc\robot\commands\auto\AutoRoutines.java:10: error: 
unmappable character (0x90) for encoding windows-1252
// Ôò?Ôò?Ôò?Ôò?Ôò?Ôò?Ôò?Ôò?Ôò?Ôò?Ôò?Ôò?Ôò?Ôò?Ôò?Ôò?Ôò?Ôò?Ôò?Ôò?Ôò?Ôò?Ôò?Ôò?Ôò?Ôò?Ôò?Ôò?Ôò?Ôò?Ôò?Ôò?Ôò?Ôò?Ôò?Ôò?Ôò?Ôò?Ôò
?Ôò?Ôò?Ôò?Ôò?Ôò?Ôò?Ôò?Ôò?Ôò?Ôò?Ôò?Ôò?Ôò?Ôò?Ôò?Ôò?Ôò?Ôò?Ôò?Ôò?Ôò?Ôò?Ôò?Ôò?Ôò?Ôò?Ôò?Ôò?Ôò?Ôò?Ôò?Ôò?Ôò?Ôò?Ôò?Ôò?
                                                                                                                       
                                                               ^
C:\Users\Tidec\Desktop\Tequila-v4-2026-rebuilt\src\main\java\frc\robot\commands\auto\AutoRoutines.java:10: error: 
unmappable character (0x90) for encoding windows-1252
// Ôò?Ôò?Ôò?Ôò?Ôò?Ôò?Ôò?Ôò?Ôò?Ôò?Ôò?Ôò?Ôò?Ôò?Ôò?Ôò?Ôò?Ôò?Ôò?Ôò?Ôò?Ôò?Ôò?Ôò?Ôò?Ôò?Ôò?Ôò?Ôò?Ôò?Ôò?Ôò?Ôò?Ôò?Ôò?Ôò?Ôò?Ôò?Ôò
?Ôò?Ôò?Ôò?Ôò?Ôò?Ôò?Ôò?Ôò?Ôò?Ôò?Ôò?Ôò?Ôò?Ôò?Ôò?Ôò?Ôò?Ôò?Ôò?Ôò?Ôò?Ôò?Ôò?Ôò?Ôò?Ôò?Ôò?Ôò?Ôò?Ôò?Ôò?Ôò?Ôò?Ôò?Ôò?Ôò?
                                                                                                                       
                                                                  ^
C:\Users\Tidec\Desktop\Tequila-v4-2026-rebuilt\src\main\java\frc\robot\commands\auto\AutoRoutines.java:10: error: 
unmappable character (0x90) for encoding windows-1252
// Ôò?Ôò?Ôò?Ôò?Ôò?Ôò?Ôò?Ôò?Ôò?Ôò?Ôò?Ôò?Ôò?Ôò?Ôò?Ôò?Ôò?Ôò?Ôò?Ôò?Ôò?Ôò?Ôò?Ôò?Ôò?Ôò?Ôò?Ôò?Ôò?Ôò?Ôò?Ôò?Ôò?Ôò?Ôò?Ôò?Ôò?Ôò?Ôò
?Ôò?Ôò?Ôò?Ôò?Ôò?Ôò?Ôò?Ôò?Ôò?Ôò?Ôò?Ôò?Ôò?Ôò?Ôò?Ôò?Ôò?Ôò?Ôò?Ôò?Ôò?Ôò?Ôò?Ôò?Ôò?Ôò?Ôò?Ôò?Ôò?Ôò?Ôò?Ôò?Ôò?Ôò?Ôò?Ôò?
                                                                                                                       
                                                                     ^
C:\Users\Tidec\Desktop\Tequila-v4-2026-rebuilt\src\main\java\frc\robot\commands\auto\AutoRoutines.java:10: error: 
unmappable character (0x90) for encoding windows-1252
// Ôò?Ôò?Ôò?Ôò?Ôò?Ôò?Ôò?Ôò?Ôò?Ôò?Ôò?Ôò?Ôò?Ôò?Ôò?Ôò?Ôò?Ôò?Ôò?Ôò?Ôò?Ôò?Ôò?Ôò?Ôò?Ôò?Ôò?Ôò?Ôò?Ôò?Ôò?Ôò?Ôò?Ôò?Ôò?Ôò?Ôò?Ôò?Ôò
?Ôò?Ôò?Ôò?Ôò?Ôò?Ôò?Ôò?Ôò?Ôò?Ôò?Ôò?Ôò?Ôò?Ôò?Ôò?Ôò?Ôò?Ôò?Ôò?Ôò?Ôò?Ôò?Ôò?Ôò?Ôò?Ôò?Ôò?Ôò?Ôò?Ôò?Ôò?Ôò?Ôò?Ôò?Ôò?Ôò?
                                                                                                                       
                                                                        ^
C:\Users\Tidec\Desktop\Tequila-v4-2026-rebuilt\src\main\java\frc\robot\commands\auto\AutoRoutines.java:10: error: 
unmappable character (0x90) for encoding windows-1252
// Ôò?Ôò?Ôò?Ôò?Ôò?Ôò?Ôò?Ôò?Ôò?Ôò?Ôò?Ôò?Ôò?Ôò?Ôò?Ôò?Ôò?Ôò?Ôò?Ôò?Ôò?Ôò?Ôò?Ôò?Ôò?Ôò?Ôò?Ôò?Ôò?Ôò?Ôò?Ôò?Ôò?Ôò?Ôò?Ôò?Ôò?Ôò?Ôò
?Ôò?Ôò?Ôò?Ôò?Ôò?Ôò?Ôò?Ôò?Ôò?Ôò?Ôò?Ôò?Ôò?Ôò?Ôò?Ôò?Ôò?Ôò?Ôò?Ôò?Ôò?Ôò?Ôò?Ôò?Ôò?Ôò?Ôò?Ôò?Ôò?Ôò?Ôò?Ôò?Ôò?Ôò?Ôò?Ôò?
                                                                                                                       
                                                                           ^
C:\Users\Tidec\Desktop\Tequila-v4-2026-rebuilt\src\main\java\frc\robot\commands\auto\AutoRoutines.java:10: error: 
unmappable character (0x90) for encoding windows-1252
// Ôò?Ôò?Ôò?Ôò?Ôò?Ôò?Ôò?Ôò?Ôò?Ôò?Ôò?Ôò?Ôò?Ôò?Ôò?Ôò?Ôò?Ôò?Ôò?Ôò?Ôò?Ôò?Ôò?Ôò?Ôò?Ôò?Ôò?Ôò?Ôò?Ôò?Ôò?Ôò?Ôò?Ôò?Ôò?Ôò?Ôò?Ôò?Ôò
?Ôò?Ôò?Ôò?Ôò?Ôò?Ôò?Ôò?Ôò?Ôò?Ôò?Ôò?Ôò?Ôò?Ôò?Ôò?Ôò?Ôò?Ôò?Ôò?Ôò?Ôò?Ôò?Ôò?Ôò?Ôò?Ôò?Ôò?Ôò?Ôò?Ôò?Ôò?Ôò?Ôò?Ôò?Ôò?Ôò?
                                                                                                                       
                                                                              ^
C:\Users\Tidec\Desktop\Tequila-v4-2026-rebuilt\src\main\java\frc\robot\commands\auto\AutoRoutines.java:10: error: 
unmappable character (0x90) for encoding windows-1252
// Ôò?Ôò?Ôò?Ôò?Ôò?Ôò?Ôò?Ôò?Ôò?Ôò?Ôò?Ôò?Ôò?Ôò?Ôò?Ôò?Ôò?Ôò?Ôò?Ôò?Ôò?Ôò?Ôò?Ôò?Ôò?Ôò?Ôò?Ôò?Ôò?Ôò?Ôò?Ôò?Ôò?Ôò?Ôò?Ôò?Ôò?Ôò?Ôò
?Ôò?Ôò?Ôò?Ôò?Ôò?Ôò?Ôò?Ôò?Ôò?Ôò?Ôò?Ôò?Ôò?Ôò?Ôò?Ôò?Ôò?Ôò?Ôò?Ôò?Ôò?Ôò?Ôò?Ôò?Ôò?Ôò?Ôò?Ôò?Ôò?Ôò?Ôò?Ôò?Ôò?Ôò?Ôò?Ôò?
                                                                                                                       
                                                                                 ^
C:\Users\Tidec\Desktop\Tequila-v4-2026-rebuilt\src\main\java\frc\robot\commands\auto\AutoRoutines.java:10: error: 
unmappable character (0x90) for encoding windows-1252
// Ôò?Ôò?Ôò?Ôò?Ôò?Ôò?Ôò?Ôò?Ôò?Ôò?Ôò?Ôò?Ôò?Ôò?Ôò?Ôò?Ôò?Ôò?Ôò?Ôò?Ôò?Ôò?Ôò?Ôò?Ôò?Ôò?Ôò?Ôò?Ôò?Ôò?Ôò?Ôò?Ôò?Ôò?Ôò?Ôò?Ôò?Ôò?Ôò
?Ôò?Ôò?Ôò?Ôò?Ôò?Ôò?Ôò?Ôò?Ôò?Ôò?Ôò?Ôò?Ôò?Ôò?Ôò?Ôò?Ôò?Ôò?Ôò?Ôò?Ôò?Ôò?Ôò?Ôò?Ôò?Ôò?Ôò?Ôò?Ôò?Ôò?Ôò?Ôò?Ôò?Ôò?Ôò?Ôò?
                                                                                                                       
                                                                                    ^
C:\Users\Tidec\Desktop\Tequila-v4-2026-rebuilt\src\main\java\frc\robot\commands\auto\AutoRoutines.java:10: error: 
unmappable character (0x90) for encoding windows-1252
// Ôò?Ôò?Ôò?Ôò?Ôò?Ôò?Ôò?Ôò?Ôò?Ôò?Ôò?Ôò?Ôò?Ôò?Ôò?Ôò?Ôò?Ôò?Ôò?Ôò?Ôò?Ôò?Ôò?Ôò?Ôò?Ôò?Ôò?Ôò?Ôò?Ôò?Ôò?Ôò?Ôò?Ôò?Ôò?Ôò?Ôò?Ôò?Ôò
?Ôò?Ôò?Ôò?Ôò?Ôò?Ôò?Ôò?Ôò?Ôò?Ôò?Ôò?Ôò?Ôò?Ôò?Ôò?Ôò?Ôò?Ôò?Ôò?Ôò?Ôò?Ôò?Ôò?Ôò?Ôò?Ôò?Ôò?Ôò?Ôò?Ôò?Ôò?Ôò?Ôò?Ôò?Ôò?Ôò?
                                                                                                                       
                                                                                       ^
C:\Users\Tidec\Desktop\Tequila-v4-2026-rebuilt\src\main\java\frc\robot\commands\auto\AutoRoutines.java:10: error: 
unmappable character (0x90) for encoding windows-1252
// Ôò?Ôò?Ôò?Ôò?Ôò?Ôò?Ôò?Ôò?Ôò?Ôò?Ôò?Ôò?Ôò?Ôò?Ôò?Ôò?Ôò?Ôò?Ôò?Ôò?Ôò?Ôò?Ôò?Ôò?Ôò?Ôò?Ôò?Ôò?Ôò?Ôò?Ôò?Ôò?Ôò?Ôò?Ôò?Ôò?Ôò?Ôò?Ôò
?Ôò?Ôò?Ôò?Ôò?Ôò?Ôò?Ôò?Ôò?Ôò?Ôò?Ôò?Ôò?Ôò?Ôò?Ôò?Ôò?Ôò?Ôò?Ôò?Ôò?Ôò?Ôò?Ôò?Ôò?Ôò?Ôò?Ôò?Ôò?Ôò?Ôò?Ôò?Ôò?Ôò?Ôò?Ôò?Ôò?
                                                                                                                       
                                                                                          ^
C:\Users\Tidec\Desktop\Tequila-v4-2026-rebuilt\src\main\java\frc\robot\commands\auto\AutoRoutines.java:10: error: 
unmappable character (0x90) for encoding windows-1252
// Ôò?Ôò?Ôò?Ôò?Ôò?Ôò?Ôò?Ôò?Ôò?Ôò?Ôò?Ôò?Ôò?Ôò?Ôò?Ôò?Ôò?Ôò?Ôò?Ôò?Ôò?Ôò?Ôò?Ôò?Ôò?Ôò?Ôò?Ôò?Ôò?Ôò?Ôò?Ôò?Ôò?Ôò?Ôò?Ôò?Ôò?Ôò?Ôò
?Ôò?Ôò?Ôò?Ôò?Ôò?Ôò?Ôò?Ôò?Ôò?Ôò?Ôò?Ôò?Ôò?Ôò?Ôò?Ôò?Ôò?Ôò?Ôò?Ôò?Ôò?Ôò?Ôò?Ôò?Ôò?Ôò?Ôò?Ôò?Ôò?Ôò?Ôò?Ôò?Ôò?Ôò?Ôò?Ôò?
                                                                                                                       
                                                                                             ^
C:\Users\Tidec\Desktop\Tequila-v4-2026-rebuilt\src\main\java\frc\robot\commands\auto\AutoRoutines.java:10: error: 
unmappable character (0x90) for encoding windows-1252
// Ôò?Ôò?Ôò?Ôò?Ôò?Ôò?Ôò?Ôò?Ôò?Ôò?Ôò?Ôò?Ôò?Ôò?Ôò?Ôò?Ôò?Ôò?Ôò?Ôò?Ôò?Ôò?Ôò?Ôò?Ôò?Ôò?Ôò?Ôò?Ôò?Ôò?Ôò?Ôò?Ôò?Ôò?Ôò?Ôò?Ôò?Ôò?Ôò
?Ôò?Ôò?Ôò?Ôò?Ôò?Ôò?Ôò?Ôò?Ôò?Ôò?Ôò?Ôò?Ôò?Ôò?Ôò?Ôò?Ôò?Ôò?Ôò?Ôò?Ôò?Ôò?Ôò?Ôò?Ôò?Ôò?Ôò?Ôò?Ôò?Ôò?Ôò?Ôò?Ôò?Ôò?Ôò?Ôò?
                                                                                                                       
                                                                                                ^
C:\Users\Tidec\Desktop\Tequila-v4-2026-rebuilt\src\main\java\frc\robot\commands\auto\AutoRoutines.java:10: error: 
unmappable character (0x90) for encoding windows-1252
// Ôò?Ôò?Ôò?Ôò?Ôò?Ôò?Ôò?Ôò?Ôò?Ôò?Ôò?Ôò?Ôò?Ôò?Ôò?Ôò?Ôò?Ôò?Ôò?Ôò?Ôò?Ôò?Ôò?Ôò?Ôò?Ôò?Ôò?Ôò?Ôò?Ôò?Ôò?Ôò?Ôò?Ôò?Ôò?Ôò?Ôò?Ôò?Ôò
?Ôò?Ôò?Ôò?Ôò?Ôò?Ôò?Ôò?Ôò?Ôò?Ôò?Ôò?Ôò?Ôò?Ôò?Ôò?Ôò?Ôò?Ôò?Ôò?Ôò?Ôò?Ôò?Ôò?Ôò?Ôò?Ôò?Ôò?Ôò?Ôò?Ôò?Ôò?Ôò?Ôò?Ôò?Ôò?Ôò?
                                                                                                                       
                                                                                                   ^
C:\Users\Tidec\Desktop\Tequila-v4-2026-rebuilt\src\main\java\frc\robot\commands\auto\AutoRoutines.java:10: error: 
unmappable character (0x90) for encoding windows-1252
// Ôò?Ôò?Ôò?Ôò?Ôò?Ôò?Ôò?Ôò?Ôò?Ôò?Ôò?Ôò?Ôò?Ôò?Ôò?Ôò?Ôò?Ôò?Ôò?Ôò?Ôò?Ôò?Ôò?Ôò?Ôò?Ôò?Ôò?Ôò?Ôò?Ôò?Ôò?Ôò?Ôò?Ôò?Ôò?Ôò?Ôò?Ôò?Ôò
?Ôò?Ôò?Ôò?Ôò?Ôò?Ôò?Ôò?Ôò?Ôò?Ôò?Ôò?Ôò?Ôò?Ôò?Ôò?Ôò?Ôò?Ôò?Ôò?Ôò?Ôò?Ôò?Ôò?Ôò?Ôò?Ôò?Ôò?Ôò?Ôò?Ôò?Ôò?Ôò?Ôò?Ôò?Ôò?Ôò?
                                                                                                                       
                                                                                                      ^
C:\Users\Tidec\Desktop\Tequila-v4-2026-rebuilt\src\main\java\frc\robot\commands\auto\AutoRoutines.java:10: error: 
unmappable character (0x90) for encoding windows-1252
// Ôò?Ôò?Ôò?Ôò?Ôò?Ôò?Ôò?Ôò?Ôò?Ôò?Ôò?Ôò?Ôò?Ôò?Ôò?Ôò?Ôò?Ôò?Ôò?Ôò?Ôò?Ôò?Ôò?Ôò?Ôò?Ôò?Ôò?Ôò?Ôò?Ôò?Ôò?Ôò?Ôò?Ôò?Ôò?Ôò?Ôò?Ôò?Ôò
?Ôò?Ôò?Ôò?Ôò?Ôò?Ôò?Ôò?Ôò?Ôò?Ôò?Ôò?Ôò?Ôò?Ôò?Ôò?Ôò?Ôò?Ôò?Ôò?Ôò?Ôò?Ôò?Ôò?Ôò?Ôò?Ôò?Ôò?Ôò?Ôò?Ôò?Ôò?Ôò?Ôò?Ôò?Ôò?Ôò?
                                                                                                                       
                                                                                                         ^
C:\Users\Tidec\Desktop\Tequila-v4-2026-rebuilt\src\main\java\frc\robot\commands\auto\AutoRoutines.java:10: error: 
unmappable character (0x90) for encoding windows-1252
// Ôò?Ôò?Ôò?Ôò?Ôò?Ôò?Ôò?Ôò?Ôò?Ôò?Ôò?Ôò?Ôò?Ôò?Ôò?Ôò?Ôò?Ôò?Ôò?Ôò?Ôò?Ôò?Ôò?Ôò?Ôò?Ôò?Ôò?Ôò?Ôò?Ôò?Ôò?Ôò?Ôò?Ôò?Ôò?Ôò?Ôò?Ôò?Ôò
?Ôò?Ôò?Ôò?Ôò?Ôò?Ôò?Ôò?Ôò?Ôò?Ôò?Ôò?Ôò?Ôò?Ôò?Ôò?Ôò?Ôò?Ôò?Ôò?Ôò?Ôò?Ôò?Ôò?Ôò?Ôò?Ôò?Ôò?Ôò?Ôò?Ôò?Ôò?Ôò?Ôò?Ôò?Ôò?Ôò?
                                                                                                                       
                                                                                                            ^
C:\Users\Tidec\Desktop\Tequila-v4-2026-rebuilt\src\main\java\frc\robot\commands\auto\AutoRoutines.java:31: error: 
unmappable character (0x90) for encoding windows-1252
// Ôò?Ôò?Ôò?Ôò?Ôò?Ôò?Ôò?Ôò?Ôò?Ôò?Ôò?Ôò?Ôò?Ôò?Ôò?Ôò?Ôò?Ôò?Ôò?Ôò?Ôò?Ôò?Ôò?Ôò?Ôò?Ôò?Ôò?Ôò?Ôò?Ôò?Ôò?Ôò?Ôò?Ôò?Ôò?Ôò?Ôò?Ôò?Ôò
?Ôò?Ôò?Ôò?Ôò?Ôò?Ôò?Ôò?Ôò?Ôò?Ôò?Ôò?Ôò?Ôò?Ôò?Ôò?Ôò?Ôò?Ôò?Ôò?Ôò?Ôò?Ôò?Ôò?Ôò?Ôò?Ôò?Ôò?Ôò?Ôò?Ôò?Ôò?Ôò?Ôò?Ôò?Ôò?Ôò?
     ^
C:\Users\Tidec\Desktop\Tequila-v4-2026-rebuilt\src\main\java\frc\robot\commands\auto\AutoRoutines.java:31: error: 
unmappable character (0x90) for encoding windows-1252
// Ôò?Ôò?Ôò?Ôò?Ôò?Ôò?Ôò?Ôò?Ôò?Ôò?Ôò?Ôò?Ôò?Ôò?Ôò?Ôò?Ôò?Ôò?Ôò?Ôò?Ôò?Ôò?Ôò?Ôò?Ôò?Ôò?Ôò?Ôò?Ôò?Ôò?Ôò?Ôò?Ôò?Ôò?Ôò?Ôò?Ôò?Ôò?Ôò
?Ôò?Ôò?Ôò?Ôò?Ôò?Ôò?Ôò?Ôò?Ôò?Ôò?Ôò?Ôò?Ôò?Ôò?Ôò?Ôò?Ôò?Ôò?Ôò?Ôò?Ôò?Ôò?Ôò?Ôò?Ôò?Ôò?Ôò?Ôò?Ôò?Ôò?Ôò?Ôò?Ôò?Ôò?Ôò?Ôò?
        ^
C:\Users\Tidec\Desktop\Tequila-v4-2026-rebuilt\src\main\java\frc\robot\commands\auto\AutoRoutines.java:31: error: 
unmappable character (0x90) for encoding windows-1252
// Ôò?Ôò?Ôò?Ôò?Ôò?Ôò?Ôò?Ôò?Ôò?Ôò?Ôò?Ôò?Ôò?Ôò?Ôò?Ôò?Ôò?Ôò?Ôò?Ôò?Ôò?Ôò?Ôò?Ôò?Ôò?Ôò?Ôò?Ôò?Ôò?Ôò?Ôò?Ôò?Ôò?Ôò?Ôò?Ôò?Ôò?Ôò?Ôò
?Ôò?Ôò?Ôò?Ôò?Ôò?Ôò?Ôò?Ôò?Ôò?Ôò?Ôò?Ôò?Ôò?Ôò?Ôò?Ôò?Ôò?Ôò?Ôò?Ôò?Ôò?Ôò?Ôò?Ôò?Ôò?Ôò?Ôò?Ôò?Ôò?Ôò?Ôò?Ôò?Ôò?Ôò?Ôò?Ôò?
           ^
C:\Users\Tidec\Desktop\Tequila-v4-2026-rebuilt\src\main\java\frc\robot\commands\auto\AutoRoutines.java:31: error: 
unmappable character (0x90) for encoding windows-1252
// Ôò?Ôò?Ôò?Ôò?Ôò?Ôò?Ôò?Ôò?Ôò?Ôò?Ôò?Ôò?Ôò?Ôò?Ôò?Ôò?Ôò?Ôò?Ôò?Ôò?Ôò?Ôò?Ôò?Ôò?Ôò?Ôò?Ôò?Ôò?Ôò?Ôò?Ôò?Ôò?Ôò?Ôò?Ôò?Ôò?Ôò?Ôò?Ôò
?Ôò?Ôò?Ôò?Ôò?Ôò?Ôò?Ôò?Ôò?Ôò?Ôò?Ôò?Ôò?Ôò?Ôò?Ôò?Ôò?Ôò?Ôò?Ôò?Ôò?Ôò?Ôò?Ôò?Ôò?Ôò?Ôò?Ôò?Ôò?Ôò?Ôò?Ôò?Ôò?Ôò?Ôò?Ôò?Ôò?
              ^
C:\Users\Tidec\Desktop\Tequila-v4-2026-rebuilt\src\main\java\frc\robot\commands\auto\AutoRoutines.java:31: error: 
unmappable character (0x90) for encoding windows-1252
// Ôò?Ôò?Ôò?Ôò?Ôò?Ôò?Ôò?Ôò?Ôò?Ôò?Ôò?Ôò?Ôò?Ôò?Ôò?Ôò?Ôò?Ôò?Ôò?Ôò?Ôò?Ôò?Ôò?Ôò?Ôò?Ôò?Ôò?Ôò?Ôò?Ôò?Ôò?Ôò?Ôò?Ôò?Ôò?Ôò?Ôò?Ôò?Ôò
?Ôò?Ôò?Ôò?Ôò?Ôò?Ôò?Ôò?Ôò?Ôò?Ôò?Ôò?Ôò?Ôò?Ôò?Ôò?Ôò?Ôò?Ôò?Ôò?Ôò?Ôò?Ôò?Ôò?Ôò?Ôò?Ôò?Ôò?Ôò?Ôò?Ôò?Ôò?Ôò?Ôò?Ôò?Ôò?Ôò?
                 ^
C:\Users\Tidec\Desktop\Tequila-v4-2026-rebuilt\src\main\java\frc\robot\commands\auto\AutoRoutines.java:31: error: 
unmappable character (0x90) for encoding windows-1252
// Ôò?Ôò?Ôò?Ôò?Ôò?Ôò?Ôò?Ôò?Ôò?Ôò?Ôò?Ôò?Ôò?Ôò?Ôò?Ôò?Ôò?Ôò?Ôò?Ôò?Ôò?Ôò?Ôò?Ôò?Ôò?Ôò?Ôò?Ôò?Ôò?Ôò?Ôò?Ôò?Ôò?Ôò?Ôò?Ôò?Ôò?Ôò?Ôò
?Ôò?Ôò?Ôò?Ôò?Ôò?Ôò?Ôò?Ôò?Ôò?Ôò?Ôò?Ôò?Ôò?Ôò?Ôò?Ôò?Ôò?Ôò?Ôò?Ôò?Ôò?Ôò?Ôò?Ôò?Ôò?Ôò?Ôò?Ôò?Ôò?Ôò?Ôò?Ôò?Ôò?Ôò?Ôò?Ôò?
                    ^
C:\Users\Tidec\Desktop\Tequila-v4-2026-rebuilt\src\main\java\frc\robot\commands\auto\AutoRoutines.java:31: error: 
unmappable character (0x90) for encoding windows-1252
// Ôò?Ôò?Ôò?Ôò?Ôò?Ôò?Ôò?Ôò?Ôò?Ôò?Ôò?Ôò?Ôò?Ôò?Ôò?Ôò?Ôò?Ôò?Ôò?Ôò?Ôò?Ôò?Ôò?Ôò?Ôò?Ôò?Ôò?Ôò?Ôò?Ôò?Ôò?Ôò?Ôò?Ôò?Ôò?Ôò?Ôò?Ôò?Ôò
?Ôò?Ôò?Ôò?Ôò?Ôò?Ôò?Ôò?Ôò?Ôò?Ôò?Ôò?Ôò?Ôò?Ôò?Ôò?Ôò?Ôò?Ôò?Ôò?Ôò?Ôò?Ôò?Ôò?Ôò?Ôò?Ôò?Ôò?Ôò?Ôò?Ôò?Ôò?Ôò?Ôò?Ôò?Ôò?Ôò?
                       ^
C:\Users\Tidec\Desktop\Tequila-v4-2026-rebuilt\src\main\java\frc\robot\commands\auto\AutoRoutines.java:31: error: 
unmappable character (0x90) for encoding windows-1252
// Ôò?Ôò?Ôò?Ôò?Ôò?Ôò?Ôò?Ôò?Ôò?Ôò?Ôò?Ôò?Ôò?Ôò?Ôò?Ôò?Ôò?Ôò?Ôò?Ôò?Ôò?Ôò?Ôò?Ôò?Ôò?Ôò?Ôò?Ôò?Ôò?Ôò?Ôò?Ôò?Ôò?Ôò?Ôò?Ôò?Ôò?Ôò?Ôò
?Ôò?Ôò?Ôò?Ôò?Ôò?Ôò?Ôò?Ôò?Ôò?Ôò?Ôò?Ôò?Ôò?Ôò?Ôò?Ôò?Ôò?Ôò?Ôò?Ôò?Ôò?Ôò?Ôò?Ôò?Ôò?Ôò?Ôò?Ôò?Ôò?Ôò?Ôò?Ôò?Ôò?Ôò?Ôò?Ôò?
                          ^
C:\Users\Tidec\Desktop\Tequila-v4-2026-rebuilt\src\main\java\frc\robot\commands\auto\AutoRoutines.java:31: error: 
unmappable character (0x90) for encoding windows-1252
// Ôò?Ôò?Ôò?Ôò?Ôò?Ôò?Ôò?Ôò?Ôò?Ôò?Ôò?Ôò?Ôò?Ôò?Ôò?Ôò?Ôò?Ôò?Ôò?Ôò?Ôò?Ôò?Ôò?Ôò?Ôò?Ôò?Ôò?Ôò?Ôò?Ôò?Ôò?Ôò?Ôò?Ôò?Ôò?Ôò?Ôò?Ôò?Ôò
?Ôò?Ôò?Ôò?Ôò?Ôò?Ôò?Ôò?Ôò?Ôò?Ôò?Ôò?Ôò?Ôò?Ôò?Ôò?Ôò?Ôò?Ôò?Ôò?Ôò?Ôò?Ôò?Ôò?Ôò?Ôò?Ôò?Ôò?Ôò?Ôò?Ôò?Ôò?Ôò?Ôò?Ôò?Ôò?Ôò?
                             ^
C:\Users\Tidec\Desktop\Tequila-v4-2026-rebuilt\src\main\java\frc\robot\commands\auto\AutoRoutines.java:31: error: 
unmappable character (0x90) for encoding windows-1252
// Ôò?Ôò?Ôò?Ôò?Ôò?Ôò?Ôò?Ôò?Ôò?Ôò?Ôò?Ôò?Ôò?Ôò?Ôò?Ôò?Ôò?Ôò?Ôò?Ôò?Ôò?Ôò?Ôò?Ôò?Ôò?Ôò?Ôò?Ôò?Ôò?Ôò?Ôò?Ôò?Ôò?Ôò?Ôò?Ôò?Ôò?Ôò?Ôò
?Ôò?Ôò?Ôò?Ôò?Ôò?Ôò?Ôò?Ôò?Ôò?Ôò?Ôò?Ôò?Ôò?Ôò?Ôò?Ôò?Ôò?Ôò?Ôò?Ôò?Ôò?Ôò?Ôò?Ôò?Ôò?Ôò?Ôò?Ôò?Ôò?Ôò?Ôò?Ôò?Ôò?Ôò?Ôò?Ôò?
                                ^
C:\Users\Tidec\Desktop\Tequila-v4-2026-rebuilt\src\main\java\frc\robot\commands\auto\AutoRoutines.java:31: error: 
unmappable character (0x90) for encoding windows-1252
// Ôò?Ôò?Ôò?Ôò?Ôò?Ôò?Ôò?Ôò?Ôò?Ôò?Ôò?Ôò?Ôò?Ôò?Ôò?Ôò?Ôò?Ôò?Ôò?Ôò?Ôò?Ôò?Ôò?Ôò?Ôò?Ôò?Ôò?Ôò?Ôò?Ôò?Ôò?Ôò?Ôò?Ôò?Ôò?Ôò?Ôò?Ôò?Ôò
?Ôò?Ôò?Ôò?Ôò?Ôò?Ôò?Ôò?Ôò?Ôò?Ôò?Ôò?Ôò?Ôò?Ôò?Ôò?Ôò?Ôò?Ôò?Ôò?Ôò?Ôò?Ôò?Ôò?Ôò?Ôò?Ôò?Ôò?Ôò?Ôò?Ôò?Ôò?Ôò?Ôò?Ôò?Ôò?Ôò?
                                   ^
C:\Users\Tidec\Desktop\Tequila-v4-2026-rebuilt\src\main\java\frc\robot\commands\auto\AutoRoutines.java:31: error: 
unmappable character (0x90) for encoding windows-1252
// Ôò?Ôò?Ôò?Ôò?Ôò?Ôò?Ôò?Ôò?Ôò?Ôò?Ôò?Ôò?Ôò?Ôò?Ôò?Ôò?Ôò?Ôò?Ôò?Ôò?Ôò?Ôò?Ôò?Ôò?Ôò?Ôò?Ôò?Ôò?Ôò?Ôò?Ôò?Ôò?Ôò?Ôò?Ôò?Ôò?Ôò?Ôò?Ôò
?Ôò?Ôò?Ôò?Ôò?Ôò?Ôò?Ôò?Ôò?Ôò?Ôò?Ôò?Ôò?Ôò?Ôò?Ôò?Ôò?Ôò?Ôò?Ôò?Ôò?Ôò?Ôò?Ôò?Ôò?Ôò?Ôò?Ôò?Ôò?Ôò?Ôò?Ôò?Ôò?Ôò?Ôò?Ôò?Ôò?
                                      ^
C:\Users\Tidec\Desktop\Tequila-v4-2026-rebuilt\src\main\java\frc\robot\commands\auto\AutoRoutines.java:31: error: 
unmappable character (0x90) for encoding windows-1252
// Ôò?Ôò?Ôò?Ôò?Ôò?Ôò?Ôò?Ôò?Ôò?Ôò?Ôò?Ôò?Ôò?Ôò?Ôò?Ôò?Ôò?Ôò?Ôò?Ôò?Ôò?Ôò?Ôò?Ôò?Ôò?Ôò?Ôò?Ôò?Ôò?Ôò?Ôò?Ôò?Ôò?Ôò?Ôò?Ôò?Ôò?Ôò?Ôò
?Ôò?Ôò?Ôò?Ôò?Ôò?Ôò?Ôò?Ôò?Ôò?Ôò?Ôò?Ôò?Ôò?Ôò?Ôò?Ôò?Ôò?Ôò?Ôò?Ôò?Ôò?Ôò?Ôò?Ôò?Ôò?Ôò?Ôò?Ôò?Ôò?Ôò?Ôò?Ôò?Ôò?Ôò?Ôò?Ôò?
                                         ^
C:\Users\Tidec\Desktop\Tequila-v4-2026-rebuilt\src\main\java\frc\robot\commands\auto\AutoRoutines.java:31: error: 
unmappable character (0x90) for encoding windows-1252
// Ôò?Ôò?Ôò?Ôò?Ôò?Ôò?Ôò?Ôò?Ôò?Ôò?Ôò?Ôò?Ôò?Ôò?Ôò?Ôò?Ôò?Ôò?Ôò?Ôò?Ôò?Ôò?Ôò?Ôò?Ôò?Ôò?Ôò?Ôò?Ôò?Ôò?Ôò?Ôò?Ôò?Ôò?Ôò?Ôò?Ôò?Ôò?Ôò
?Ôò?Ôò?Ôò?Ôò?Ôò?Ôò?Ôò?Ôò?Ôò?Ôò?Ôò?Ôò?Ôò?Ôò?Ôò?Ôò?Ôò?Ôò?Ôò?Ôò?Ôò?Ôò?Ôò?Ôò?Ôò?Ôò?Ôò?Ôò?Ôò?Ôò?Ôò?Ôò?Ôò?Ôò?Ôò?Ôò?
                                            ^
C:\Users\Tidec\Desktop\Tequila-v4-2026-rebuilt\src\main\java\frc\robot\commands\auto\AutoRoutines.java:31: error: 
unmappable character (0x90) for encoding windows-1252
// Ôò?Ôò?Ôò?Ôò?Ôò?Ôò?Ôò?Ôò?Ôò?Ôò?Ôò?Ôò?Ôò?Ôò?Ôò?Ôò?Ôò?Ôò?Ôò?Ôò?Ôò?Ôò?Ôò?Ôò?Ôò?Ôò?Ôò?Ôò?Ôò?Ôò?Ôò?Ôò?Ôò?Ôò?Ôò?Ôò?Ôò?Ôò?Ôò
?Ôò?Ôò?Ôò?Ôò?Ôò?Ôò?Ôò?Ôò?Ôò?Ôò?Ôò?Ôò?Ôò?Ôò?Ôò?Ôò?Ôò?Ôò?Ôò?Ôò?Ôò?Ôò?Ôò?Ôò?Ôò?Ôò?Ôò?Ôò?Ôò?Ôò?Ôò?Ôò?Ôò?Ôò?Ôò?Ôò?
                                               ^
C:\Users\Tidec\Desktop\Tequila-v4-2026-rebuilt\src\main\java\frc\robot\commands\auto\AutoRoutines.java:31: error: 
unmappable character (0x90) for encoding windows-1252
// Ôò?Ôò?Ôò?Ôò?Ôò?Ôò?Ôò?Ôò?Ôò?Ôò?Ôò?Ôò?Ôò?Ôò?Ôò?Ôò?Ôò?Ôò?Ôò?Ôò?Ôò?Ôò?Ôò?Ôò?Ôò?Ôò?Ôò?Ôò?Ôò?Ôò?Ôò?Ôò?Ôò?Ôò?Ôò?Ôò?Ôò?Ôò?Ôò
?Ôò?Ôò?Ôò?Ôò?Ôò?Ôò?Ôò?Ôò?Ôò?Ôò?Ôò?Ôò?Ôò?Ôò?Ôò?Ôò?Ôò?Ôò?Ôò?Ôò?Ôò?Ôò?Ôò?Ôò?Ôò?Ôò?Ôò?Ôò?Ôò?Ôò?Ôò?Ôò?Ôò?Ôò?Ôò?Ôò?
                                                  ^
C:\Users\Tidec\Desktop\Tequila-v4-2026-rebuilt\src\main\java\frc\robot\commands\auto\AutoRoutines.java:31: error: 
unmappable character (0x90) for encoding windows-1252
// Ôò?Ôò?Ôò?Ôò?Ôò?Ôò?Ôò?Ôò?Ôò?Ôò?Ôò?Ôò?Ôò?Ôò?Ôò?Ôò?Ôò?Ôò?Ôò?Ôò?Ôò?Ôò?Ôò?Ôò?Ôò?Ôò?Ôò?Ôò?Ôò?Ôò?Ôò?Ôò?Ôò?Ôò?Ôò?Ôò?Ôò?Ôò?Ôò
?Ôò?Ôò?Ôò?Ôò?Ôò?Ôò?Ôò?Ôò?Ôò?Ôò?Ôò?Ôò?Ôò?Ôò?Ôò?Ôò?Ôò?Ôò?Ôò?Ôò?Ôò?Ôò?Ôò?Ôò?Ôò?Ôò?Ôò?Ôò?Ôò?Ôò?Ôò?Ôò?Ôò?Ôò?Ôò?Ôò?
                                                     ^
C:\Users\Tidec\Desktop\Tequila-v4-2026-rebuilt\src\main\java\frc\robot\commands\auto\AutoRoutines.java:31: error: 
unmappable character (0x90) for encoding windows-1252
Compilation Error!
GradleRIO detected this build failed due to a Compile Error (compileJava).
Check that all your files are saved, then scroll up in this log for more information.
[Incubating] Problems report is available at: file:///C:/Users/Tidec/Desktop/Tequila-v4-2026-rebuilt/build/reports/problems/problems-report.html
// Ôò?Ôò?Ôò?Ôò?Ôò?Ôò?Ôò?Ôò?Ôò?Ôò?Ôò?Ôò?Ôò?Ôò?Ôò?Ôò?Ôò?Ôò?Ôò?Ôò?Ôò?Ôò?Ôò?Ôò?Ôò?Ôò?Ôò?Ôò?Ôò?Ôò?Ôò?Ôò?Ôò?Ôò?Ôò?Ôò?Ôò?Ôò?Ôò
?Ôò?Ôò?Ôò?Ôò?Ôò?Ôò?Ôò?Ôò?Ôò?Ôò?Ôò?Ôò?Ôò?Ôò?Ôò?Ôò?Ôò?Ôò?Ôò?Ôò?Ôò?Ôò?Ôò?Ôò?Ôò?Ôò?Ôò?Ôò?Ôò?Ôò?Ôò?Ôò?Ôò?Ôò?Ôò?Ôò?
                                                        ^
C:\Users\Tidec\Desktop\Tequila-v4-2026-rebuilt\src\main\java\frc\robot\commands\auto\AutoRoutines.java:31: error: 
unmappable character (0x90) for encoding windows-1252
// Ôò?Ôò?Ôò?Ôò?Ôò?Ôò?Ôò?Ôò?Ôò?Ôò?Ôò?Ôò?Ôò?Ôò?Ôò?Ôò?Ôò?Ôò?Ôò?Ôò?Ôò?Ôò?Ôò?Ôò?Ôò?Ôò?Ôò?Ôò?Ôò?Ôò?Ôò?Ôò?Ôò?Ôò?Ôò?Ôò?Ôò?Ôò?Ôò
?Ôò?Ôò?Ôò?Ôò?Ôò?Ôò?Ôò?Ôò?Ôò?Ôò?Ôò?Ôò?Ôò?Ôò?Ôò?Ôò?Ôò?Ôò?Ôò?Ôò?Ôò?Ôò?Ôò?Ôò?Ôò?Ôò?Ôò?Ôò?Ôò?Ôò?Ôò?Ôò?Ôò?Ôò?Ôò?Ôò?
                                                           ^
C:\Users\Tidec\Desktop\Tequila-v4-2026-rebuilt\src\main\java\frc\robot\commands\auto\AutoRoutines.java:31: error: 
unmappable character (0x90) for encoding windows-1252
// Ôò?Ôò?Ôò?Ôò?Ôò?Ôò?Ôò?Ôò?Ôò?Ôò?Ôò?Ôò?Ôò?Ôò?Ôò?Ôò?Ôò?Ôò?Ôò?Ôò?Ôò?Ôò?Ôò?Ôò?Ôò?Ôò?Ôò?Ôò?Ôò?Ôò?Ôò?Ôò?Ôò?Ôò?Ôò?Ôò?Ôò?Ôò?Ôò
?Ôò?Ôò?Ôò?Ôò?Ôò?Ôò?Ôò?Ôò?Ôò?Ôò?Ôò?Ôò?Ôò?Ôò?Ôò?Ôò?Ôò?Ôò?Ôò?Ôò?Ôò?Ôò?Ôò?Ôò?Ôò?Ôò?Ôò?Ôò?Ôò?Ôò?Ôò?Ôò?Ôò?Ôò?Ôò?Ôò?
                                                              ^
C:\Users\Tidec\Desktop\Tequila-v4-2026-rebuilt\src\main\java\frc\robot\commands\auto\AutoRoutines.java:31: error: 
unmappable character (0x90) for encoding windows-1252
// Ôò?Ôò?Ôò?Ôò?Ôò?Ôò?Ôò?Ôò?Ôò?Ôò?Ôò?Ôò?Ôò?Ôò?Ôò?Ôò?Ôò?Ôò?Ôò?Ôò?Ôò?Ôò?Ôò?Ôò?Ôò?Ôò?Ôò?Ôò?Ôò?Ôò?Ôò?Ôò?Ôò?Ôò?Ôò?Ôò?Ôò?Ôò?Ôò
?Ôò?Ôò?Ôò?Ôò?Ôò?Ôò?Ôò?Ôò?Ôò?Ôò?Ôò?Ôò?Ôò?Ôò?Ôò?Ôò?Ôò?Ôò?Ôò?Ôò?Ôò?Ôò?Ôò?Ôò?Ôò?Ôò?Ôò?Ôò?Ôò?Ôò?Ôò?Ôò?Ôò?Ôò?Ôò?Ôò?
                                                                 ^
C:\Users\Tidec\Desktop\Tequila-v4-2026-rebuilt\src\main\java\frc\robot\commands\auto\AutoRoutines.java:31: error: 
unmappable character (0x90) for encoding windows-1252
// Ôò?Ôò?Ôò?Ôò?Ôò?Ôò?Ôò?Ôò?Ôò?Ôò?Ôò?Ôò?Ôò?Ôò?Ôò?Ôò?Ôò?Ôò?Ôò?Ôò?Ôò?Ôò?Ôò?Ôò?Ôò?Ôò?Ôò?Ôò?Ôò?Ôò?Ôò?Ôò?Ôò?Ôò?Ôò?Ôò?Ôò?Ôò?Ôò
?Ôò?Ôò?Ôò?Ôò?Ôò?Ôò?Ôò?Ôò?Ôò?Ôò?Ôò?Ôò?Ôò?Ôò?Ôò?Ôò?Ôò?Ôò?Ôò?Ôò?Ôò?Ôò?Ôò?Ôò?Ôò?Ôò?Ôò?Ôò?Ôò?Ôò?Ôò?Ôò?Ôò?Ôò?Ôò?Ôò?
                                                                    ^
C:\Users\Tidec\Desktop\Tequila-v4-2026-rebuilt\src\main\java\frc\robot\commands\auto\AutoRoutines.java:31: error: 
unmappable character (0x90) for encoding windows-1252
// Ôò?Ôò?Ôò?Ôò?Ôò?Ôò?Ôò?Ôò?Ôò?Ôò?Ôò?Ôò?Ôò?Ôò?Ôò?Ôò?Ôò?Ôò?Ôò?Ôò?Ôò?Ôò?Ôò?Ôò?Ôò?Ôò?Ôò?Ôò?Ôò?Ôò?Ôò?Ôò?Ôò?Ôò?Ôò?Ôò?Ôò?Ôò?Ôò
?Ôò?Ôò?Ôò?Ôò?Ôò?Ôò?Ôò?Ôò?Ôò?Ôò?Ôò?Ôò?Ôò?Ôò?Ôò?Ôò?Ôò?Ôò?Ôò?Ôò?Ôò?Ôò?Ôò?Ôò?Ôò?Ôò?Ôò?Ôò?Ôò?Ôò?Ôò?Ôò?Ôò?Ôò?Ôò?Ôò?
                                                                       ^
C:\Users\Tidec\Desktop\Tequila-v4-2026-rebuilt\src\main\java\frc\robot\commands\auto\AutoRoutines.java:31: error: 
unmappable character (0x90) for encoding windows-1252
// Ôò?Ôò?Ôò?Ôò?Ôò?Ôò?Ôò?Ôò?Ôò?Ôò?Ôò?Ôò?Ôò?Ôò?Ôò?Ôò?Ôò?Ôò?Ôò?Ôò?Ôò?Ôò?Ôò?Ôò?Ôò?Ôò?Ôò?Ôò?Ôò?Ôò?Ôò?Ôò?Ôò?Ôò?Ôò?Ôò?Ôò?Ôò?Ôò
?Ôò?Ôò?Ôò?Ôò?Ôò?Ôò?Ôò?Ôò?Ôò?Ôò?Ôò?Ôò?Ôò?Ôò?Ôò?Ôò?Ôò?Ôò?Ôò?Ôò?Ôò?Ôò?Ôò?Ôò?Ôò?Ôò?Ôò?Ôò?Ôò?Ôò?Ôò?Ôò?Ôò?Ôò?Ôò?Ôò?
                                                                          ^
C:\Users\Tidec\Desktop\Tequila-v4-2026-rebuilt\src\main\java\frc\robot\commands\auto\AutoRoutines.java:31: error: 
unmappable character (0x90) for encoding windows-1252
// Ôò?Ôò?Ôò?Ôò?Ôò?Ôò?Ôò?Ôò?Ôò?Ôò?Ôò?Ôò?Ôò?Ôò?Ôò?Ôò?Ôò?Ôò?Ôò?Ôò?Ôò?Ôò?Ôò?Ôò?Ôò?Ôò?Ôò?Ôò?Ôò?Ôò?Ôò?Ôò?Ôò?Ôò?Ôò?Ôò?Ôò?Ôò?Ôò
?Ôò?Ôò?Ôò?Ôò?Ôò?Ôò?Ôò?Ôò?Ôò?Ôò?Ôò?Ôò?Ôò?Ôò?Ôò?Ôò?Ôò?Ôò?Ôò?Ôò?Ôò?Ôò?Ôò?Ôò?Ôò?Ôò?Ôò?Ôò?Ôò?Ôò?Ôò?Ôò?Ôò?Ôò?Ôò?Ôò?
                                                                             ^
C:\Users\Tidec\Desktop\Tequila-v4-2026-rebuilt\src\main\java\frc\robot\subsystems\mechanism\intakeSubsystem.java:64: 
error: illegal start of expression
                ? InvertedValue.Clockwise_Positive
                ^
101 errors

FAILURE: Build failed with an exception.

* What went wrong:
Execution failed for task ':compileJava'.
> Compilation failed; see the compiler output below.
  C:\Users\Tidec\Desktop\Tequila-v4-2026-rebuilt\src\main\java\frc\robot\subsystems\mechanism\intakeSubsystem.java:64: 
error: illegal start of expression
                  ? InvertedValue.Clockwise_Positive
                  ^
  C:\Users\Tidec\Desktop\Tequila-v4-2026-rebuilt\src\main\java\frc\robot\commands\auto\AutoRoutines.java:10: error: 
unmappable character (0x90) for encoding windows-1252
  // Ôò?Ôò?Ôò?Ôò?Ôò?Ôò?Ôò?Ôò?Ôò?Ôò?Ôò?Ôò?Ôò?Ôò?Ôò?Ôò?Ôò?Ôò?Ôò?Ôò?Ôò?Ôò?Ôò?Ôò?Ôò?Ôò?Ôò?Ôò?Ôò?Ôò?Ôò?Ôò?Ôò?Ôò?Ôò?Ôò?Ôò?Ôò?
Ôò?Ôò?Ôò?Ôò?Ôò?Ôò?Ôò?Ôò?Ôò?Ôò?Ôò?Ôò?Ôò?Ôò?Ôò?Ôò?Ôò?Ôò?Ôò?Ôò?Ôò?Ôò?Ôò?Ôò?Ôò?Ôò?Ôò?Ôò?Ôò?Ôò?Ôò?Ôò?Ôò?Ôò?Ôò?Ôò?Ôò?
       ^
  C:\Users\Tidec\Desktop\Tequila-v4-2026-rebuilt\src\main\java\frc\robot\commands\auto\AutoRoutines.java:10: error: 
unmappable character (0x90) for encoding windows-1252
  // Ôò?Ôò?Ôò?Ôò?Ôò?Ôò?Ôò?Ôò?Ôò?Ôò?Ôò?Ôò?Ôò?Ôò?Ôò?Ôò?Ôò?Ôò?Ôò?Ôò?Ôò?Ôò?Ôò?Ôò?Ôò?Ôò?Ôò?Ôò?Ôò?Ôò?Ôò?Ôò?Ôò?Ôò?Ôò?Ôò?Ôò?Ôò?
Ôò?Ôò?Ôò?Ôò?Ôò?Ôò?Ôò?Ôò?Ôò?Ôò?Ôò?Ôò?Ôò?Ôò?Ôò?Ôò?Ôò?Ôò?Ôò?Ôò?Ôò?Ôò?Ôò?Ôò?Ôò?Ôò?Ôò?Ôò?Ôò?Ôò?Ôò?Ôò?Ôò?Ôò?Ôò?Ôò?Ôò?
          ^
  C:\Users\Tidec\Desktop\Tequila-v4-2026-rebuilt\src\main\java\frc\robot\commands\auto\AutoRoutines.java:10: error: 
unmappable character (0x90) for encoding windows-1252
  // Ôò?Ôò?Ôò?Ôò?Ôò?Ôò?Ôò?Ôò?Ôò?Ôò?Ôò?Ôò?Ôò?Ôò?Ôò?Ôò?Ôò?Ôò?Ôò?Ôò?Ôò?Ôò?Ôò?Ôò?Ôò?Ôò?Ôò?Ôò?Ôò?Ôò?Ôò?Ôò?Ôò?Ôò?Ôò?Ôò?Ôò?Ôò?
Ôò?Ôò?Ôò?Ôò?Ôò?Ôò?Ôò?Ôò?Ôò?Ôò?Ôò?Ôò?Ôò?Ôò?Ôò?Ôò?Ôò?Ôò?Ôò?Ôò?Ôò?Ôò?Ôò?Ôò?Ôò?Ôò?Ôò?Ôò?Ôò?Ôò?Ôò?Ôò?Ôò?Ôò?Ôò?Ôò?Ôò?
             ^
  C:\Users\Tidec\Desktop\Tequila-v4-2026-rebuilt\src\main\java\frc\robot\commands\auto\AutoRoutines.java:10: error: 
unmappable character (0x90) for encoding windows-1252
  // Ôò?Ôò?Ôò?Ôò?Ôò?Ôò?Ôò?Ôò?Ôò?Ôò?Ôò?Ôò?Ôò?Ôò?Ôò?Ôò?Ôò?Ôò?Ôò?Ôò?Ôò?Ôò?Ôò?Ôò?Ôò?Ôò?Ôò?Ôò?Ôò?Ôò?Ôò?Ôò?Ôò?Ôò?Ôò?Ôò?Ôò?Ôò?
Ôò?Ôò?Ôò?Ôò?Ôò?Ôò?Ôò?Ôò?Ôò?Ôò?Ôò?Ôò?Ôò?Ôò?Ôò?Ôò?Ôò?Ôò?Ôò?Ôò?Ôò?Ôò?Ôò?Ôò?Ôò?Ôò?Ôò?Ôò?Ôò?Ôò?Ôò?Ôò?Ôò?Ôò?Ôò?Ôò?Ôò?
                ^
  C:\Users\Tidec\Desktop\Tequila-v4-2026-rebuilt\src\main\java\frc\robot\commands\auto\AutoRoutines.java:10: error: 
unmappable character (0x90) for encoding windows-1252
  // Ôò?Ôò?Ôò?Ôò?Ôò?Ôò?Ôò?Ôò?Ôò?Ôò?Ôò?Ôò?Ôò?Ôò?Ôò?Ôò?Ôò?Ôò?Ôò?Ôò?Ôò?Ôò?Ôò?Ôò?Ôò?Ôò?Ôò?Ôò?Ôò?Ôò?Ôò?Ôò?Ôò?Ôò?Ôò?Ôò?Ôò?Ôò?
Ôò?Ôò?Ôò?Ôò?Ôò?Ôò?Ôò?Ôò?Ôò?Ôò?Ôò?Ôò?Ôò?Ôò?Ôò?Ôò?Ôò?Ôò?Ôò?Ôò?Ôò?Ôò?Ôò?Ôò?Ôò?Ôò?Ôò?Ôò?Ôò?Ôò?Ôò?Ôò?Ôò?Ôò?Ôò?Ôò?Ôò?
                   ^
  C:\Users\Tidec\Desktop\Tequila-v4-2026-rebuilt\src\main\java\frc\robot\commands\auto\AutoRoutines.java:10: error: 
unmappable character (0x90) for encoding windows-1252
  // Ôò?Ôò?Ôò?Ôò?Ôò?Ôò?Ôò?Ôò?Ôò?Ôò?Ôò?Ôò?Ôò?Ôò?Ôò?Ôò?Ôò?Ôò?Ôò?Ôò?Ôò?Ôò?Ôò?Ôò?Ôò?Ôò?Ôò?Ôò?Ôò?Ôò?Ôò?Ôò?Ôò?Ôò?Ôò?Ôò?Ôò?Ôò?
Ôò?Ôò?Ôò?Ôò?Ôò?Ôò?Ôò?Ôò?Ôò?Ôò?Ôò?Ôò?Ôò?Ôò?Ôò?Ôò?Ôò?Ôò?Ôò?Ôò?Ôò?Ôò?Ôò?Ôò?Ôò?Ôò?Ôò?Ôò?Ôò?Ôò?Ôò?Ôò?Ôò?Ôò?Ôò?Ôò?Ôò?
                      ^
  C:\Users\Tidec\Desktop\Tequila-v4-2026-rebuilt\src\main\java\frc\robot\commands\auto\AutoRoutines.java:10: error: 
unmappable character (0x90) for encoding windows-1252
  // Ôò?Ôò?Ôò?Ôò?Ôò?Ôò?Ôò?Ôò?Ôò?Ôò?Ôò?Ôò?Ôò?Ôò?Ôò?Ôò?Ôò?Ôò?Ôò?Ôò?Ôò?Ôò?Ôò?Ôò?Ôò?Ôò?Ôò?Ôò?Ôò?Ôò?Ôò?Ôò?Ôò?Ôò?Ôò?Ôò?Ôò?Ôò?
Ôò?Ôò?Ôò?Ôò?Ôò?Ôò?Ôò?Ôò?Ôò?Ôò?Ôò?Ôò?Ôò?Ôò?Ôò?Ôò?Ôò?Ôò?Ôò?Ôò?Ôò?Ôò?Ôò?Ôò?Ôò?Ôò?Ôò?Ôò?Ôò?Ôò?Ôò?Ôò?Ôò?Ôò?Ôò?Ôò?Ôò?
                         ^
  C:\Users\Tidec\Desktop\Tequila-v4-2026-rebuilt\src\main\java\frc\robot\commands\auto\AutoRoutines.java:10: error: 
unmappable character (0x90) for encoding windows-1252
  // Ôò?Ôò?Ôò?Ôò?Ôò?Ôò?Ôò?Ôò?Ôò?Ôò?Ôò?Ôò?Ôò?Ôò?Ôò?Ôò?Ôò?Ôò?Ôò?Ôò?Ôò?Ôò?Ôò?Ôò?Ôò?Ôò?Ôò?Ôò?Ôò?Ôò?Ôò?Ôò?Ôò?Ôò?Ôò?Ôò?Ôò?Ôò?
Ôò?Ôò?Ôò?Ôò?Ôò?Ôò?Ôò?Ôò?Ôò?Ôò?Ôò?Ôò?Ôò?Ôò?Ôò?Ôò?Ôò?Ôò?Ôò?Ôò?Ôò?Ôò?Ôò?Ôò?Ôò?Ôò?Ôò?Ôò?Ôò?Ôò?Ôò?Ôò?Ôò?Ôò?Ôò?Ôò?Ôò?
                            ^
  C:\Users\Tidec\Desktop\Tequila-v4-2026-rebuilt\src\main\java\frc\robot\commands\auto\AutoRoutines.java:10: error: 
unmappable character (0x90) for encoding windows-1252
  // Ôò?Ôò?Ôò?Ôò?Ôò?Ôò?Ôò?Ôò?Ôò?Ôò?Ôò?Ôò?Ôò?Ôò?Ôò?Ôò?Ôò?Ôò?Ôò?Ôò?Ôò?Ôò?Ôò?Ôò?Ôò?Ôò?Ôò?Ôò?Ôò?Ôò?Ôò?Ôò?Ôò?Ôò?Ôò?Ôò?Ôò?Ôò?
Ôò?Ôò?Ôò?Ôò?Ôò?Ôò?Ôò?Ôò?Ôò?Ôò?Ôò?Ôò?Ôò?Ôò?Ôò?Ôò?Ôò?Ôò?Ôò?Ôò?Ôò?Ôò?Ôò?Ôò?Ôò?Ôò?Ôò?Ôò?Ôò?Ôò?Ôò?Ôò?Ôò?Ôò?Ôò?Ôò?Ôò?
                               ^
  C:\Users\Tidec\Desktop\Tequila-v4-2026-rebuilt\src\main\java\frc\robot\commands\auto\AutoRoutines.java:10: error: 
unmappable character (0x90) for encoding windows-1252
  // Ôò?Ôò?Ôò?Ôò?Ôò?Ôò?Ôò?Ôò?Ôò?Ôò?Ôò?Ôò?Ôò?Ôò?Ôò?Ôò?Ôò?Ôò?Ôò?Ôò?Ôò?Ôò?Ôò?Ôò?Ôò?Ôò?Ôò?Ôò?Ôò?Ôò?Ôò?Ôò?Ôò?Ôò?Ôò?Ôò?Ôò?Ôò?
Ôò?Ôò?Ôò?Ôò?Ôò?Ôò?Ôò?Ôò?Ôò?Ôò?Ôò?Ôò?Ôò?Ôò?Ôò?Ôò?Ôò?Ôò?Ôò?Ôò?Ôò?Ôò?Ôò?Ôò?Ôò?Ôò?Ôò?Ôò?Ôò?Ôò?Ôò?Ôò?Ôò?Ôò?Ôò?Ôò?Ôò?
                                  ^
  C:\Users\Tidec\Desktop\Tequila-v4-2026-rebuilt\src\main\java\frc\robot\commands\auto\AutoRoutines.java:10: error: 
unmappable character (0x90) for encoding windows-1252
  // Ôò?Ôò?Ôò?Ôò?Ôò?Ôò?Ôò?Ôò?Ôò?Ôò?Ôò?Ôò?Ôò?Ôò?Ôò?Ôò?Ôò?Ôò?Ôò?Ôò?Ôò?Ôò?Ôò?Ôò?Ôò?Ôò?Ôò?Ôò?Ôò?Ôò?Ôò?Ôò?Ôò?Ôò?Ôò?Ôò?Ôò?Ôò?
Ôò?Ôò?Ôò?Ôò?Ôò?Ôò?Ôò?Ôò?Ôò?Ôò?Ôò?Ôò?Ôò?Ôò?Ôò?Ôò?Ôò?Ôò?Ôò?Ôò?Ôò?Ôò?Ôò?Ôò?Ôò?Ôò?Ôò?Ôò?Ôò?Ôò?Ôò?Ôò?Ôò?Ôò?Ôò?Ôò?Ôò?
                                     ^
  C:\Users\Tidec\Desktop\Tequila-v4-2026-rebuilt\src\main\java\frc\robot\commands\auto\AutoRoutines.java:10: error: 
unmappable character (0x90) for encoding windows-1252
  // Ôò?Ôò?Ôò?Ôò?Ôò?Ôò?Ôò?Ôò?Ôò?Ôò?Ôò?Ôò?Ôò?Ôò?Ôò?Ôò?Ôò?Ôò?Ôò?Ôò?Ôò?Ôò?Ôò?Ôò?Ôò?Ôò?Ôò?Ôò?Ôò?Ôò?Ôò?Ôò?Ôò?Ôò?Ôò?Ôò?Ôò?Ôò?
Ôò?Ôò?Ôò?Ôò?Ôò?Ôò?Ôò?Ôò?Ôò?Ôò?Ôò?Ôò?Ôò?Ôò?Ôò?Ôò?Ôò?Ôò?Ôò?Ôò?Ôò?Ôò?Ôò?Ôò?Ôò?Ôò?Ôò?Ôò?Ôò?Ôò?Ôò?Ôò?Ôò?Ôò?Ôò?Ôò?Ôò?
                                        ^
  C:\Users\Tidec\Desktop\Tequila-v4-2026-rebuilt\src\main\java\frc\robot\commands\auto\AutoRoutines.java:10: error: 
unmappable character (0x90) for encoding windows-1252
  // Ôò?Ôò?Ôò?Ôò?Ôò?Ôò?Ôò?Ôò?Ôò?Ôò?Ôò?Ôò?Ôò?Ôò?Ôò?Ôò?Ôò?Ôò?Ôò?Ôò?Ôò?Ôò?Ôò?Ôò?Ôò?Ôò?Ôò?Ôò?Ôò?Ôò?Ôò?Ôò?Ôò?Ôò?Ôò?Ôò?Ôò?Ôò?
Ôò?Ôò?Ôò?Ôò?Ôò?Ôò?Ôò?Ôò?Ôò?Ôò?Ôò?Ôò?Ôò?Ôò?Ôò?Ôò?Ôò?Ôò?Ôò?Ôò?Ôò?Ôò?Ôò?Ôò?Ôò?Ôò?Ôò?Ôò?Ôò?Ôò?Ôò?Ôò?Ôò?Ôò?Ôò?Ôò?Ôò?
                                           ^
  C:\Users\Tidec\Desktop\Tequila-v4-2026-rebuilt\src\main\java\frc\robot\commands\auto\AutoRoutines.java:10: error: 
unmappable character (0x90) for encoding windows-1252
  // Ôò?Ôò?Ôò?Ôò?Ôò?Ôò?Ôò?Ôò?Ôò?Ôò?Ôò?Ôò?Ôò?Ôò?Ôò?Ôò?Ôò?Ôò?Ôò?Ôò?Ôò?Ôò?Ôò?Ôò?Ôò?Ôò?Ôò?Ôò?Ôò?Ôò?Ôò?Ôò?Ôò?Ôò?Ôò?Ôò?Ôò?Ôò?
Ôò?Ôò?Ôò?Ôò?Ôò?Ôò?Ôò?Ôò?Ôò?Ôò?Ôò?Ôò?Ôò?Ôò?Ôò?Ôò?Ôò?Ôò?Ôò?Ôò?Ôò?Ôò?Ôò?Ôò?Ôò?Ôò?Ôò?Ôò?Ôò?Ôò?Ôò?Ôò?Ôò?Ôò?Ôò?Ôò?Ôò?
                                              ^
  C:\Users\Tidec\Desktop\Tequila-v4-2026-rebuilt\src\main\java\frc\robot\commands\auto\AutoRoutines.java:10: error: 
unmappable character (0x90) for encoding windows-1252
  // Ôò?Ôò?Ôò?Ôò?Ôò?Ôò?Ôò?Ôò?Ôò?Ôò?Ôò?Ôò?Ôò?Ôò?Ôò?Ôò?Ôò?Ôò?Ôò?Ôò?Ôò?Ôò?Ôò?Ôò?Ôò?Ôò?Ôò?Ôò?Ôò?Ôò?Ôò?Ôò?Ôò?Ôò?Ôò?Ôò?Ôò?Ôò?
Ôò?Ôò?Ôò?Ôò?Ôò?Ôò?Ôò?Ôò?Ôò?Ôò?Ôò?Ôò?Ôò?Ôò?Ôò?Ôò?Ôò?Ôò?Ôò?Ôò?Ôò?Ôò?Ôò?Ôò?Ôò?Ôò?Ôò?Ôò?Ôò?Ôò?Ôò?Ôò?Ôò?Ôò?Ôò?Ôò?Ôò?
                                                 ^
  C:\Users\Tidec\Desktop\Tequila-v4-2026-rebuilt\src\main\java\frc\robot\commands\auto\AutoRoutines.java:10: error: 
unmappable character (0x90) for encoding windows-1252
  // Ôò?Ôò?Ôò?Ôò?Ôò?Ôò?Ôò?Ôò?Ôò?Ôò?Ôò?Ôò?Ôò?Ôò?Ôò?Ôò?Ôò?Ôò?Ôò?Ôò?Ôò?Ôò?Ôò?Ôò?Ôò?Ôò?Ôò?Ôò?Ôò?Ôò?Ôò?Ôò?Ôò?Ôò?Ôò?Ôò?Ôò?Ôò?
Ôò?Ôò?Ôò?Ôò?Ôò?Ôò?Ôò?Ôò?Ôò?Ôò?Ôò?Ôò?Ôò?Ôò?Ôò?Ôò?Ôò?Ôò?Ôò?Ôò?Ôò?Ôò?Ôò?Ôò?Ôò?Ôò?Ôò?Ôò?Ôò?Ôò?Ôò?Ôò?Ôò?Ôò?Ôò?Ôò?Ôò?
                                                    ^
  C:\Users\Tidec\Desktop\Tequila-v4-2026-rebuilt\src\main\java\frc\robot\commands\auto\AutoRoutines.java:10: error: 
unmappable character (0x90) for encoding windows-1252
  // Ôò?Ôò?Ôò?Ôò?Ôò?Ôò?Ôò?Ôò?Ôò?Ôò?Ôò?Ôò?Ôò?Ôò?Ôò?Ôò?Ôò?Ôò?Ôò?Ôò?Ôò?Ôò?Ôò?Ôò?Ôò?Ôò?Ôò?Ôò?Ôò?Ôò?Ôò?Ôò?Ôò?Ôò?Ôò?Ôò?Ôò?Ôò?
Ôò?Ôò?Ôò?Ôò?Ôò?Ôò?Ôò?Ôò?Ôò?Ôò?Ôò?Ôò?Ôò?Ôò?Ôò?Ôò?Ôò?Ôò?Ôò?Ôò?Ôò?Ôò?Ôò?Ôò?Ôò?Ôò?Ôò?Ôò?Ôò?Ôò?Ôò?Ôò?Ôò?Ôò?Ôò?Ôò?Ôò?
                                                       ^
  C:\Users\Tidec\Desktop\Tequila-v4-2026-rebuilt\src\main\java\frc\robot\commands\auto\AutoRoutines.java:10: error: 
unmappable character (0x90) for encoding windows-1252
  // Ôò?Ôò?Ôò?Ôò?Ôò?Ôò?Ôò?Ôò?Ôò?Ôò?Ôò?Ôò?Ôò?Ôò?Ôò?Ôò?Ôò?Ôò?Ôò?Ôò?Ôò?Ôò?Ôò?Ôò?Ôò?Ôò?Ôò?Ôò?Ôò?Ôò?Ôò?Ôò?Ôò?Ôò?Ôò?Ôò?Ôò?Ôò?
Ôò?Ôò?Ôò?Ôò?Ôò?Ôò?Ôò?Ôò?Ôò?Ôò?Ôò?Ôò?Ôò?Ôò?Ôò?Ôò?Ôò?Ôò?Ôò?Ôò?Ôò?Ôò?Ôò?Ôò?Ôò?Ôò?Ôò?Ôò?Ôò?Ôò?Ôò?Ôò?Ôò?Ôò?Ôò?Ôò?Ôò?
                                                          ^
  C:\Users\Tidec\Desktop\Tequila-v4-2026-rebuilt\src\main\java\frc\robot\commands\auto\AutoRoutines.java:10: error: 
unmappable character (0x90) for encoding windows-1252
  // Ôò?Ôò?Ôò?Ôò?Ôò?Ôò?Ôò?Ôò?Ôò?Ôò?Ôò?Ôò?Ôò?Ôò?Ôò?Ôò?Ôò?Ôò?Ôò?Ôò?Ôò?Ôò?Ôò?Ôò?Ôò?Ôò?Ôò?Ôò?Ôò?Ôò?Ôò?Ôò?Ôò?Ôò?Ôò?Ôò?Ôò?Ôò?
Ôò?Ôò?Ôò?Ôò?Ôò?Ôò?Ôò?Ôò?Ôò?Ôò?Ôò?Ôò?Ôò?Ôò?Ôò?Ôò?Ôò?Ôò?Ôò?Ôò?Ôò?Ôò?Ôò?Ôò?Ôò?Ôò?Ôò?Ôò?Ôò?Ôò?Ôò?Ôò?Ôò?Ôò?Ôò?Ôò?Ôò?
                                                             ^
  C:\Users\Tidec\Desktop\Tequila-v4-2026-rebuilt\src\main\java\frc\robot\commands\auto\AutoRoutines.java:10: error: 
unmappable character (0x90) for encoding windows-1252
  // Ôò?Ôò?Ôò?Ôò?Ôò?Ôò?Ôò?Ôò?Ôò?Ôò?Ôò?Ôò?Ôò?Ôò?Ôò?Ôò?Ôò?Ôò?Ôò?Ôò?Ôò?Ôò?Ôò?Ôò?Ôò?Ôò?Ôò?Ôò?Ôò?Ôò?Ôò?Ôò?Ôò?Ôò?Ôò?Ôò?Ôò?Ôò?
Ôò?Ôò?Ôò?Ôò?Ôò?Ôò?Ôò?Ôò?Ôò?Ôò?Ôò?Ôò?Ôò?Ôò?Ôò?Ôò?Ôò?Ôò?Ôò?Ôò?Ôò?Ôò?Ôò?Ôò?Ôò?Ôò?Ôò?Ôò?Ôò?Ôò?Ôò?Ôò?Ôò?Ôò?Ôò?Ôò?Ôò?
                                                                ^
  C:\Users\Tidec\Desktop\Tequila-v4-2026-rebuilt\src\main\java\frc\robot\commands\auto\AutoRoutines.java:10: error: 
unmappable character (0x90) for encoding windows-1252
  // Ôò?Ôò?Ôò?Ôò?Ôò?Ôò?Ôò?Ôò?Ôò?Ôò?Ôò?Ôò?Ôò?Ôò?Ôò?Ôò?Ôò?Ôò?Ôò?Ôò?Ôò?Ôò?Ôò?Ôò?Ôò?Ôò?Ôò?Ôò?Ôò?Ôò?Ôò?Ôò?Ôò?Ôò?Ôò?Ôò?Ôò?Ôò?
Ôò?Ôò?Ôò?Ôò?Ôò?Ôò?Ôò?Ôò?Ôò?Ôò?Ôò?Ôò?Ôò?Ôò?Ôò?Ôò?Ôò?Ôò?Ôò?Ôò?Ôò?Ôò?Ôò?Ôò?Ôò?Ôò?Ôò?Ôò?Ôò?Ôò?Ôò?Ôò?Ôò?Ôò?Ôò?Ôò?Ôò?
                                                                   ^
  C:\Users\Tidec\Desktop\Tequila-v4-2026-rebuilt\src\main\java\frc\robot\commands\auto\AutoRoutines.java:10: error: 
unmappable character (0x90) for encoding windows-1252
  // Ôò?Ôò?Ôò?Ôò?Ôò?Ôò?Ôò?Ôò?Ôò?Ôò?Ôò?Ôò?Ôò?Ôò?Ôò?Ôò?Ôò?Ôò?Ôò?Ôò?Ôò?Ôò?Ôò?Ôò?Ôò?Ôò?Ôò?Ôò?Ôò?Ôò?Ôò?Ôò?Ôò?Ôò?Ôò?Ôò?Ôò?Ôò?
Ôò?Ôò?Ôò?Ôò?Ôò?Ôò?Ôò?Ôò?Ôò?Ôò?Ôò?Ôò?Ôò?Ôò?Ôò?Ôò?Ôò?Ôò?Ôò?Ôò?Ôò?Ôò?Ôò?Ôò?Ôò?Ôò?Ôò?Ôò?Ôò?Ôò?Ôò?Ôò?Ôò?Ôò?Ôò?Ôò?Ôò?
                                                                      ^
  C:\Users\Tidec\Desktop\Tequila-v4-2026-rebuilt\src\main\java\frc\robot\commands\auto\AutoRoutines.java:10: error: 
unmappable character (0x90) for encoding windows-1252
  // Ôò?Ôò?Ôò?Ôò?Ôò?Ôò?Ôò?Ôò?Ôò?Ôò?Ôò?Ôò?Ôò?Ôò?Ôò?Ôò?Ôò?Ôò?Ôò?Ôò?Ôò?Ôò?Ôò?Ôò?Ôò?Ôò?Ôò?Ôò?Ôò?Ôò?Ôò?Ôò?Ôò?Ôò?Ôò?Ôò?Ôò?Ôò?
Ôò?Ôò?Ôò?Ôò?Ôò?Ôò?Ôò?Ôò?Ôò?Ôò?Ôò?Ôò?Ôò?Ôò?Ôò?Ôò?Ôò?Ôò?Ôò?Ôò?Ôò?Ôò?Ôò?Ôò?Ôò?Ôò?Ôò?Ôò?Ôò?Ôò?Ôò?Ôò?Ôò?Ôò?Ôò?Ôò?Ôò?
                                                                         ^
  C:\Users\Tidec\Desktop\Tequila-v4-2026-rebuilt\src\main\java\frc\robot\commands\auto\AutoRoutines.java:10: error: 
unmappable character (0x90) for encoding windows-1252
  // Ôò?Ôò?Ôò?Ôò?Ôò?Ôò?Ôò?Ôò?Ôò?Ôò?Ôò?Ôò?Ôò?Ôò?Ôò?Ôò?Ôò?Ôò?Ôò?Ôò?Ôò?Ôò?Ôò?Ôò?Ôò?Ôò?Ôò?Ôò?Ôò?Ôò?Ôò?Ôò?Ôò?Ôò?Ôò?Ôò?Ôò?Ôò?
Ôò?Ôò?Ôò?Ôò?Ôò?Ôò?Ôò?Ôò?Ôò?Ôò?Ôò?Ôò?Ôò?Ôò?Ôò?Ôò?Ôò?Ôò?Ôò?Ôò?Ôò?Ôò?Ôò?Ôò?Ôò?Ôò?Ôò?Ôò?Ôò?Ôò?Ôò?Ôò?Ôò?Ôò?Ôò?Ôò?Ôò?
                                                                            ^
  C:\Users\Tidec\Desktop\Tequila-v4-2026-rebuilt\src\main\java\frc\robot\commands\auto\AutoRoutines.java:10: error: 
unmappable character (0x90) for encoding windows-1252
  // Ôò?Ôò?Ôò?Ôò?Ôò?Ôò?Ôò?Ôò?Ôò?Ôò?Ôò?Ôò?Ôò?Ôò?Ôò?Ôò?Ôò?Ôò?Ôò?Ôò?Ôò?Ôò?Ôò?Ôò?Ôò?Ôò?Ôò?Ôò?Ôò?Ôò?Ôò?Ôò?Ôò?Ôò?Ôò?Ôò?Ôò?Ôò?
Ôò?Ôò?Ôò?Ôò?Ôò?Ôò?Ôò?Ôò?Ôò?Ôò?Ôò?Ôò?Ôò?Ôò?Ôò?Ôò?Ôò?Ôò?Ôò?Ôò?Ôò?Ôò?Ôò?Ôò?Ôò?Ôò?Ôò?Ôò?Ôò?Ôò?Ôò?Ôò?Ôò?Ôò?Ôò?Ôò?Ôò?
                                                                               ^
  C:\Users\Tidec\Desktop\Tequila-v4-2026-rebuilt\src\main\java\frc\robot\commands\auto\AutoRoutines.java:10: error: 
unmappable character (0x90) for encoding windows-1252
  // Ôò?Ôò?Ôò?Ôò?Ôò?Ôò?Ôò?Ôò?Ôò?Ôò?Ôò?Ôò?Ôò?Ôò?Ôò?Ôò?Ôò?Ôò?Ôò?Ôò?Ôò?Ôò?Ôò?Ôò?Ôò?Ôò?Ôò?Ôò?Ôò?Ôò?Ôò?Ôò?Ôò?Ôò?Ôò?Ôò?Ôò?Ôò?
Ôò?Ôò?Ôò?Ôò?Ôò?Ôò?Ôò?Ôò?Ôò?Ôò?Ôò?Ôò?Ôò?Ôò?Ôò?Ôò?Ôò?Ôò?Ôò?Ôò?Ôò?Ôò?Ôò?Ôò?Ôò?Ôò?Ôò?Ôò?Ôò?Ôò?Ôò?Ôò?Ôò?Ôò?Ôò?Ôò?Ôò?
                                                                                  ^
  C:\Users\Tidec\Desktop\Tequila-v4-2026-rebuilt\src\main\java\frc\robot\commands\auto\AutoRoutines.java:10: error: 
unmappable character (0x90) for encoding windows-1252
  // Ôò?Ôò?Ôò?Ôò?Ôò?Ôò?Ôò?Ôò?Ôò?Ôò?Ôò?Ôò?Ôò?Ôò?Ôò?Ôò?Ôò?Ôò?Ôò?Ôò?Ôò?Ôò?Ôò?Ôò?Ôò?Ôò?Ôò?Ôò?Ôò?Ôò?Ôò?Ôò?Ôò?Ôò?Ôò?Ôò?Ôò?Ôò?
Ôò?Ôò?Ôò?Ôò?Ôò?Ôò?Ôò?Ôò?Ôò?Ôò?Ôò?Ôò?Ôò?Ôò?Ôò?Ôò?Ôò?Ôò?Ôò?Ôò?Ôò?Ôò?Ôò?Ôò?Ôò?Ôò?Ôò?Ôò?Ôò?Ôò?Ôò?Ôò?Ôò?Ôò?Ôò?Ôò?Ôò?
                                                                                     ^
  C:\Users\Tidec\Desktop\Tequila-v4-2026-rebuilt\src\main\java\frc\robot\commands\auto\AutoRoutines.java:10: error: 
unmappable character (0x90) for encoding windows-1252
  // Ôò?Ôò?Ôò?Ôò?Ôò?Ôò?Ôò?Ôò?Ôò?Ôò?Ôò?Ôò?Ôò?Ôò?Ôò?Ôò?Ôò?Ôò?Ôò?Ôò?Ôò?Ôò?Ôò?Ôò?Ôò?Ôò?Ôò?Ôò?Ôò?Ôò?Ôò?Ôò?Ôò?Ôò?Ôò?Ôò?Ôò?Ôò?
Ôò?Ôò?Ôò?Ôò?Ôò?Ôò?Ôò?Ôò?Ôò?Ôò?Ôò?Ôò?Ôò?Ôò?Ôò?Ôò?Ôò?Ôò?Ôò?Ôò?Ôò?Ôò?Ôò?Ôò?Ôò?Ôò?Ôò?Ôò?Ôò?Ôò?Ôò?Ôò?Ôò?Ôò?Ôò?Ôò?Ôò?
                                                                                        ^
  C:\Users\Tidec\Desktop\Tequila-v4-2026-rebuilt\src\main\java\frc\robot\commands\auto\AutoRoutines.java:10: error: 
unmappable character (0x90) for encoding windows-1252
  // Ôò?Ôò?Ôò?Ôò?Ôò?Ôò?Ôò?Ôò?Ôò?Ôò?Ôò?Ôò?Ôò?Ôò?Ôò?Ôò?Ôò?Ôò?Ôò?Ôò?Ôò?Ôò?Ôò?Ôò?Ôò?Ôò?Ôò?Ôò?Ôò?Ôò?Ôò?Ôò?Ôò?Ôò?Ôò?Ôò?Ôò?Ôò?
Ôò?Ôò?Ôò?Ôò?Ôò?Ôò?Ôò?Ôò?Ôò?Ôò?Ôò?Ôò?Ôò?Ôò?Ôò?Ôò?Ôò?Ôò?Ôò?Ôò?Ôò?Ôò?Ôò?Ôò?Ôò?Ôò?Ôò?Ôò?Ôò?Ôò?Ôò?Ôò?Ôò?Ôò?Ôò?Ôò?Ôò?
                                                                                           ^
  C:\Users\Tidec\Desktop\Tequila-v4-2026-rebuilt\src\main\java\frc\robot\commands\auto\AutoRoutines.java:10: error: 
unmappable character (0x90) for encoding windows-1252
  // Ôò?Ôò?Ôò?Ôò?Ôò?Ôò?Ôò?Ôò?Ôò?Ôò?Ôò?Ôò?Ôò?Ôò?Ôò?Ôò?Ôò?Ôò?Ôò?Ôò?Ôò?Ôò?Ôò?Ôò?Ôò?Ôò?Ôò?Ôò?Ôò?Ôò?Ôò?Ôò?Ôò?Ôò?Ôò?Ôò?Ôò?Ôò?
Ôò?Ôò?Ôò?Ôò?Ôò?Ôò?Ôò?Ôò?Ôò?Ôò?Ôò?Ôò?Ôò?Ôò?Ôò?Ôò?Ôò?Ôò?Ôò?Ôò?Ôò?Ôò?Ôò?Ôò?Ôò?Ôò?Ôò?Ôò?Ôò?Ôò?Ôò?Ôò?Ôò?Ôò?Ôò?Ôò?Ôò?
                                                                                              ^
  C:\Users\Tidec\Desktop\Tequila-v4-2026-rebuilt\src\main\java\frc\robot\commands\auto\AutoRoutines.java:10: error: 
unmappable character (0x90) for encoding windows-1252
  // Ôò?Ôò?Ôò?Ôò?Ôò?Ôò?Ôò?Ôò?Ôò?Ôò?Ôò?Ôò?Ôò?Ôò?Ôò?Ôò?Ôò?Ôò?Ôò?Ôò?Ôò?Ôò?Ôò?Ôò?Ôò?Ôò?Ôò?Ôò?Ôò?Ôò?Ôò?Ôò?Ôò?Ôò?Ôò?Ôò?Ôò?Ôò?
Ôò?Ôò?Ôò?Ôò?Ôò?Ôò?Ôò?Ôò?Ôò?Ôò?Ôò?Ôò?Ôò?Ôò?Ôò?Ôò?Ôò?Ôò?Ôò?Ôò?Ôò?Ôò?Ôò?Ôò?Ôò?Ôò?Ôò?Ôò?Ôò?Ôò?Ôò?Ôò?Ôò?Ôò?Ôò?Ôò?Ôò?
                                                                                                 ^
  C:\Users\Tidec\Desktop\Tequila-v4-2026-rebuilt\src\main\java\frc\robot\commands\auto\AutoRoutines.java:10: error: 
unmappable character (0x90) for encoding windows-1252
  // Ôò?Ôò?Ôò?Ôò?Ôò?Ôò?Ôò?Ôò?Ôò?Ôò?Ôò?Ôò?Ôò?Ôò?Ôò?Ôò?Ôò?Ôò?Ôò?Ôò?Ôò?Ôò?Ôò?Ôò?Ôò?Ôò?Ôò?Ôò?Ôò?Ôò?Ôò?Ôò?Ôò?Ôò?Ôò?Ôò?Ôò?Ôò?
Ôò?Ôò?Ôò?Ôò?Ôò?Ôò?Ôò?Ôò?Ôò?Ôò?Ôò?Ôò?Ôò?Ôò?Ôò?Ôò?Ôò?Ôò?Ôò?Ôò?Ôò?Ôò?Ôò?Ôò?Ôò?Ôò?Ôò?Ôò?Ôò?Ôò?Ôò?Ôò?Ôò?Ôò?Ôò?Ôò?Ôò?
                                                                                                    ^
  C:\Users\Tidec\Desktop\Tequila-v4-2026-rebuilt\src\main\java\frc\robot\commands\auto\AutoRoutines.java:10: error: 
unmappable character (0x90) for encoding windows-1252
  // Ôò?Ôò?Ôò?Ôò?Ôò?Ôò?Ôò?Ôò?Ôò?Ôò?Ôò?Ôò?Ôò?Ôò?Ôò?Ôò?Ôò?Ôò?Ôò?Ôò?Ôò?Ôò?Ôò?Ôò?Ôò?Ôò?Ôò?Ôò?Ôò?Ôò?Ôò?Ôò?Ôò?Ôò?Ôò?Ôò?Ôò?Ôò?
Ôò?Ôò?Ôò?Ôò?Ôò?Ôò?Ôò?Ôò?Ôò?Ôò?Ôò?Ôò?Ôò?Ôò?Ôò?Ôò?Ôò?Ôò?Ôò?Ôò?Ôò?Ôò?Ôò?Ôò?Ôò?Ôò?Ôò?Ôò?Ôò?Ôò?Ôò?Ôò?Ôò?Ôò?Ôò?Ôò?Ôò?
                                                                                                       ^
  C:\Users\Tidec\Desktop\Tequila-v4-2026-rebuilt\src\main\java\frc\robot\commands\auto\AutoRoutines.java:10: error: 
unmappable character (0x90) for encoding windows-1252
  // Ôò?Ôò?Ôò?Ôò?Ôò?Ôò?Ôò?Ôò?Ôò?Ôò?Ôò?Ôò?Ôò?Ôò?Ôò?Ôò?Ôò?Ôò?Ôò?Ôò?Ôò?Ôò?Ôò?Ôò?Ôò?Ôò?Ôò?Ôò?Ôò?Ôò?Ôò?Ôò?Ôò?Ôò?Ôò?Ôò?Ôò?Ôò?
Ôò?Ôò?Ôò?Ôò?Ôò?Ôò?Ôò?Ôò?Ôò?Ôò?Ôò?Ôò?Ôò?Ôò?Ôò?Ôò?Ôò?Ôò?Ôò?Ôò?Ôò?Ôò?Ôò?Ôò?Ôò?Ôò?Ôò?Ôò?Ôò?Ôò?Ôò?Ôò?Ôò?Ôò?Ôò?Ôò?Ôò?
                                                                                                          ^
  C:\Users\Tidec\Desktop\Tequila-v4-2026-rebuilt\src\main\java\frc\robot\commands\auto\AutoRoutines.java:10: error: 
unmappable character (0x90) for encoding windows-1252
  // Ôò?Ôò?Ôò?Ôò?Ôò?Ôò?Ôò?Ôò?Ôò?Ôò?Ôò?Ôò?Ôò?Ôò?Ôò?Ôò?Ôò?Ôò?Ôò?Ôò?Ôò?Ôò?Ôò?Ôò?Ôò?Ôò?Ôò?Ôò?Ôò?Ôò?Ôò?Ôò?Ôò?Ôò?Ôò?Ôò?Ôò?Ôò?
Ôò?Ôò?Ôò?Ôò?Ôò?Ôò?Ôò?Ôò?Ôò?Ôò?Ôò?Ôò?Ôò?Ôò?Ôò?Ôò?Ôò?Ôò?Ôò?Ôò?Ôò?Ôò?Ôò?Ôò?Ôò?Ôò?Ôò?Ôò?Ôò?Ôò?Ôò?Ôò?Ôò?Ôò?Ôò?Ôò?Ôò?
                                                                                                             ^
  C:\Users\Tidec\Desktop\Tequila-v4-2026-rebuilt\src\main\java\frc\robot\commands\auto\AutoRoutines.java:10: error: 
unmappable character (0x90) for encoding windows-1252
  // Ôò?Ôò?Ôò?Ôò?Ôò?Ôò?Ôò?Ôò?Ôò?Ôò?Ôò?Ôò?Ôò?Ôò?Ôò?Ôò?Ôò?Ôò?Ôò?Ôò?Ôò?Ôò?Ôò?Ôò?Ôò?Ôò?Ôò?Ôò?Ôò?Ôò?Ôò?Ôò?Ôò?Ôò?Ôò?Ôò?Ôò?Ôò?
Ôò?Ôò?Ôò?Ôò?Ôò?Ôò?Ôò?Ôò?Ôò?Ôò?Ôò?Ôò?Ôò?Ôò?Ôò?Ôò?Ôò?Ôò?Ôò?Ôò?Ôò?Ôò?Ôò?Ôò?Ôò?Ôò?Ôò?Ôò?Ôò?Ôò?Ôò?Ôò?Ôò?Ôò?Ôò?Ôò?Ôò?
                                                                                                                ^
  C:\Users\Tidec\Desktop\Tequila-v4-2026-rebuilt\src\main\java\frc\robot\commands\auto\AutoRoutines.java:10: error: 
unmappable character (0x90) for encoding windows-1252
  // Ôò?Ôò?Ôò?Ôò?Ôò?Ôò?Ôò?Ôò?Ôò?Ôò?Ôò?Ôò?Ôò?Ôò?Ôò?Ôò?Ôò?Ôò?Ôò?Ôò?Ôò?Ôò?Ôò?Ôò?Ôò?Ôò?Ôò?Ôò?Ôò?Ôò?Ôò?Ôò?Ôò?Ôò?Ôò?Ôò?Ôò?Ôò?
Ôò?Ôò?Ôò?Ôò?Ôò?Ôò?Ôò?Ôò?Ôò?Ôò?Ôò?Ôò?Ôò?Ôò?Ôò?Ôò?Ôò?Ôò?Ôò?Ôò?Ôò?Ôò?Ôò?Ôò?Ôò?Ôò?Ôò?Ôò?Ôò?Ôò?Ôò?Ôò?Ôò?Ôò?Ôò?Ôò?Ôò?
                                                                                                                   ^
  C:\Users\Tidec\Desktop\Tequila-v4-2026-rebuilt\src\main\java\frc\robot\commands\auto\AutoRoutines.java:10: error: 
unmappable character (0x90) for encoding windows-1252
  // Ôò?Ôò?Ôò?Ôò?Ôò?Ôò?Ôò?Ôò?Ôò?Ôò?Ôò?Ôò?Ôò?Ôò?Ôò?Ôò?Ôò?Ôò?Ôò?Ôò?Ôò?Ôò?Ôò?Ôò?Ôò?Ôò?Ôò?Ôò?Ôò?Ôò?Ôò?Ôò?Ôò?Ôò?Ôò?Ôò?Ôò?Ôò?
Ôò?Ôò?Ôò?Ôò?Ôò?Ôò?Ôò?Ôò?Ôò?Ôò?Ôò?Ôò?Ôò?Ôò?Ôò?Ôò?Ôò?Ôò?Ôò?Ôò?Ôò?Ôò?Ôò?Ôò?Ôò?Ôò?Ôò?Ôò?Ôò?Ôò?Ôò?Ôò?Ôò?Ôò?Ôò?Ôò?Ôò?
                                                                                                                      ^
  C:\Users\Tidec\Desktop\Tequila-v4-2026-rebuilt\src\main\java\frc\robot\commands\auto\AutoRoutines.java:10: error: 
unmappable character (0x90) for encoding windows-1252
  // Ôò?Ôò?Ôò?Ôò?Ôò?Ôò?Ôò?Ôò?Ôò?Ôò?Ôò?Ôò?Ôò?Ôò?Ôò?Ôò?Ôò?Ôò?Ôò?Ôò?Ôò?Ôò?Ôò?Ôò?Ôò?Ôò?Ôò?Ôò?Ôò?Ôò?Ôò?Ôò?Ôò?Ôò?Ôò?Ôò?Ôò?Ôò?
Ôò?Ôò?Ôò?Ôò?Ôò?Ôò?Ôò?Ôò?Ôò?Ôò?Ôò?Ôò?Ôò?Ôò?Ôò?Ôò?Ôò?Ôò?Ôò?Ôò?Ôò?Ôò?Ôò?Ôò?Ôò?Ôò?Ôò?Ôò?Ôò?Ôò?Ôò?Ôò?Ôò?Ôò?Ôò?Ôò?Ôò?
                                                                                                                       
  ^
  C:\Users\Tidec\Desktop\Tequila-v4-2026-rebuilt\src\main\java\frc\robot\commands\auto\AutoRoutines.java:10: error: 
unmappable character (0x90) for encoding windows-1252
  // Ôò?Ôò?Ôò?Ôò?Ôò?Ôò?Ôò?Ôò?Ôò?Ôò?Ôò?Ôò?Ôò?Ôò?Ôò?Ôò?Ôò?Ôò?Ôò?Ôò?Ôò?Ôò?Ôò?Ôò?Ôò?Ôò?Ôò?Ôò?Ôò?Ôò?Ôò?Ôò?Ôò?Ôò?Ôò?Ôò?Ôò?Ôò?
Ôò?Ôò?Ôò?Ôò?Ôò?Ôò?Ôò?Ôò?Ôò?Ôò?Ôò?Ôò?Ôò?Ôò?Ôò?Ôò?Ôò?Ôò?Ôò?Ôò?Ôò?Ôò?Ôò?Ôò?Ôò?Ôò?Ôò?Ôò?Ôò?Ôò?Ôò?Ôò?Ôò?Ôò?Ôò?Ôò?Ôò?
                                                                                                                       
     ^
  C:\Users\Tidec\Desktop\Tequila-v4-2026-rebuilt\src\main\java\frc\robot\commands\auto\AutoRoutines.java:10: error: 
unmappable character (0x90) for encoding windows-1252
  // Ôò?Ôò?Ôò?Ôò?Ôò?Ôò?Ôò?Ôò?Ôò?Ôò?Ôò?Ôò?Ôò?Ôò?Ôò?Ôò?Ôò?Ôò?Ôò?Ôò?Ôò?Ôò?Ôò?Ôò?Ôò?Ôò?Ôò?Ôò?Ôò?Ôò?Ôò?Ôò?Ôò?Ôò?Ôò?Ôò?Ôò?Ôò?
Ôò?Ôò?Ôò?Ôò?Ôò?Ôò?Ôò?Ôò?Ôò?Ôò?Ôò?Ôò?Ôò?Ôò?Ôò?Ôò?Ôò?Ôò?Ôò?Ôò?Ôò?Ôò?Ôò?Ôò?Ôò?Ôò?Ôò?Ôò?Ôò?Ôò?Ôò?Ôò?Ôò?Ôò?Ôò?Ôò?Ôò?
                                                                                                                       
        ^
  C:\Users\Tidec\Desktop\Tequila-v4-2026-rebuilt\src\main\java\frc\robot\commands\auto\AutoRoutines.java:10: error: 
unmappable character (0x90) for encoding windows-1252
  // Ôò?Ôò?Ôò?Ôò?Ôò?Ôò?Ôò?Ôò?Ôò?Ôò?Ôò?Ôò?Ôò?Ôò?Ôò?Ôò?Ôò?Ôò?Ôò?Ôò?Ôò?Ôò?Ôò?Ôò?Ôò?Ôò?Ôò?Ôò?Ôò?Ôò?Ôò?Ôò?Ôò?Ôò?Ôò?Ôò?Ôò?Ôò?
Ôò?Ôò?Ôò?Ôò?Ôò?Ôò?Ôò?Ôò?Ôò?Ôò?Ôò?Ôò?Ôò?Ôò?Ôò?Ôò?Ôò?Ôò?Ôò?Ôò?Ôò?Ôò?Ôò?Ôò?Ôò?Ôò?Ôò?Ôò?Ôò?Ôò?Ôò?Ôò?Ôò?Ôò?Ôò?Ôò?Ôò?
                                                                                                                       
           ^
  C:\Users\Tidec\Desktop\Tequila-v4-2026-rebuilt\src\main\java\frc\robot\commands\auto\AutoRoutines.java:10: error: 
unmappable character (0x90) for encoding windows-1252
  // Ôò?Ôò?Ôò?Ôò?Ôò?Ôò?Ôò?Ôò?Ôò?Ôò?Ôò?Ôò?Ôò?Ôò?Ôò?Ôò?Ôò?Ôò?Ôò?Ôò?Ôò?Ôò?Ôò?Ôò?Ôò?Ôò?Ôò?Ôò?Ôò?Ôò?Ôò?Ôò?Ôò?Ôò?Ôò?Ôò?Ôò?Ôò?
Ôò?Ôò?Ôò?Ôò?Ôò?Ôò?Ôò?Ôò?Ôò?Ôò?Ôò?Ôò?Ôò?Ôò?Ôò?Ôò?Ôò?Ôò?Ôò?Ôò?Ôò?Ôò?Ôò?Ôò?Ôò?Ôò?Ôò?Ôò?Ôò?Ôò?Ôò?Ôò?Ôò?Ôò?Ôò?Ôò?Ôò?
                                                                                                                       
              ^
  C:\Users\Tidec\Desktop\Tequila-v4-2026-rebuilt\src\main\java\frc\robot\commands\auto\AutoRoutines.java:10: error: 
unmappable character (0x90) for encoding windows-1252
  // Ôò?Ôò?Ôò?Ôò?Ôò?Ôò?Ôò?Ôò?Ôò?Ôò?Ôò?Ôò?Ôò?Ôò?Ôò?Ôò?Ôò?Ôò?Ôò?Ôò?Ôò?Ôò?Ôò?Ôò?Ôò?Ôò?Ôò?Ôò?Ôò?Ôò?Ôò?Ôò?Ôò?Ôò?Ôò?Ôò?Ôò?Ôò?
Ôò?Ôò?Ôò?Ôò?Ôò?Ôò?Ôò?Ôò?Ôò?Ôò?Ôò?Ôò?Ôò?Ôò?Ôò?Ôò?Ôò?Ôò?Ôò?Ôò?Ôò?Ôò?Ôò?Ôò?Ôò?Ôò?Ôò?Ôò?Ôò?Ôò?Ôò?Ôò?Ôò?Ôò?Ôò?Ôò?Ôò?
                                                                                                                       
                 ^
  C:\Users\Tidec\Desktop\Tequila-v4-2026-rebuilt\src\main\java\frc\robot\commands\auto\AutoRoutines.java:10: error: 
unmappable character (0x90) for encoding windows-1252
  // Ôò?Ôò?Ôò?Ôò?Ôò?Ôò?Ôò?Ôò?Ôò?Ôò?Ôò?Ôò?Ôò?Ôò?Ôò?Ôò?Ôò?Ôò?Ôò?Ôò?Ôò?Ôò?Ôò?Ôò?Ôò?Ôò?Ôò?Ôò?Ôò?Ôò?Ôò?Ôò?Ôò?Ôò?Ôò?Ôò?Ôò?Ôò?
Ôò?Ôò?Ôò?Ôò?Ôò?Ôò?Ôò?Ôò?Ôò?Ôò?Ôò?Ôò?Ôò?Ôò?Ôò?Ôò?Ôò?Ôò?Ôò?Ôò?Ôò?Ôò?Ôò?Ôò?Ôò?Ôò?Ôò?Ôò?Ôò?Ôò?Ôò?Ôò?Ôò?Ôò?Ôò?Ôò?Ôò?
                                                                                                                       
                    ^
  C:\Users\Tidec\Desktop\Tequila-v4-2026-rebuilt\src\main\java\frc\robot\commands\auto\AutoRoutines.java:10: error: 
unmappable character (0x90) for encoding windows-1252
  // Ôò?Ôò?Ôò?Ôò?Ôò?Ôò?Ôò?Ôò?Ôò?Ôò?Ôò?Ôò?Ôò?Ôò?Ôò?Ôò?Ôò?Ôò?Ôò?Ôò?Ôò?Ôò?Ôò?Ôò?Ôò?Ôò?Ôò?Ôò?Ôò?Ôò?Ôò?Ôò?Ôò?Ôò?Ôò?Ôò?Ôò?Ôò?
Ôò?Ôò?Ôò?Ôò?Ôò?Ôò?Ôò?Ôò?Ôò?Ôò?Ôò?Ôò?Ôò?Ôò?Ôò?Ôò?Ôò?Ôò?Ôò?Ôò?Ôò?Ôò?Ôò?Ôò?Ôò?Ôò?Ôò?Ôò?Ôò?Ôò?Ôò?Ôò?Ôò?Ôò?Ôò?Ôò?Ôò?
                                                                                                                       
                       ^
  C:\Users\Tidec\Desktop\Tequila-v4-2026-rebuilt\src\main\java\frc\robot\commands\auto\AutoRoutines.java:10: error: 
unmappable character (0x90) for encoding windows-1252
  // Ôò?Ôò?Ôò?Ôò?Ôò?Ôò?Ôò?Ôò?Ôò?Ôò?Ôò?Ôò?Ôò?Ôò?Ôò?Ôò?Ôò?Ôò?Ôò?Ôò?Ôò?Ôò?Ôò?Ôò?Ôò?Ôò?Ôò?Ôò?Ôò?Ôò?Ôò?Ôò?Ôò?Ôò?Ôò?Ôò?Ôò?Ôò?
Ôò?Ôò?Ôò?Ôò?Ôò?Ôò?Ôò?Ôò?Ôò?Ôò?Ôò?Ôò?Ôò?Ôò?Ôò?Ôò?Ôò?Ôò?Ôò?Ôò?Ôò?Ôò?Ôò?Ôò?Ôò?Ôò?Ôò?Ôò?Ôò?Ôò?Ôò?Ôò?Ôò?Ôò?Ôò?Ôò?Ôò?
                                                                                                                       
                          ^
  C:\Users\Tidec\Desktop\Tequila-v4-2026-rebuilt\src\main\java\frc\robot\commands\auto\AutoRoutines.java:10: error: 
unmappable character (0x90) for encoding windows-1252
  // Ôò?Ôò?Ôò?Ôò?Ôò?Ôò?Ôò?Ôò?Ôò?Ôò?Ôò?Ôò?Ôò?Ôò?Ôò?Ôò?Ôò?Ôò?Ôò?Ôò?Ôò?Ôò?Ôò?Ôò?Ôò?Ôò?Ôò?Ôò?Ôò?Ôò?Ôò?Ôò?Ôò?Ôò?Ôò?Ôò?Ôò?Ôò?
Ôò?Ôò?Ôò?Ôò?Ôò?Ôò?Ôò?Ôò?Ôò?Ôò?Ôò?Ôò?Ôò?Ôò?Ôò?Ôò?Ôò?Ôò?Ôò?Ôò?Ôò?Ôò?Ôò?Ôò?Ôò?Ôò?Ôò?Ôò?Ôò?Ôò?Ôò?Ôò?Ôò?Ôò?Ôò?Ôò?Ôò?
                                                                                                                       
                             ^
  C:\Users\Tidec\Desktop\Tequila-v4-2026-rebuilt\src\main\java\frc\robot\commands\auto\AutoRoutines.java:10: error: 
unmappable character (0x90) for encoding windows-1252
  // Ôò?Ôò?Ôò?Ôò?Ôò?Ôò?Ôò?Ôò?Ôò?Ôò?Ôò?Ôò?Ôò?Ôò?Ôò?Ôò?Ôò?Ôò?Ôò?Ôò?Ôò?Ôò?Ôò?Ôò?Ôò?Ôò?Ôò?Ôò?Ôò?Ôò?Ôò?Ôò?Ôò?Ôò?Ôò?Ôò?Ôò?Ôò?
Ôò?Ôò?Ôò?Ôò?Ôò?Ôò?Ôò?Ôò?Ôò?Ôò?Ôò?Ôò?Ôò?Ôò?Ôò?Ôò?Ôò?Ôò?Ôò?Ôò?Ôò?Ôò?Ôò?Ôò?Ôò?Ôò?Ôò?Ôò?Ôò?Ôò?Ôò?Ôò?Ôò?Ôò?Ôò?Ôò?Ôò?
                                                                                                                       
                                ^
  C:\Users\Tidec\Desktop\Tequila-v4-2026-rebuilt\src\main\java\frc\robot\commands\auto\AutoRoutines.java:10: error: 
unmappable character (0x90) for encoding windows-1252
  // Ôò?Ôò?Ôò?Ôò?Ôò?Ôò?Ôò?Ôò?Ôò?Ôò?Ôò?Ôò?Ôò?Ôò?Ôò?Ôò?Ôò?Ôò?Ôò?Ôò?Ôò?Ôò?Ôò?Ôò?Ôò?Ôò?Ôò?Ôò?Ôò?Ôò?Ôò?Ôò?Ôò?Ôò?Ôò?Ôò?Ôò?Ôò?
Ôò?Ôò?Ôò?Ôò?Ôò?Ôò?Ôò?Ôò?Ôò?Ôò?Ôò?Ôò?Ôò?Ôò?Ôò?Ôò?Ôò?Ôò?Ôò?Ôò?Ôò?Ôò?Ôò?Ôò?Ôò?Ôò?Ôò?Ôò?Ôò?Ôò?Ôò?Ôò?Ôò?Ôò?Ôò?Ôò?Ôò?
                                                                                                                       
                                   ^
  C:\Users\Tidec\Desktop\Tequila-v4-2026-rebuilt\src\main\java\frc\robot\commands\auto\AutoRoutines.java:10: error: 
unmappable character (0x90) for encoding windows-1252
  // Ôò?Ôò?Ôò?Ôò?Ôò?Ôò?Ôò?Ôò?Ôò?Ôò?Ôò?Ôò?Ôò?Ôò?Ôò?Ôò?Ôò?Ôò?Ôò?Ôò?Ôò?Ôò?Ôò?Ôò?Ôò?Ôò?Ôò?Ôò?Ôò?Ôò?Ôò?Ôò?Ôò?Ôò?Ôò?Ôò?Ôò?Ôò?
Ôò?Ôò?Ôò?Ôò?Ôò?Ôò?Ôò?Ôò?Ôò?Ôò?Ôò?Ôò?Ôò?Ôò?Ôò?Ôò?Ôò?Ôò?Ôò?Ôò?Ôò?Ôò?Ôò?Ôò?Ôò?Ôò?Ôò?Ôò?Ôò?Ôò?Ôò?Ôò?Ôò?Ôò?Ôò?Ôò?Ôò?
                                                                                                                       
                                      ^
  C:\Users\Tidec\Desktop\Tequila-v4-2026-rebuilt\src\main\java\frc\robot\commands\auto\AutoRoutines.java:10: error: 
unmappable character (0x90) for encoding windows-1252
  // Ôò?Ôò?Ôò?Ôò?Ôò?Ôò?Ôò?Ôò?Ôò?Ôò?Ôò?Ôò?Ôò?Ôò?Ôò?Ôò?Ôò?Ôò?Ôò?Ôò?Ôò?Ôò?Ôò?Ôò?Ôò?Ôò?Ôò?Ôò?Ôò?Ôò?Ôò?Ôò?Ôò?Ôò?Ôò?Ôò?Ôò?Ôò?
Ôò?Ôò?Ôò?Ôò?Ôò?Ôò?Ôò?Ôò?Ôò?Ôò?Ôò?Ôò?Ôò?Ôò?Ôò?Ôò?Ôò?Ôò?Ôò?Ôò?Ôò?Ôò?Ôò?Ôò?Ôò?Ôò?Ôò?Ôò?Ôò?Ôò?Ôò?Ôò?Ôò?Ôò?Ôò?Ôò?Ôò?
                                                                                                                       
                                         ^
  C:\Users\Tidec\Desktop\Tequila-v4-2026-rebuilt\src\main\java\frc\robot\commands\auto\AutoRoutines.java:10: error: 
unmappable character (0x90) for encoding windows-1252
  // Ôò?Ôò?Ôò?Ôò?Ôò?Ôò?Ôò?Ôò?Ôò?Ôò?Ôò?Ôò?Ôò?Ôò?Ôò?Ôò?Ôò?Ôò?Ôò?Ôò?Ôò?Ôò?Ôò?Ôò?Ôò?Ôò?Ôò?Ôò?Ôò?Ôò?Ôò?Ôò?Ôò?Ôò?Ôò?Ôò?Ôò?Ôò?
Ôò?Ôò?Ôò?Ôò?Ôò?Ôò?Ôò?Ôò?Ôò?Ôò?Ôò?Ôò?Ôò?Ôò?Ôò?Ôò?Ôò?Ôò?Ôò?Ôò?Ôò?Ôò?Ôò?Ôò?Ôò?Ôò?Ôò?Ôò?Ôò?Ôò?Ôò?Ôò?Ôò?Ôò?Ôò?Ôò?Ôò?
                                                                                                                       
                                            ^
  C:\Users\Tidec\Desktop\Tequila-v4-2026-rebuilt\src\main\java\frc\robot\commands\auto\AutoRoutines.java:10: error: 
unmappable character (0x90) for encoding windows-1252
  // Ôò?Ôò?Ôò?Ôò?Ôò?Ôò?Ôò?Ôò?Ôò?Ôò?Ôò?Ôò?Ôò?Ôò?Ôò?Ôò?Ôò?Ôò?Ôò?Ôò?Ôò?Ôò?Ôò?Ôò?Ôò?Ôò?Ôò?Ôò?Ôò?Ôò?Ôò?Ôò?Ôò?Ôò?Ôò?Ôò?Ôò?Ôò?
Ôò?Ôò?Ôò?Ôò?Ôò?Ôò?Ôò?Ôò?Ôò?Ôò?Ôò?Ôò?Ôò?Ôò?Ôò?Ôò?Ôò?Ôò?Ôò?Ôò?Ôò?Ôò?Ôò?Ôò?Ôò?Ôò?Ôò?Ôò?Ôò?Ôò?Ôò?Ôò?Ôò?Ôò?Ôò?Ôò?Ôò?
                                                                                                                       
                                               ^
  C:\Users\Tidec\Desktop\Tequila-v4-2026-rebuilt\src\main\java\frc\robot\commands\auto\AutoRoutines.java:10: error: 
unmappable character (0x90) for encoding windows-1252
  // Ôò?Ôò?Ôò?Ôò?Ôò?Ôò?Ôò?Ôò?Ôò?Ôò?Ôò?Ôò?Ôò?Ôò?Ôò?Ôò?Ôò?Ôò?Ôò?Ôò?Ôò?Ôò?Ôò?Ôò?Ôò?Ôò?Ôò?Ôò?Ôò?Ôò?Ôò?Ôò?Ôò?Ôò?Ôò?Ôò?Ôò?Ôò?
Ôò?Ôò?Ôò?Ôò?Ôò?Ôò?Ôò?Ôò?Ôò?Ôò?Ôò?Ôò?Ôò?Ôò?Ôò?Ôò?Ôò?Ôò?Ôò?Ôò?Ôò?Ôò?Ôò?Ôò?Ôò?Ôò?Ôò?Ôò?Ôò?Ôò?Ôò?Ôò?Ôò?Ôò?Ôò?Ôò?Ôò?
                                                                                                                       
                                                  ^
  C:\Users\Tidec\Desktop\Tequila-v4-2026-rebuilt\src\main\java\frc\robot\commands\auto\AutoRoutines.java:10: error: 
unmappable character (0x90) for encoding windows-1252
  // Ôò?Ôò?Ôò?Ôò?Ôò?Ôò?Ôò?Ôò?Ôò?Ôò?Ôò?Ôò?Ôò?Ôò?Ôò?Ôò?Ôò?Ôò?Ôò?Ôò?Ôò?Ôò?Ôò?Ôò?Ôò?Ôò?Ôò?Ôò?Ôò?Ôò?Ôò?Ôò?Ôò?Ôò?Ôò?Ôò?Ôò?Ôò?
Ôò?Ôò?Ôò?Ôò?Ôò?Ôò?Ôò?Ôò?Ôò?Ôò?Ôò?Ôò?Ôò?Ôò?Ôò?Ôò?Ôò?Ôò?Ôò?Ôò?Ôò?Ôò?Ôò?Ôò?Ôò?Ôò?Ôò?Ôò?Ôò?Ôò?Ôò?Ôò?Ôò?Ôò?Ôò?Ôò?Ôò?
                                                                                                                       
                                                     ^
  C:\Users\Tidec\Desktop\Tequila-v4-2026-rebuilt\src\main\java\frc\robot\commands\auto\AutoRoutines.java:10: error: 
unmappable character (0x90) for encoding windows-1252
  // Ôò?Ôò?Ôò?Ôò?Ôò?Ôò?Ôò?Ôò?Ôò?Ôò?Ôò?Ôò?Ôò?Ôò?Ôò?Ôò?Ôò?Ôò?Ôò?Ôò?Ôò?Ôò?Ôò?Ôò?Ôò?Ôò?Ôò?Ôò?Ôò?Ôò?Ôò?Ôò?Ôò?Ôò?Ôò?Ôò?Ôò?Ôò?
Ôò?Ôò?Ôò?Ôò?Ôò?Ôò?Ôò?Ôò?Ôò?Ôò?Ôò?Ôò?Ôò?Ôò?Ôò?Ôò?Ôò?Ôò?Ôò?Ôò?Ôò?Ôò?Ôò?Ôò?Ôò?Ôò?Ôò?Ôò?Ôò?Ôò?Ôò?Ôò?Ôò?Ôò?Ôò?Ôò?Ôò?
                                                                                                                       
                                                        ^
  C:\Users\Tidec\Desktop\Tequila-v4-2026-rebuilt\src\main\java\frc\robot\commands\auto\AutoRoutines.java:10: error: 
unmappable character (0x90) for encoding windows-1252
  // Ôò?Ôò?Ôò?Ôò?Ôò?Ôò?Ôò?Ôò?Ôò?Ôò?Ôò?Ôò?Ôò?Ôò?Ôò?Ôò?Ôò?Ôò?Ôò?Ôò?Ôò?Ôò?Ôò?Ôò?Ôò?Ôò?Ôò?Ôò?Ôò?Ôò?Ôò?Ôò?Ôò?Ôò?Ôò?Ôò?Ôò?Ôò?
Ôò?Ôò?Ôò?Ôò?Ôò?Ôò?Ôò?Ôò?Ôò?Ôò?Ôò?Ôò?Ôò?Ôò?Ôò?Ôò?Ôò?Ôò?Ôò?Ôò?Ôò?Ôò?Ôò?Ôò?Ôò?Ôò?Ôò?Ôò?Ôò?Ôò?Ôò?Ôò?Ôò?Ôò?Ôò?Ôò?Ôò?
                                                                                                                       
                                                           ^
  C:\Users\Tidec\Desktop\Tequila-v4-2026-rebuilt\src\main\java\frc\robot\commands\auto\AutoRoutines.java:10: error: 
unmappable character (0x90) for encoding windows-1252
  // Ôò?Ôò?Ôò?Ôò?Ôò?Ôò?Ôò?Ôò?Ôò?Ôò?Ôò?Ôò?Ôò?Ôò?Ôò?Ôò?Ôò?Ôò?Ôò?Ôò?Ôò?Ôò?Ôò?Ôò?Ôò?Ôò?Ôò?Ôò?Ôò?Ôò?Ôò?Ôò?Ôò?Ôò?Ôò?Ôò?Ôò?Ôò?
Ôò?Ôò?Ôò?Ôò?Ôò?Ôò?Ôò?Ôò?Ôò?Ôò?Ôò?Ôò?Ôò?Ôò?Ôò?Ôò?Ôò?Ôò?Ôò?Ôò?Ôò?Ôò?Ôò?Ôò?Ôò?Ôò?Ôò?Ôò?Ôò?Ôò?Ôò?Ôò?Ôò?Ôò?Ôò?Ôò?Ôò?
                                                                                                                       
                                                              ^
  C:\Users\Tidec\Desktop\Tequila-v4-2026-rebuilt\src\main\java\frc\robot\commands\auto\AutoRoutines.java:10: error: 
unmappable character (0x90) for encoding windows-1252
  // Ôò?Ôò?Ôò?Ôò?Ôò?Ôò?Ôò?Ôò?Ôò?Ôò?Ôò?Ôò?Ôò?Ôò?Ôò?Ôò?Ôò?Ôò?Ôò?Ôò?Ôò?Ôò?Ôò?Ôò?Ôò?Ôò?Ôò?Ôò?Ôò?Ôò?Ôò?Ôò?Ôò?Ôò?Ôò?Ôò?Ôò?Ôò?
Ôò?Ôò?Ôò?Ôò?Ôò?Ôò?Ôò?Ôò?Ôò?Ôò?Ôò?Ôò?Ôò?Ôò?Ôò?Ôò?Ôò?Ôò?Ôò?Ôò?Ôò?Ôò?Ôò?Ôò?Ôò?Ôò?Ôò?Ôò?Ôò?Ôò?Ôò?Ôò?Ôò?Ôò?Ôò?Ôò?Ôò?
                                                                                                                       
                                                                 ^
  C:\Users\Tidec\Desktop\Tequila-v4-2026-rebuilt\src\main\java\frc\robot\commands\auto\AutoRoutines.java:10: error: 
unmappable character (0x90) for encoding windows-1252
  // Ôò?Ôò?Ôò?Ôò?Ôò?Ôò?Ôò?Ôò?Ôò?Ôò?Ôò?Ôò?Ôò?Ôò?Ôò?Ôò?Ôò?Ôò?Ôò?Ôò?Ôò?Ôò?Ôò?Ôò?Ôò?Ôò?Ôò?Ôò?Ôò?Ôò?Ôò?Ôò?Ôò?Ôò?Ôò?Ôò?Ôò?Ôò?
Ôò?Ôò?Ôò?Ôò?Ôò?Ôò?Ôò?Ôò?Ôò?Ôò?Ôò?Ôò?Ôò?Ôò?Ôò?Ôò?Ôò?Ôò?Ôò?Ôò?Ôò?Ôò?Ôò?Ôò?Ôò?Ôò?Ôò?Ôò?Ôò?Ôò?Ôò?Ôò?Ôò?Ôò?Ôò?Ôò?Ôò?
                                                                                                                       
                                                                    ^
  C:\Users\Tidec\Desktop\Tequila-v4-2026-rebuilt\src\main\java\frc\robot\commands\auto\AutoRoutines.java:10: error: 
unmappable character (0x90) for encoding windows-1252
  // Ôò?Ôò?Ôò?Ôò?Ôò?Ôò?Ôò?Ôò?Ôò?Ôò?Ôò?Ôò?Ôò?Ôò?Ôò?Ôò?Ôò?Ôò?Ôò?Ôò?Ôò?Ôò?Ôò?Ôò?Ôò?Ôò?Ôò?Ôò?Ôò?Ôò?Ôò?Ôò?Ôò?Ôò?Ôò?Ôò?Ôò?Ôò?
Ôò?Ôò?Ôò?Ôò?Ôò?Ôò?Ôò?Ôò?Ôò?Ôò?Ôò?Ôò?Ôò?Ôò?Ôò?Ôò?Ôò?Ôò?Ôò?Ôò?Ôò?Ôò?Ôò?Ôò?Ôò?Ôò?Ôò?Ôò?Ôò?Ôò?Ôò?Ôò?Ôò?Ôò?Ôò?Ôò?Ôò?
                                                                                                                       
                                                                       ^
  C:\Users\Tidec\Desktop\Tequila-v4-2026-rebuilt\src\main\java\frc\robot\commands\auto\AutoRoutines.java:10: error: 
unmappable character (0x90) for encoding windows-1252
  // Ôò?Ôò?Ôò?Ôò?Ôò?Ôò?Ôò?Ôò?Ôò?Ôò?Ôò?Ôò?Ôò?Ôò?Ôò?Ôò?Ôò?Ôò?Ôò?Ôò?Ôò?Ôò?Ôò?Ôò?Ôò?Ôò?Ôò?Ôò?Ôò?Ôò?Ôò?Ôò?Ôò?Ôò?Ôò?Ôò?Ôò?Ôò?
Ôò?Ôò?Ôò?Ôò?Ôò?Ôò?Ôò?Ôò?Ôò?Ôò?Ôò?Ôò?Ôò?Ôò?Ôò?Ôò?Ôò?Ôò?Ôò?Ôò?Ôò?Ôò?Ôò?Ôò?Ôò?Ôò?Ôò?Ôò?Ôò?Ôò?Ôò?Ôò?Ôò?Ôò?Ôò?Ôò?Ôò?
                                                                                                                       
                                                                          ^
  C:\Users\Tidec\Desktop\Tequila-v4-2026-rebuilt\src\main\java\frc\robot\commands\auto\AutoRoutines.java:10: error: 
unmappable character (0x90) for encoding windows-1252
  // Ôò?Ôò?Ôò?Ôò?Ôò?Ôò?Ôò?Ôò?Ôò?Ôò?Ôò?Ôò?Ôò?Ôò?Ôò?Ôò?Ôò?Ôò?Ôò?Ôò?Ôò?Ôò?Ôò?Ôò?Ôò?Ôò?Ôò?Ôò?Ôò?Ôò?Ôò?Ôò?Ôò?Ôò?Ôò?Ôò?Ôò?Ôò?
Ôò?Ôò?Ôò?Ôò?Ôò?Ôò?Ôò?Ôò?Ôò?Ôò?Ôò?Ôò?Ôò?Ôò?Ôò?Ôò?Ôò?Ôò?Ôò?Ôò?Ôò?Ôò?Ôò?Ôò?Ôò?Ôò?Ôò?Ôò?Ôò?Ôò?Ôò?Ôò?Ôò?Ôò?Ôò?Ôò?Ôò?
                                                                                                                       
                                                                             ^
  C:\Users\Tidec\Desktop\Tequila-v4-2026-rebuilt\src\main\java\frc\robot\commands\auto\AutoRoutines.java:10: error: 
unmappable character (0x90) for encoding windows-1252
  // Ôò?Ôò?Ôò?Ôò?Ôò?Ôò?Ôò?Ôò?Ôò?Ôò?Ôò?Ôò?Ôò?Ôò?Ôò?Ôò?Ôò?Ôò?Ôò?Ôò?Ôò?Ôò?Ôò?Ôò?Ôò?Ôò?Ôò?Ôò?Ôò?Ôò?Ôò?Ôò?Ôò?Ôò?Ôò?Ôò?Ôò?Ôò?
Ôò?Ôò?Ôò?Ôò?Ôò?Ôò?Ôò?Ôò?Ôò?Ôò?Ôò?Ôò?Ôò?Ôò?Ôò?Ôò?Ôò?Ôò?Ôò?Ôò?Ôò?Ôò?Ôò?Ôò?Ôò?Ôò?Ôò?Ôò?Ôò?Ôò?Ôò?Ôò?Ôò?Ôò?Ôò?Ôò?Ôò?
                                                                                                                       
                                                                                ^
  C:\Users\Tidec\Desktop\Tequila-v4-2026-rebuilt\src\main\java\frc\robot\commands\auto\AutoRoutines.java:10: error: 
unmappable character (0x90) for encoding windows-1252
  // Ôò?Ôò?Ôò?Ôò?Ôò?Ôò?Ôò?Ôò?Ôò?Ôò?Ôò?Ôò?Ôò?Ôò?Ôò?Ôò?Ôò?Ôò?Ôò?Ôò?Ôò?Ôò?Ôò?Ôò?Ôò?Ôò?Ôò?Ôò?Ôò?Ôò?Ôò?Ôò?Ôò?Ôò?Ôò?Ôò?Ôò?Ôò?
Ôò?Ôò?Ôò?Ôò?Ôò?Ôò?Ôò?Ôò?Ôò?Ôò?Ôò?Ôò?Ôò?Ôò?Ôò?Ôò?Ôò?Ôò?Ôò?Ôò?Ôò?Ôò?Ôò?Ôò?Ôò?Ôò?Ôò?Ôò?Ôò?Ôò?Ôò?Ôò?Ôò?Ôò?Ôò?Ôò?Ôò?
                                                                                                                       
                                                                                   ^
  C:\Users\Tidec\Desktop\Tequila-v4-2026-rebuilt\src\main\java\frc\robot\commands\auto\AutoRoutines.java:10: error: 
unmappable character (0x90) for encoding windows-1252
  // Ôò?Ôò?Ôò?Ôò?Ôò?Ôò?Ôò?Ôò?Ôò?Ôò?Ôò?Ôò?Ôò?Ôò?Ôò?Ôò?Ôò?Ôò?Ôò?Ôò?Ôò?Ôò?Ôò?Ôò?Ôò?Ôò?Ôò?Ôò?Ôò?Ôò?Ôò?Ôò?Ôò?Ôò?Ôò?Ôò?Ôò?Ôò?
Ôò?Ôò?Ôò?Ôò?Ôò?Ôò?Ôò?Ôò?Ôò?Ôò?Ôò?Ôò?Ôò?Ôò?Ôò?Ôò?Ôò?Ôò?Ôò?Ôò?Ôò?Ôò?Ôò?Ôò?Ôò?Ôò?Ôò?Ôò?Ôò?Ôò?Ôò?Ôò?Ôò?Ôò?Ôò?Ôò?Ôò?
                                                                                                                       
                                                                                      ^
  C:\Users\Tidec\Desktop\Tequila-v4-2026-rebuilt\src\main\java\frc\robot\commands\auto\AutoRoutines.java:10: error: 
unmappable character (0x90) for encoding windows-1252
  // Ôò?Ôò?Ôò?Ôò?Ôò?Ôò?Ôò?Ôò?Ôò?Ôò?Ôò?Ôò?Ôò?Ôò?Ôò?Ôò?Ôò?Ôò?Ôò?Ôò?Ôò?Ôò?Ôò?Ôò?Ôò?Ôò?Ôò?Ôò?Ôò?Ôò?Ôò?Ôò?Ôò?Ôò?Ôò?Ôò?Ôò?Ôò?
Ôò?Ôò?Ôò?Ôò?Ôò?Ôò?Ôò?Ôò?Ôò?Ôò?Ôò?Ôò?Ôò?Ôò?Ôò?Ôò?Ôò?Ôò?Ôò?Ôò?Ôò?Ôò?Ôò?Ôò?Ôò?Ôò?Ôò?Ôò?Ôò?Ôò?Ôò?Ôò?Ôò?Ôò?Ôò?Ôò?Ôò?
                                                                                                                       
                                                                                         ^
  C:\Users\Tidec\Desktop\Tequila-v4-2026-rebuilt\src\main\java\frc\robot\commands\auto\AutoRoutines.java:10: error: 
unmappable character (0x90) for encoding windows-1252
  // Ôò?Ôò?Ôò?Ôò?Ôò?Ôò?Ôò?Ôò?Ôò?Ôò?Ôò?Ôò?Ôò?Ôò?Ôò?Ôò?Ôò?Ôò?Ôò?Ôò?Ôò?Ôò?Ôò?Ôò?Ôò?Ôò?Ôò?Ôò?Ôò?Ôò?Ôò?Ôò?Ôò?Ôò?Ôò?Ôò?Ôò?Ôò?
Ôò?Ôò?Ôò?Ôò?Ôò?Ôò?Ôò?Ôò?Ôò?Ôò?Ôò?Ôò?Ôò?Ôò?Ôò?Ôò?Ôò?Ôò?Ôò?Ôò?Ôò?Ôò?Ôò?Ôò?Ôò?Ôò?Ôò?Ôò?Ôò?Ôò?Ôò?Ôò?Ôò?Ôò?Ôò?Ôò?Ôò?
                                                                                                                       
                                                                                            ^
  C:\Users\Tidec\Desktop\Tequila-v4-2026-rebuilt\src\main\java\frc\robot\commands\auto\AutoRoutines.java:10: error: 
unmappable character (0x90) for encoding windows-1252
  // Ôò?Ôò?Ôò?Ôò?Ôò?Ôò?Ôò?Ôò?Ôò?Ôò?Ôò?Ôò?Ôò?Ôò?Ôò?Ôò?Ôò?Ôò?Ôò?Ôò?Ôò?Ôò?Ôò?Ôò?Ôò?Ôò?Ôò?Ôò?Ôò?Ôò?Ôò?Ôò?Ôò?Ôò?Ôò?Ôò?Ôò?Ôò?
Ôò?Ôò?Ôò?Ôò?Ôò?Ôò?Ôò?Ôò?Ôò?Ôò?Ôò?Ôò?Ôò?Ôò?Ôò?Ôò?Ôò?Ôò?Ôò?Ôò?Ôò?Ôò?Ôò?Ôò?Ôò?Ôò?Ôò?Ôò?Ôò?Ôò?Ôò?Ôò?Ôò?Ôò?Ôò?Ôò?Ôò?
                                                                                                                       
                                                                                               ^
  C:\Users\Tidec\Desktop\Tequila-v4-2026-rebuilt\src\main\java\frc\robot\commands\auto\AutoRoutines.java:10: error: 
unmappable character (0x90) for encoding windows-1252
  // Ôò?Ôò?Ôò?Ôò?Ôò?Ôò?Ôò?Ôò?Ôò?Ôò?Ôò?Ôò?Ôò?Ôò?Ôò?Ôò?Ôò?Ôò?Ôò?Ôò?Ôò?Ôò?Ôò?Ôò?Ôò?Ôò?Ôò?Ôò?Ôò?Ôò?Ôò?Ôò?Ôò?Ôò?Ôò?Ôò?Ôò?Ôò?
Ôò?Ôò?Ôò?Ôò?Ôò?Ôò?Ôò?Ôò?Ôò?Ôò?Ôò?Ôò?Ôò?Ôò?Ôò?Ôò?Ôò?Ôò?Ôò?Ôò?Ôò?Ôò?Ôò?Ôò?Ôò?Ôò?Ôò?Ôò?Ôò?Ôò?Ôò?Ôò?Ôò?Ôò?Ôò?Ôò?Ôò?
                                                                                                                       
                                                                                                  ^
  C:\Users\Tidec\Desktop\Tequila-v4-2026-rebuilt\src\main\java\frc\robot\commands\auto\AutoRoutines.java:10: error: 
unmappable character (0x90) for encoding windows-1252
  // Ôò?Ôò?Ôò?Ôò?Ôò?Ôò?Ôò?Ôò?Ôò?Ôò?Ôò?Ôò?Ôò?Ôò?Ôò?Ôò?Ôò?Ôò?Ôò?Ôò?Ôò?Ôò?Ôò?Ôò?Ôò?Ôò?Ôò?Ôò?Ôò?Ôò?Ôò?Ôò?Ôò?Ôò?Ôò?Ôò?Ôò?Ôò?
Ôò?Ôò?Ôò?Ôò?Ôò?Ôò?Ôò?Ôò?Ôò?Ôò?Ôò?Ôò?Ôò?Ôò?Ôò?Ôò?Ôò?Ôò?Ôò?Ôò?Ôò?Ôò?Ôò?Ôò?Ôò?Ôò?Ôò?Ôò?Ôò?Ôò?Ôò?Ôò?Ôò?Ôò?Ôò?Ôò?Ôò?
                                                                                                                       
                                                                                                     ^
  C:\Users\Tidec\Desktop\Tequila-v4-2026-rebuilt\src\main\java\frc\robot\commands\auto\AutoRoutines.java:10: error: 
unmappable character (0x90) for encoding windows-1252
  // Ôò?Ôò?Ôò?Ôò?Ôò?Ôò?Ôò?Ôò?Ôò?Ôò?Ôò?Ôò?Ôò?Ôò?Ôò?Ôò?Ôò?Ôò?Ôò?Ôò?Ôò?Ôò?Ôò?Ôò?Ôò?Ôò?Ôò?Ôò?Ôò?Ôò?Ôò?Ôò?Ôò?Ôò?Ôò?Ôò?Ôò?Ôò?
Ôò?Ôò?Ôò?Ôò?Ôò?Ôò?Ôò?Ôò?Ôò?Ôò?Ôò?Ôò?Ôò?Ôò?Ôò?Ôò?Ôò?Ôò?Ôò?Ôò?Ôò?Ôò?Ôò?Ôò?Ôò?Ôò?Ôò?Ôò?Ôò?Ôò?Ôò?Ôò?Ôò?Ôò?Ôò?Ôò?Ôò?
                                                                                                                       
                                                                                                        ^
  C:\Users\Tidec\Desktop\Tequila-v4-2026-rebuilt\src\main\java\frc\robot\commands\auto\AutoRoutines.java:10: error: 
unmappable character (0x90) for encoding windows-1252
  // Ôò?Ôò?Ôò?Ôò?Ôò?Ôò?Ôò?Ôò?Ôò?Ôò?Ôò?Ôò?Ôò?Ôò?Ôò?Ôò?Ôò?Ôò?Ôò?Ôò?Ôò?Ôò?Ôò?Ôò?Ôò?Ôò?Ôò?Ôò?Ôò?Ôò?Ôò?Ôò?Ôò?Ôò?Ôò?Ôò?Ôò?Ôò?
Ôò?Ôò?Ôò?Ôò?Ôò?Ôò?Ôò?Ôò?Ôò?Ôò?Ôò?Ôò?Ôò?Ôò?Ôò?Ôò?Ôò?Ôò?Ôò?Ôò?Ôò?Ôò?Ôò?Ôò?Ôò?Ôò?Ôò?Ôò?Ôò?Ôò?Ôò?Ôò?Ôò?Ôò?Ôò?Ôò?Ôò?
                                                                                                                       
                                                                                                           ^
  C:\Users\Tidec\Desktop\Tequila-v4-2026-rebuilt\src\main\java\frc\robot\commands\auto\AutoRoutines.java:10: error: 
unmappable character (0x90) for encoding windows-1252
  // Ôò?Ôò?Ôò?Ôò?Ôò?Ôò?Ôò?Ôò?Ôò?Ôò?Ôò?Ôò?Ôò?Ôò?Ôò?Ôò?Ôò?Ôò?Ôò?Ôò?Ôò?Ôò?Ôò?Ôò?Ôò?Ôò?Ôò?Ôò?Ôò?Ôò?Ôò?Ôò?Ôò?Ôò?Ôò?Ôò?Ôò?Ôò?
Ôò?Ôò?Ôò?Ôò?Ôò?Ôò?Ôò?Ôò?Ôò?Ôò?Ôò?Ôò?Ôò?Ôò?Ôò?Ôò?Ôò?Ôò?Ôò?Ôò?Ôò?Ôò?Ôò?Ôò?Ôò?Ôò?Ôò?Ôò?Ôò?Ôò?Ôò?Ôò?Ôò?Ôò?Ôò?Ôò?Ôò?
                                                                                                                       
                                                                                                              ^
  C:\Users\Tidec\Desktop\Tequila-v4-2026-rebuilt\src\main\java\frc\robot\commands\auto\AutoRoutines.java:31: error: 
unmappable character (0x90) for encoding windows-1252
  // Ôò?Ôò?Ôò?Ôò?Ôò?Ôò?Ôò?Ôò?Ôò?Ôò?Ôò?Ôò?Ôò?Ôò?Ôò?Ôò?Ôò?Ôò?Ôò?Ôò?Ôò?Ôò?Ôò?Ôò?Ôò?Ôò?Ôò?Ôò?Ôò?Ôò?Ôò?Ôò?Ôò?Ôò?Ôò?Ôò?Ôò?Ôò?
Ôò?Ôò?Ôò?Ôò?Ôò?Ôò?Ôò?Ôò?Ôò?Ôò?Ôò?Ôò?Ôò?Ôò?Ôò?Ôò?Ôò?Ôò?Ôò?Ôò?Ôò?Ôò?Ôò?Ôò?Ôò?Ôò?Ôò?Ôò?Ôò?Ôò?Ôò?Ôò?Ôò?Ôò?Ôò?Ôò?Ôò?
       ^
  C:\Users\Tidec\Desktop\Tequila-v4-2026-rebuilt\src\main\java\frc\robot\commands\auto\AutoRoutines.java:31: error: 
unmappable character (0x90) for encoding windows-1252
  // Ôò?Ôò?Ôò?Ôò?Ôò?Ôò?Ôò?Ôò?Ôò?Ôò?Ôò?Ôò?Ôò?Ôò?Ôò?Ôò?Ôò?Ôò?Ôò?Ôò?Ôò?Ôò?Ôò?Ôò?Ôò?Ôò?Ôò?Ôò?Ôò?Ôò?Ôò?Ôò?Ôò?Ôò?Ôò?Ôò?Ôò?Ôò?
Ôò?Ôò?Ôò?Ôò?Ôò?Ôò?Ôò?Ôò?Ôò?Ôò?Ôò?Ôò?Ôò?Ôò?Ôò?Ôò?Ôò?Ôò?Ôò?Ôò?Ôò?Ôò?Ôò?Ôò?Ôò?Ôò?Ôò?Ôò?Ôò?Ôò?Ôò?Ôò?Ôò?Ôò?Ôò?Ôò?Ôò?
          ^
  C:\Users\Tidec\Desktop\Tequila-v4-2026-rebuilt\src\main\java\frc\robot\commands\auto\AutoRoutines.java:31: error: 
unmappable character (0x90) for encoding windows-1252
  // Ôò?Ôò?Ôò?Ôò?Ôò?Ôò?Ôò?Ôò?Ôò?Ôò?Ôò?Ôò?Ôò?Ôò?Ôò?Ôò?Ôò?Ôò?Ôò?Ôò?Ôò?Ôò?Ôò?Ôò?Ôò?Ôò?Ôò?Ôò?Ôò?Ôò?Ôò?Ôò?Ôò?Ôò?Ôò?Ôò?Ôò?Ôò?
Ôò?Ôò?Ôò?Ôò?Ôò?Ôò?Ôò?Ôò?Ôò?Ôò?Ôò?Ôò?Ôò?Ôò?Ôò?Ôò?Ôò?Ôò?Ôò?Ôò?Ôò?Ôò?Ôò?Ôò?Ôò?Ôò?Ôò?Ôò?Ôò?Ôò?Ôò?Ôò?Ôò?Ôò?Ôò?Ôò?Ôò?
             ^
  C:\Users\Tidec\Desktop\Tequila-v4-2026-rebuilt\src\main\java\frc\robot\commands\auto\AutoRoutines.java:31: error: 
unmappable character (0x90) for encoding windows-1252
  // Ôò?Ôò?Ôò?Ôò?Ôò?Ôò?Ôò?Ôò?Ôò?Ôò?Ôò?Ôò?Ôò?Ôò?Ôò?Ôò?Ôò?Ôò?Ôò?Ôò?Ôò?Ôò?Ôò?Ôò?Ôò?Ôò?Ôò?Ôò?Ôò?Ôò?Ôò?Ôò?Ôò?Ôò?Ôò?Ôò?Ôò?Ôò?
Ôò?Ôò?Ôò?Ôò?Ôò?Ôò?Ôò?Ôò?Ôò?Ôò?Ôò?Ôò?Ôò?Ôò?Ôò?Ôò?Ôò?Ôò?Ôò?Ôò?Ôò?Ôò?Ôò?Ôò?Ôò?Ôò?Ôò?Ôò?Ôò?Ôò?Ôò?Ôò?Ôò?Ôò?Ôò?Ôò?Ôò?
                ^
  C:\Users\Tidec\Desktop\Tequila-v4-2026-rebuilt\src\main\java\frc\robot\commands\auto\AutoRoutines.java:31: error: 
unmappable character (0x90) for encoding windows-1252
  // Ôò?Ôò?Ôò?Ôò?Ôò?Ôò?Ôò?Ôò?Ôò?Ôò?Ôò?Ôò?Ôò?Ôò?Ôò?Ôò?Ôò?Ôò?Ôò?Ôò?Ôò?Ôò?Ôò?Ôò?Ôò?Ôò?Ôò?Ôò?Ôò?Ôò?Ôò?Ôò?Ôò?Ôò?Ôò?Ôò?Ôò?Ôò?
Ôò?Ôò?Ôò?Ôò?Ôò?Ôò?Ôò?Ôò?Ôò?Ôò?Ôò?Ôò?Ôò?Ôò?Ôò?Ôò?Ôò?Ôò?Ôò?Ôò?Ôò?Ôò?Ôò?Ôò?Ôò?Ôò?Ôò?Ôò?Ôò?Ôò?Ôò?Ôò?Ôò?Ôò?Ôò?Ôò?Ôò?
                   ^
  C:\Users\Tidec\Desktop\Tequila-v4-2026-rebuilt\src\main\java\frc\robot\commands\auto\AutoRoutines.java:31: error: 
unmappable character (0x90) for encoding windows-1252
  // Ôò?Ôò?Ôò?Ôò?Ôò?Ôò?Ôò?Ôò?Ôò?Ôò?Ôò?Ôò?Ôò?Ôò?Ôò?Ôò?Ôò?Ôò?Ôò?Ôò?Ôò?Ôò?Ôò?Ôò?Ôò?Ôò?Ôò?Ôò?Ôò?Ôò?Ôò?Ôò?Ôò?Ôò?Ôò?Ôò?Ôò?Ôò?
Ôò?Ôò?Ôò?Ôò?Ôò?Ôò?Ôò?Ôò?Ôò?Ôò?Ôò?Ôò?Ôò?Ôò?Ôò?Ôò?Ôò?Ôò?Ôò?Ôò?Ôò?Ôò?Ôò?Ôò?Ôò?Ôò?Ôò?Ôò?Ôò?Ôò?Ôò?Ôò?Ôò?Ôò?Ôò?Ôò?Ôò?
                      ^
  C:\Users\Tidec\Desktop\Tequila-v4-2026-rebuilt\src\main\java\frc\robot\commands\auto\AutoRoutines.java:31: error: 
unmappable character (0x90) for encoding windows-1252
  // Ôò?Ôò?Ôò?Ôò?Ôò?Ôò?Ôò?Ôò?Ôò?Ôò?Ôò?Ôò?Ôò?Ôò?Ôò?Ôò?Ôò?Ôò?Ôò?Ôò?Ôò?Ôò?Ôò?Ôò?Ôò?Ôò?Ôò?Ôò?Ôò?Ôò?Ôò?Ôò?Ôò?Ôò?Ôò?Ôò?Ôò?Ôò?
Ôò?Ôò?Ôò?Ôò?Ôò?Ôò?Ôò?Ôò?Ôò?Ôò?Ôò?Ôò?Ôò?Ôò?Ôò?Ôò?Ôò?Ôò?Ôò?Ôò?Ôò?Ôò?Ôò?Ôò?Ôò?Ôò?Ôò?Ôò?Ôò?Ôò?Ôò?Ôò?Ôò?Ôò?Ôò?Ôò?Ôò?
                         ^
  C:\Users\Tidec\Desktop\Tequila-v4-2026-rebuilt\src\main\java\frc\robot\commands\auto\AutoRoutines.java:31: error: 
unmappable character (0x90) for encoding windows-1252
  // Ôò?Ôò?Ôò?Ôò?Ôò?Ôò?Ôò?Ôò?Ôò?Ôò?Ôò?Ôò?Ôò?Ôò?Ôò?Ôò?Ôò?Ôò?Ôò?Ôò?Ôò?Ôò?Ôò?Ôò?Ôò?Ôò?Ôò?Ôò?Ôò?Ôò?Ôò?Ôò?Ôò?Ôò?Ôò?Ôò?Ôò?Ôò?
Ôò?Ôò?Ôò?Ôò?Ôò?Ôò?Ôò?Ôò?Ôò?Ôò?Ôò?Ôò?Ôò?Ôò?Ôò?Ôò?Ôò?Ôò?Ôò?Ôò?Ôò?Ôò?Ôò?Ôò?Ôò?Ôò?Ôò?Ôò?Ôò?Ôò?Ôò?Ôò?Ôò?Ôò?Ôò?Ôò?Ôò?
                            ^
  C:\Users\Tidec\Desktop\Tequila-v4-2026-rebuilt\src\main\java\frc\robot\commands\auto\AutoRoutines.java:31: error: 
unmappable character (0x90) for encoding windows-1252
  // Ôò?Ôò?Ôò?Ôò?Ôò?Ôò?Ôò?Ôò?Ôò?Ôò?Ôò?Ôò?Ôò?Ôò?Ôò?Ôò?Ôò?Ôò?Ôò?Ôò?Ôò?Ôò?Ôò?Ôò?Ôò?Ôò?Ôò?Ôò?Ôò?Ôò?Ôò?Ôò?Ôò?Ôò?Ôò?Ôò?Ôò?Ôò?
Ôò?Ôò?Ôò?Ôò?Ôò?Ôò?Ôò?Ôò?Ôò?Ôò?Ôò?Ôò?Ôò?Ôò?Ôò?Ôò?Ôò?Ôò?Ôò?Ôò?Ôò?Ôò?Ôò?Ôò?Ôò?Ôò?Ôò?Ôò?Ôò?Ôò?Ôò?Ôò?Ôò?Ôò?Ôò?Ôò?Ôò?
                               ^
  C:\Users\Tidec\Desktop\Tequila-v4-2026-rebuilt\src\main\java\frc\robot\commands\auto\AutoRoutines.java:31: error: 
unmappable character (0x90) for encoding windows-1252
  // Ôò?Ôò?Ôò?Ôò?Ôò?Ôò?Ôò?Ôò?Ôò?Ôò?Ôò?Ôò?Ôò?Ôò?Ôò?Ôò?Ôò?Ôò?Ôò?Ôò?Ôò?Ôò?Ôò?Ôò?Ôò?Ôò?Ôò?Ôò?Ôò?Ôò?Ôò?Ôò?Ôò?Ôò?Ôò?Ôò?Ôò?Ôò?
Ôò?Ôò?Ôò?Ôò?Ôò?Ôò?Ôò?Ôò?Ôò?Ôò?Ôò?Ôò?Ôò?Ôò?Ôò?Ôò?Ôò?Ôò?Ôò?Ôò?Ôò?Ôò?Ôò?Ôò?Ôò?Ôò?Ôò?Ôò?Ôò?Ôò?Ôò?Ôò?Ôò?Ôò?Ôò?Ôò?Ôò?
                                  ^
  C:\Users\Tidec\Desktop\Tequila-v4-2026-rebuilt\src\main\java\frc\robot\commands\auto\AutoRoutines.java:31: error: 
unmappable character (0x90) for encoding windows-1252
  // Ôò?Ôò?Ôò?Ôò?Ôò?Ôò?Ôò?Ôò?Ôò?Ôò?Ôò?Ôò?Ôò?Ôò?Ôò?Ôò?Ôò?Ôò?Ôò?Ôò?Ôò?Ôò?Ôò?Ôò?Ôò?Ôò?Ôò?Ôò?Ôò?Ôò?Ôò?Ôò?Ôò?Ôò?Ôò?Ôò?Ôò?Ôò?
Ôò?Ôò?Ôò?Ôò?Ôò?Ôò?Ôò?Ôò?Ôò?Ôò?Ôò?Ôò?Ôò?Ôò?Ôò?Ôò?Ôò?Ôò?Ôò?Ôò?Ôò?Ôò?Ôò?Ôò?Ôò?Ôò?Ôò?Ôò?Ôò?Ôò?Ôò?Ôò?Ôò?Ôò?Ôò?Ôò?Ôò?
                                     ^
  C:\Users\Tidec\Desktop\Tequila-v4-2026-rebuilt\src\main\java\frc\robot\commands\auto\AutoRoutines.java:31: error: 
unmappable character (0x90) for encoding windows-1252
  // Ôò?Ôò?Ôò?Ôò?Ôò?Ôò?Ôò?Ôò?Ôò?Ôò?Ôò?Ôò?Ôò?Ôò?Ôò?Ôò?Ôò?Ôò?Ôò?Ôò?Ôò?Ôò?Ôò?Ôò?Ôò?Ôò?Ôò?Ôò?Ôò?Ôò?Ôò?Ôò?Ôò?Ôò?Ôò?Ôò?Ôò?Ôò?
Ôò?Ôò?Ôò?Ôò?Ôò?Ôò?Ôò?Ôò?Ôò?Ôò?Ôò?Ôò?Ôò?Ôò?Ôò?Ôò?Ôò?Ôò?Ôò?Ôò?Ôò?Ôò?Ôò?Ôò?Ôò?Ôò?Ôò?Ôò?Ôò?Ôò?Ôò?Ôò?Ôò?Ôò?Ôò?Ôò?Ôò?
                                        ^
  C:\Users\Tidec\Desktop\Tequila-v4-2026-rebuilt\src\main\java\frc\robot\commands\auto\AutoRoutines.java:31: error: 
unmappable character (0x90) for encoding windows-1252
  // Ôò?Ôò?Ôò?Ôò?Ôò?Ôò?Ôò?Ôò?Ôò?Ôò?Ôò?Ôò?Ôò?Ôò?Ôò?Ôò?Ôò?Ôò?Ôò?Ôò?Ôò?Ôò?Ôò?Ôò?Ôò?Ôò?Ôò?Ôò?Ôò?Ôò?Ôò?Ôò?Ôò?Ôò?Ôò?Ôò?Ôò?Ôò?
Ôò?Ôò?Ôò?Ôò?Ôò?Ôò?Ôò?Ôò?Ôò?Ôò?Ôò?Ôò?Ôò?Ôò?Ôò?Ôò?Ôò?Ôò?Ôò?Ôò?Ôò?Ôò?Ôò?Ôò?Ôò?Ôò?Ôò?Ôò?Ôò?Ôò?Ôò?Ôò?Ôò?Ôò?Ôò?Ôò?Ôò?
                                           ^
  C:\Users\Tidec\Desktop\Tequila-v4-2026-rebuilt\src\main\java\frc\robot\commands\auto\AutoRoutines.java:31: error: 
unmappable character (0x90) for encoding windows-1252
  // Ôò?Ôò?Ôò?Ôò?Ôò?Ôò?Ôò?Ôò?Ôò?Ôò?Ôò?Ôò?Ôò?Ôò?Ôò?Ôò?Ôò?Ôò?Ôò?Ôò?Ôò?Ôò?Ôò?Ôò?Ôò?Ôò?Ôò?Ôò?Ôò?Ôò?Ôò?Ôò?Ôò?Ôò?Ôò?Ôò?Ôò?Ôò?
Ôò?Ôò?Ôò?Ôò?Ôò?Ôò?Ôò?Ôò?Ôò?Ôò?Ôò?Ôò?Ôò?Ôò?Ôò?Ôò?Ôò?Ôò?Ôò?Ôò?Ôò?Ôò?Ôò?Ôò?Ôò?Ôò?Ôò?Ôò?Ôò?Ôò?Ôò?Ôò?Ôò?Ôò?Ôò?Ôò?Ôò?
                                              ^
  C:\Users\Tidec\Desktop\Tequila-v4-2026-rebuilt\src\main\java\frc\robot\commands\auto\AutoRoutines.java:31: error: 
unmappable character (0x90) for encoding windows-1252
  // Ôò?Ôò?Ôò?Ôò?Ôò?Ôò?Ôò?Ôò?Ôò?Ôò?Ôò?Ôò?Ôò?Ôò?Ôò?Ôò?Ôò?Ôò?Ôò?Ôò?Ôò?Ôò?Ôò?Ôò?Ôò?Ôò?Ôò?Ôò?Ôò?Ôò?Ôò?Ôò?Ôò?Ôò?Ôò?Ôò?Ôò?Ôò?
Ôò?Ôò?Ôò?Ôò?Ôò?Ôò?Ôò?Ôò?Ôò?Ôò?Ôò?Ôò?Ôò?Ôò?Ôò?Ôò?Ôò?Ôò?Ôò?Ôò?Ôò?Ôò?Ôò?Ôò?Ôò?Ôò?Ôò?Ôò?Ôò?Ôò?Ôò?Ôò?Ôò?Ôò?Ôò?Ôò?Ôò?
                                                 ^
  C:\Users\Tidec\Desktop\Tequila-v4-2026-rebuilt\src\main\java\frc\robot\commands\auto\AutoRoutines.java:31: error: 
unmappable character (0x90) for encoding windows-1252
  // Ôò?Ôò?Ôò?Ôò?Ôò?Ôò?Ôò?Ôò?Ôò?Ôò?Ôò?Ôò?Ôò?Ôò?Ôò?Ôò?Ôò?Ôò?Ôò?Ôò?Ôò?Ôò?Ôò?Ôò?Ôò?Ôò?Ôò?Ôò?Ôò?Ôò?Ôò?Ôò?Ôò?Ôò?Ôò?Ôò?Ôò?Ôò?
Ôò?Ôò?Ôò?Ôò?Ôò?Ôò?Ôò?Ôò?Ôò?Ôò?Ôò?Ôò?Ôò?Ôò?Ôò?Ôò?Ôò?Ôò?Ôò?Ôò?Ôò?Ôò?Ôò?Ôò?Ôò?Ôò?Ôò?Ôò?Ôò?Ôò?Ôò?Ôò?Ôò?Ôò?Ôò?Ôò?Ôò?
                                                    ^
  C:\Users\Tidec\Desktop\Tequila-v4-2026-rebuilt\src\main\java\frc\robot\commands\auto\AutoRoutines.java:31: error: 
unmappable character (0x90) for encoding windows-1252
  // Ôò?Ôò?Ôò?Ôò?Ôò?Ôò?Ôò?Ôò?Ôò?Ôò?Ôò?Ôò?Ôò?Ôò?Ôò?Ôò?Ôò?Ôò?Ôò?Ôò?Ôò?Ôò?Ôò?Ôò?Ôò?Ôò?Ôò?Ôò?Ôò?Ôò?Ôò?Ôò?Ôò?Ôò?Ôò?Ôò?Ôò?Ôò?
Ôò?Ôò?Ôò?Ôò?Ôò?Ôò?Ôò?Ôò?Ôò?Ôò?Ôò?Ôò?Ôò?Ôò?Ôò?Ôò?Ôò?Ôò?Ôò?Ôò?Ôò?Ôò?Ôò?Ôò?Ôò?Ôò?Ôò?Ôò?Ôò?Ôò?Ôò?Ôò?Ôò?Ôò?Ôò?Ôò?Ôò?
                                                       ^
  C:\Users\Tidec\Desktop\Tequila-v4-2026-rebuilt\src\main\java\frc\robot\commands\auto\AutoRoutines.java:31: error: 
unmappable character (0x90) for encoding windows-1252
  // Ôò?Ôò?Ôò?Ôò?Ôò?Ôò?Ôò?Ôò?Ôò?Ôò?Ôò?Ôò?Ôò?Ôò?Ôò?Ôò?Ôò?Ôò?Ôò?Ôò?Ôò?Ôò?Ôò?Ôò?Ôò?Ôò?Ôò?Ôò?Ôò?Ôò?Ôò?Ôò?Ôò?Ôò?Ôò?Ôò?Ôò?Ôò?
Ôò?Ôò?Ôò?Ôò?Ôò?Ôò?Ôò?Ôò?Ôò?Ôò?Ôò?Ôò?Ôò?Ôò?Ôò?Ôò?Ôò?Ôò?Ôò?Ôò?Ôò?Ôò?Ôò?Ôò?Ôò?Ôò?Ôò?Ôò?Ôò?Ôò?Ôò?Ôò?Ôò?Ôò?Ôò?Ôò?Ôò?
                                                          ^
  C:\Users\Tidec\Desktop\Tequila-v4-2026-rebuilt\src\main\java\frc\robot\commands\auto\AutoRoutines.java:31: error: 
unmappable character (0x90) for encoding windows-1252
  // Ôò?Ôò?Ôò?Ôò?Ôò?Ôò?Ôò?Ôò?Ôò?Ôò?Ôò?Ôò?Ôò?Ôò?Ôò?Ôò?Ôò?Ôò?Ôò?Ôò?Ôò?Ôò?Ôò?Ôò?Ôò?Ôò?Ôò?Ôò?Ôò?Ôò?Ôò?Ôò?Ôò?Ôò?Ôò?Ôò?Ôò?Ôò?
Ôò?Ôò?Ôò?Ôò?Ôò?Ôò?Ôò?Ôò?Ôò?Ôò?Ôò?Ôò?Ôò?Ôò?Ôò?Ôò?Ôò?Ôò?Ôò?Ôò?Ôò?Ôò?Ôò?Ôò?Ôò?Ôò?Ôò?Ôò?Ôò?Ôò?Ôò?Ôò?Ôò?Ôò?Ôò?Ôò?Ôò?
                                                             ^
  C:\Users\Tidec\Desktop\Tequila-v4-2026-rebuilt\src\main\java\frc\robot\commands\auto\AutoRoutines.java:31: error: 
unmappable character (0x90) for encoding windows-1252
  // Ôò?Ôò?Ôò?Ôò?Ôò?Ôò?Ôò?Ôò?Ôò?Ôò?Ôò?Ôò?Ôò?Ôò?Ôò?Ôò?Ôò?Ôò?Ôò?Ôò?Ôò?Ôò?Ôò?Ôò?Ôò?Ôò?Ôò?Ôò?Ôò?Ôò?Ôò?Ôò?Ôò?Ôò?Ôò?Ôò?Ôò?Ôò?
Ôò?Ôò?Ôò?Ôò?Ôò?Ôò?Ôò?Ôò?Ôò?Ôò?Ôò?Ôò?Ôò?Ôò?Ôò?Ôò?Ôò?Ôò?Ôò?Ôò?Ôò?Ôò?Ôò?Ôò?Ôò?Ôò?Ôò?Ôò?Ôò?Ôò?Ôò?Ôò?Ôò?Ôò?Ôò?Ôò?Ôò?
                                                                ^
  C:\Users\Tidec\Desktop\Tequila-v4-2026-rebuilt\src\main\java\frc\robot\commands\auto\AutoRoutines.java:31: error: 
unmappable character (0x90) for encoding windows-1252
  // Ôò?Ôò?Ôò?Ôò?Ôò?Ôò?Ôò?Ôò?Ôò?Ôò?Ôò?Ôò?Ôò?Ôò?Ôò?Ôò?Ôò?Ôò?Ôò?Ôò?Ôò?Ôò?Ôò?Ôò?Ôò?Ôò?Ôò?Ôò?Ôò?Ôò?Ôò?Ôò?Ôò?Ôò?Ôò?Ôò?Ôò?Ôò?
Ôò?Ôò?Ôò?Ôò?Ôò?Ôò?Ôò?Ôò?Ôò?Ôò?Ôò?Ôò?Ôò?Ôò?Ôò?Ôò?Ôò?Ôò?Ôò?Ôò?Ôò?Ôò?Ôò?Ôò?Ôò?Ôò?Ôò?Ôò?Ôò?Ôò?Ôò?Ôò?Ôò?Ôò?Ôò?Ôò?Ôò?
                                                                   ^
  C:\Users\Tidec\Desktop\Tequila-v4-2026-rebuilt\src\main\java\frc\robot\commands\auto\AutoRoutines.java:31: error: 
unmappable character (0x90) for encoding windows-1252
  // Ôò?Ôò?Ôò?Ôò?Ôò?Ôò?Ôò?Ôò?Ôò?Ôò?Ôò?Ôò?Ôò?Ôò?Ôò?Ôò?Ôò?Ôò?Ôò?Ôò?Ôò?Ôò?Ôò?Ôò?Ôò?Ôò?Ôò?Ôò?Ôò?Ôò?Ôò?Ôò?Ôò?Ôò?Ôò?Ôò?Ôò?Ôò?
Ôò?Ôò?Ôò?Ôò?Ôò?Ôò?Ôò?Ôò?Ôò?Ôò?Ôò?Ôò?Ôò?Ôò?Ôò?Ôò?Ôò?Ôò?Ôò?Ôò?Ôò?Ôò?Ôò?Ôò?Ôò?Ôò?Ôò?Ôò?Ôò?Ôò?Ôò?Ôò?Ôò?Ôò?Ôò?Ôò?Ôò?
                                                                      ^
  C:\Users\Tidec\Desktop\Tequila-v4-2026-rebuilt\src\main\java\frc\robot\commands\auto\AutoRoutines.java:31: error: 
unmappable character (0x90) for encoding windows-1252
  // Ôò?Ôò?Ôò?Ôò?Ôò?Ôò?Ôò?Ôò?Ôò?Ôò?Ôò?Ôò?Ôò?Ôò?Ôò?Ôò?Ôò?Ôò?Ôò?Ôò?Ôò?Ôò?Ôò?Ôò?Ôò?Ôò?Ôò?Ôò?Ôò?Ôò?Ôò?Ôò?Ôò?Ôò?Ôò?Ôò?Ôò?Ôò?
Ôò?Ôò?Ôò?Ôò?Ôò?Ôò?Ôò?Ôò?Ôò?Ôò?Ôò?Ôò?Ôò?Ôò?Ôò?Ôò?Ôò?Ôò?Ôò?Ôò?Ôò?Ôò?Ôò?Ôò?Ôò?Ôò?Ôò?Ôò?Ôò?Ôò?Ôò?Ôò?Ôò?Ôò?Ôò?Ôò?Ôò?
                                                                         ^
  C:\Users\Tidec\Desktop\Tequila-v4-2026-rebuilt\src\main\java\frc\robot\commands\auto\AutoRoutines.java:31: error: 
unmappable character (0x90) for encoding windows-1252
  // Ôò?Ôò?Ôò?Ôò?Ôò?Ôò?Ôò?Ôò?Ôò?Ôò?Ôò?Ôò?Ôò?Ôò?Ôò?Ôò?Ôò?Ôò?Ôò?Ôò?Ôò?Ôò?Ôò?Ôò?Ôò?Ôò?Ôò?Ôò?Ôò?Ôò?Ôò?Ôò?Ôò?Ôò?Ôò?Ôò?Ôò?Ôò?
Ôò?Ôò?Ôò?Ôò?Ôò?Ôò?Ôò?Ôò?Ôò?Ôò?Ôò?Ôò?Ôò?Ôò?Ôò?Ôò?Ôò?Ôò?Ôò?Ôò?Ôò?Ôò?Ôò?Ôò?Ôò?Ôò?Ôò?Ôò?Ôò?Ôò?Ôò?Ôò?Ôò?Ôò?Ôò?Ôò?Ôò?
                                                                            ^
  C:\Users\Tidec\Desktop\Tequila-v4-2026-rebuilt\src\main\java\frc\robot\commands\auto\AutoRoutines.java:31: error: 
unmappable character (0x90) for encoding windows-1252
  // Ôò?Ôò?Ôò?Ôò?Ôò?Ôò?Ôò?Ôò?Ôò?Ôò?Ôò?Ôò?Ôò?Ôò?Ôò?Ôò?Ôò?Ôò?Ôò?Ôò?Ôò?Ôò?Ôò?Ôò?Ôò?Ôò?Ôò?Ôò?Ôò?Ôò?Ôò?Ôò?Ôò?Ôò?Ôò?Ôò?Ôò?Ôò?
Ôò?Ôò?Ôò?Ôò?Ôò?Ôò?Ôò?Ôò?Ôò?Ôò?Ôò?Ôò?Ôò?Ôò?Ôò?Ôò?Ôò?Ôò?Ôò?Ôò?Ôò?Ôò?Ôò?Ôò?Ôò?Ôò?Ôò?Ôò?Ôò?Ôò?Ôò?Ôò?Ôò?Ôò?Ôò?Ôò?Ôò?
                                                                               ^
  101 errors

* Try:
> Check your code and dependencies to fix the compilation error(s)
> Run with --scan to get full insights.

BUILD FAILED in 1s
1 actionable task: 1 executed
